#
# There is insufficient memory for the Java Runtime Environment to continue.
# Native memory allocation (mmap) failed to map 52428800 bytes. Error detail: G1 virtual space
# Possible reasons:
#   The system is out of physical RAM or swap space
#   This process is running with CompressedOops enabled, and the Java Heap may be blocking the growth of the native heap
# Possible solutions:
#   Reduce memory load on the system
#   Increase physical memory or swap space
#   Check if swap backing store is full
#   Decrease Java heap size (-Xmx/-Xms)
#   Decrease number of Java threads
#   Decrease Java thread stack sizes (-Xss)
#   Set larger code cache with -XX:ReservedCodeCacheSize=
#   JVM is running with Unscaled Compressed Oops mode in which the Java heap is
#     placed in the first 4GB address space. The Java Heap base address is the
#     maximum limit for the native heap growth. Please use -XX:HeapBaseMinAddress
#     to set the Java Heap base and to place the Java Heap above 4GB virtual address.
# This output file may be truncated or incomplete.
#
#  Out of Memory Error (os_windows.cpp:3766), pid=23516, tid=2960
#
# JRE version: OpenJDK Runtime Environment (25.0.3) (build 25.0.3+-15898627-b508.16)
# Java VM: OpenJDK 64-Bit Server VM (25.0.3+-15898627-b508.16, mixed mode, tiered, compressed oops, compressed class ptrs, g1 gc, windows-amd64)
# No core dump will be written. Minidumps are not enabled by default on client versions of Windows
#

---------------  S U M M A R Y ------------

Command Line: --add-opens=java.base/java.lang=ALL-UNNAMED --add-opens=java.base/java.lang.invoke=ALL-UNNAMED --add-opens=java.base/java.util=ALL-UNNAMED --add-opens=java.prefs/java.util.prefs=ALL-UNNAMED --add-exports=jdk.compiler/com.sun.tools.javac.api=ALL-UNNAMED --add-exports=jdk.compiler/com.sun.tools.javac.util=ALL-UNNAMED --add-opens=java.base/java.nio.charset=ALL-UNNAMED --add-opens=java.base/java.net=ALL-UNNAMED --add-opens=java.base/java.util.concurrent=ALL-UNNAMED --add-opens=java.base/java.util.concurrent.atomic=ALL-UNNAMED --add-opens=java.xml/javax.xml.namespace=ALL-UNNAMED --add-opens=java.base/java.time=ALL-UNNAMED --enable-native-access=ALL-UNNAMED -Xmx2048m -Dfile.encoding=UTF-8 -Duser.country=BO -Duser.language=es -Duser.variant -javaagent:C:\Users\ABDUL\.gradle\wrapper\dists\gradle-9.6.0-bin\42k10rwplmzkhuboz9kdazi7s\gradle-9.6.0\lib\agents\gradle-instrumentation-agent-9.6.0.jar org.gradle.launcher.daemon.bootstrap.GradleDaemon 9.6.0

Host: 11th Gen Intel(R) Core(TM) i7-11800H @ 2.30GHz, 16 cores, 15G,  Windows 11 , 64 bit Build 26100 (10.0.26100.9168)
Time: Mon Oct  5 21:25:24 2026 Hora estándar de Venezuela elapsed time: 8.528975 seconds (0d 0h 0m 8s)

---------------  T H R E A D  ---------------

Current thread (0x00000175e10a04d0):  VMThread "VM Thread"          [id=2960, stack(0x0000000a74c00000,0x0000000a74d00000) (1024K)]

Stack: [0x0000000a74c00000,0x0000000a74d00000]
Native frames: (J=compiled Java code, j=interpreted, Vv=VM code, C=native code)
V  [jvm.dll+0x7bf039]  (no source info available)
V  [jvm.dll+0x78912d]  (no source info available)
V  [jvm.dll+0xa0e615]  (no source info available)
V  [jvm.dll+0xa10c94]  (no source info available)
V  [jvm.dll+0xa11393]  (no source info available)
V  [jvm.dll+0x30a116]  (no source info available)
V  [jvm.dll+0x7bb145]  (no source info available)
V  [jvm.dll+0x7adc17]  (no source info available)
V  [jvm.dll+0x3fea3b]  (no source info available)
V  [jvm.dll+0x406bf6]  (no source info available)
V  [jvm.dll+0x3f30a6]  (no source info available)
V  [jvm.dll+0x3f3388]  (no source info available)
V  [jvm.dll+0x3c8622]  (no source info available)
V  [jvm.dll+0x3c86ba]  (no source info available)
V  [jvm.dll+0x417e60]  (no source info available)
V  [jvm.dll+0x416781]  (no source info available)
V  [jvm.dll+0x3c7d57]  (no source info available)
V  [jvm.dll+0x415bbf]  (no source info available)
V  [jvm.dll+0xa1765a]  (no source info available)
V  [jvm.dll+0xa18961]  (no source info available)
V  [jvm.dll+0xa18ed8]  (no source info available)
V  [jvm.dll+0xa19163]  (no source info available)
V  [jvm.dll+0x9ad738]  (no source info available)
V  [jvm.dll+0x7bd585]  (no source info available)
C  [ucrtbase.dll+0x2cd30]  (no source info available)
C  [KERNEL32.DLL+0x2ccb7]  (no source info available)
C  [ntdll.dll+0xaad6c]  (no source info available)

VM_Operation (0x0000000a791faeb8): G1CollectForAllocation, mode: safepoint, requested by thread 0x00000175ec6b16c0


---------------  P R O C E S S  ---------------

Threads class SMR info:
_java_thread_list=0x00000175eaa12fa0, length=68, elements={
0x00000175cb775fd0, 0x00000175e80173e0, 0x00000175e80541d0, 0x00000175e801e260,
0x00000175e80358d0, 0x00000175e8036490, 0x00000175e8039060, 0x00000175e803a230,
0x00000175e8064fc0, 0x00000175e80762b0, 0x00000175e8458ab0, 0x00000175e8c679f0,
0x00000175eae12ab0, 0x00000175eaecef30, 0x00000175eaf883b0, 0x00000175eaf76b90,
0x00000175eaee51c0, 0x00000175e984d8a0, 0x00000175eaf07800, 0x00000175eaf087a0,
0x00000175eaf06860, 0x00000175eaf09f10, 0x00000175eaf0aeb0, 0x00000175eaf0c620,
0x00000175eaf0d5c0, 0x00000175eb06ef40, 0x00000175eb06e770, 0x00000175eb073590,
0x00000175eb0706b0, 0x00000175eb073d60, 0x00000175eb0725f0, 0x00000175eb070e80,
0x00000175eb075ca0, 0x00000175edc86b30, 0x00000175edc87ad0, 0x00000175edc882a0,
0x00000175edc89a10, 0x00000175edc87300, 0x00000175edc8b180, 0x00000175edc8c120,
0x00000175edc8d0c0, 0x00000175edc8d890, 0x00000175edf06350, 0x00000175edf04410,
0x00000175edf05b80, 0x00000175edf09230, 0x00000175edf0a1d0, 0x00000175edf0a9a0,
0x00000175edf0b940, 0x00000175ec6aff50, 0x00000175ec6b16c0, 0x00000175ec6af780,
0x00000175ec6b2660, 0x00000175edfc2750, 0x00000175edfc36f0, 0x00000175edfc3ec0,
0x00000175edfc17b0, 0x00000175edfc1f80, 0x00000175edfc65d0, 0x00000175edfc8510,
0x00000175edfc7d40, 0x00000175ee9c27e0, 0x00000175ee9c4720, 0x00000175ee9c3780,
0x00000175ee9c3f50, 0x00000175ee3b6c40, 0x00000175ea67a8a0, 0x00000175eed4e8d0
}

Java Threads: ( => current thread )
  0x00000175cb775fd0 JavaThread "main"                              [_thread_blocked, id=22880, stack(0x0000000a74500000,0x0000000a74600000) (1024K)]
  0x00000175e80173e0 JavaThread "Common-Cleaner"             daemon [_thread_blocked, id=496, stack(0x0000000a74d00000,0x0000000a74e00000) (1024K)]
  0x00000175e80541d0 JavaThread "Reference Handler"          daemon [_thread_blocked, id=6364, stack(0x0000000a74e00000,0x0000000a74f00000) (1024K)]
  0x00000175e801e260 JavaThread "Finalizer"                  daemon [_thread_blocked, id=12272, stack(0x0000000a74f00000,0x0000000a75000000) (1024K)]
  0x00000175e80358d0 JavaThread "Signal Dispatcher"          daemon [_thread_blocked, id=1524, stack(0x0000000a75000000,0x0000000a75100000) (1024K)]
  0x00000175e8036490 JavaThread "Attach Listener"            daemon [_thread_blocked, id=17904, stack(0x0000000a75100000,0x0000000a75200000) (1024K)]
  0x00000175e8039060 JavaThread "Service Thread"             daemon [_thread_blocked, id=13160, stack(0x0000000a75200000,0x0000000a75300000) (1024K)]
  0x00000175e803a230 JavaThread "Monitor Deflation Thread"   daemon [_thread_blocked, id=20516, stack(0x0000000a75300000,0x0000000a75400000) (1024K)]
  0x00000175e8064fc0 JavaThread "C2 CompilerThread0"         daemon [_thread_blocked, id=8404, stack(0x0000000a75400000,0x0000000a75500000) (1024K)]
  0x00000175e80762b0 JavaThread "C1 CompilerThread0"         daemon [_thread_blocked, id=15632, stack(0x0000000a75500000,0x0000000a75600000) (1024K)]
  0x00000175e8458ab0 JavaThread "Notification Thread"        daemon [_thread_blocked, id=20864, stack(0x0000000a75800000,0x0000000a75900000) (1024K)]
  0x00000175e8c679f0 JavaThread "C2 CompilerThread1"         daemon [_thread_blocked, id=20784, stack(0x0000000a75a00000,0x0000000a75b00000) (1024K)]
  0x00000175eae12ab0 JavaThread "Daemon health stats"               [_thread_blocked, id=11520, stack(0x0000000a75d00000,0x0000000a75e00000) (1024K)]
  0x00000175eaecef30 JavaThread "Incoming local TCP Connector on port 57932"        [_thread_in_native, id=9112, stack(0x0000000a76300000,0x0000000a76400000) (1024K)]
  0x00000175eaf883b0 JavaThread "Daemon periodic checks"            [_thread_blocked, id=17204, stack(0x0000000a76400000,0x0000000a76500000) (1024K)]
  0x00000175eaf76b90 JavaThread "Daemon"                            [_thread_blocked, id=19836, stack(0x0000000a76e00000,0x0000000a76f00000) (1024K)]
  0x00000175eaee51c0 JavaThread "Handler for socket connection from /127.0.0.1:57932 to /127.0.0.1:57933"        [_thread_in_native, id=8332, stack(0x0000000a76f00000,0x0000000a77000000) (1024K)]
  0x00000175e984d8a0 JavaThread "Cancel handler"                    [_thread_blocked, id=18328, stack(0x0000000a77000000,0x0000000a77100000) (1024K)]
  0x00000175eaf07800 JavaThread "Daemon worker"                     [_thread_blocked, id=20976, stack(0x0000000a77100000,0x0000000a77200000) (1024K)]
  0x00000175eaf087a0 JavaThread "Asynchronous log dispatcher for DefaultDaemonConnection: socket connection from /127.0.0.1:57932 to /127.0.0.1:57933"        [_thread_blocked, id=19640, stack(0x0000000a77200000,0x0000000a77300000) (1024K)]
  0x00000175eaf06860 JavaThread "Stdin handler"                     [_thread_blocked, id=3948, stack(0x0000000a77300000,0x0000000a77400000) (1024K)]
  0x00000175eaf09f10 JavaThread "Daemon client event forwarder"        [_thread_blocked, id=16488, stack(0x0000000a77400000,0x0000000a77500000) (1024K)]
  0x00000175eaf0aeb0 JavaThread "Cache worker for journal cache (C:\Users\ABDUL\.gradle\caches\journal-1)"        [_thread_blocked, id=18560, stack(0x0000000a77500000,0x0000000a77600000) (1024K)]
  0x00000175eaf0c620 JavaThread "File lock request listener"        [_thread_in_native, id=2456, stack(0x0000000a77600000,0x0000000a77700000) (1024K)]
  0x00000175eaf0d5c0 JavaThread "Cache worker for file hash cache (C:\Users\ABDUL\.gradle\caches\9.6.0\fileHashes)"        [_thread_blocked, id=19520, stack(0x0000000a77700000,0x0000000a77800000) (1024K)]
  0x00000175eb06ef40 JavaThread "Cache worker for file hash cache (C:\Users\ABDUL\Documents\apuntes\progra3\CYBER-QHATU\.gradle\9.6.0\fileHashes)"        [_thread_blocked, id=1740, stack(0x0000000a77800000,0x0000000a77900000) (1024K)]
  0x00000175eb06e770 JavaThread "Cache worker for Build Output Cleanup Cache (C:\Users\ABDUL\Documents\apuntes\progra3\CYBER-QHATU\.gradle\buildOutputCleanup)"        [_thread_blocked, id=1764, stack(0x0000000a77900000,0x0000000a77a00000) (1024K)]
  0x00000175eb073590 JavaThread "File watcher server"        daemon [_thread_in_native, id=8568, stack(0x0000000a77a00000,0x0000000a77b00000) (1024K)]
  0x00000175eb0706b0 JavaThread "File watcher consumer"      daemon [_thread_blocked, id=21268, stack(0x0000000a77b00000,0x0000000a77c00000) (1024K)]
  0x00000175eb073d60 JavaThread "jar transforms"                    [_thread_blocked, id=2636, stack(0x0000000a77c00000,0x0000000a77d00000) (1024K)]
  0x00000175eb0725f0 JavaThread "jar transforms Thread 2"           [_thread_blocked, id=2336, stack(0x0000000a77d00000,0x0000000a77e00000) (1024K)]
  0x00000175eb070e80 JavaThread "jar transforms Thread 3"           [_thread_blocked, id=9128, stack(0x0000000a77e00000,0x0000000a77f00000) (1024K)]
  0x00000175eb075ca0 JavaThread "jar transforms Thread 4"           [_thread_blocked, id=16716, stack(0x0000000a77f00000,0x0000000a78000000) (1024K)]
  0x00000175edc86b30 JavaThread "jar transforms Thread 5"           [_thread_blocked, id=23272, stack(0x0000000a78000000,0x0000000a78100000) (1024K)]
  0x00000175edc87ad0 JavaThread "jar transforms Thread 6"           [_thread_blocked, id=17824, stack(0x0000000a78100000,0x0000000a78200000) (1024K)]
  0x00000175edc882a0 JavaThread "jar transforms Thread 7"           [_thread_blocked, id=21580, stack(0x0000000a78200000,0x0000000a78300000) (1024K)]
  0x00000175edc89a10 JavaThread "jar transforms Thread 8"           [_thread_blocked, id=16168, stack(0x0000000a78300000,0x0000000a78400000) (1024K)]
  0x00000175edc87300 JavaThread "jar transforms Thread 9"           [_thread_blocked, id=16084, stack(0x0000000a78400000,0x0000000a78500000) (1024K)]
  0x00000175edc8b180 JavaThread "jar transforms Thread 10"          [_thread_blocked, id=18196, stack(0x0000000a78500000,0x0000000a78600000) (1024K)]
  0x00000175edc8c120 JavaThread "jar transforms Thread 11"          [_thread_blocked, id=13868, stack(0x0000000a78600000,0x0000000a78700000) (1024K)]
  0x00000175edc8d0c0 JavaThread "jar transforms Thread 12"          [_thread_blocked, id=15660, stack(0x0000000a78700000,0x0000000a78800000) (1024K)]
  0x00000175edc8d890 JavaThread "jar transforms Thread 13"          [_thread_blocked, id=18200, stack(0x0000000a78800000,0x0000000a78900000) (1024K)]
  0x00000175edf06350 JavaThread "jar transforms Thread 14"          [_thread_blocked, id=22176, stack(0x0000000a78900000,0x0000000a78a00000) (1024K)]
  0x00000175edf04410 JavaThread "jar transforms Thread 15"          [_thread_blocked, id=16404, stack(0x0000000a78a00000,0x0000000a78b00000) (1024K)]
  0x00000175edf05b80 JavaThread "jar transforms Thread 16"          [_thread_blocked, id=6444, stack(0x0000000a78b00000,0x0000000a78c00000) (1024K)]
  0x00000175edf09230 JavaThread "Cache worker for file content cache (C:\Users\ABDUL\.gradle\caches\9.6.0\fileContent)"        [_thread_blocked, id=23412, stack(0x0000000a78c00000,0x0000000a78d00000) (1024K)]
  0x00000175edf0a1d0 JavaThread "Cache worker for checksums cache (C:\Users\ABDUL\Documents\apuntes\progra3\CYBER-QHATU\.gradle\9.6.0\checksums)"        [_thread_blocked, id=10836, stack(0x0000000a78d00000,0x0000000a78e00000) (1024K)]
  0x00000175edf0a9a0 JavaThread "Cache worker for cache directory md-supplier (C:\Users\ABDUL\.gradle\caches\9.6.0\md-supplier)"        [_thread_blocked, id=14148, stack(0x0000000a78e00000,0x0000000a78f00000) (1024K)]
  0x00000175edf0b940 JavaThread "Cache worker for cache directory md-rule (C:\Users\ABDUL\.gradle\caches\9.6.0\md-rule)"        [_thread_blocked, id=1744, stack(0x0000000a78f00000,0x0000000a79000000) (1024K)]
  0x00000175ec6aff50 JavaThread "Build operations"                  [_thread_blocked, id=20460, stack(0x0000000a79000000,0x0000000a79100000) (1024K)]
  0x00000175ec6b16c0 JavaThread "Build operations Thread 2"         [_thread_blocked, id=10464, stack(0x0000000a79100000,0x0000000a79200000) (1024K)]
  0x00000175ec6af780 JavaThread "Build operations Thread 3"         [_thread_blocked, id=18352, stack(0x0000000a79200000,0x0000000a79300000) (1024K)]
  0x00000175ec6b2660 JavaThread "Build operations Thread 4"         [_thread_blocked, id=22220, stack(0x0000000a79300000,0x0000000a79400000) (1024K)]
  0x00000175edfc2750 JavaThread "Build operations Thread 5"         [_thread_blocked, id=11312, stack(0x0000000a79400000,0x0000000a79500000) (1024K)]
  0x00000175edfc36f0 JavaThread "Build operations Thread 6"         [_thread_blocked, id=14304, stack(0x0000000a79500000,0x0000000a79600000) (1024K)]
  0x00000175edfc3ec0 JavaThread "Build operations Thread 7"         [_thread_blocked, id=19336, stack(0x0000000a79600000,0x0000000a79700000) (1024K)]
  0x00000175edfc17b0 JavaThread "Build operations Thread 8"         [_thread_blocked, id=16828, stack(0x0000000a79700000,0x0000000a79800000) (1024K)]
  0x00000175edfc1f80 JavaThread "Build operations Thread 9"         [_thread_blocked, id=20972, stack(0x0000000a79800000,0x0000000a79900000) (1024K)]
  0x00000175edfc65d0 JavaThread "Build operations Thread 10"        [_thread_blocked, id=16232, stack(0x0000000a79900000,0x0000000a79a00000) (1024K)]
  0x00000175edfc8510 JavaThread "Build operations Thread 11"        [_thread_blocked, id=18040, stack(0x0000000a79a00000,0x0000000a79b00000) (1024K)]
  0x00000175edfc7d40 JavaThread "Build operations Thread 12"        [_thread_blocked, id=19236, stack(0x0000000a79b00000,0x0000000a79c00000) (1024K)]
  0x00000175ee9c27e0 JavaThread "Build operations Thread 13"        [_thread_blocked, id=22684, stack(0x0000000a79c00000,0x0000000a79d00000) (1024K)]
  0x00000175ee9c4720 JavaThread "Build operations Thread 14"        [_thread_blocked, id=15860, stack(0x0000000a79d00000,0x0000000a79e00000) (1024K)]
  0x00000175ee9c3780 JavaThread "Build operations Thread 15"        [_thread_blocked, id=21304, stack(0x0000000a79e00000,0x0000000a79f00000) (1024K)]
  0x00000175ee9c3f50 JavaThread "Build operations Thread 16"        [_thread_blocked, id=8860, stack(0x0000000a79f00000,0x0000000a7a000000) (1024K)]
  0x00000175ee3b6c40 JavaThread "C2 CompilerThread2"         daemon [_thread_blocked, id=7620, stack(0x0000000a75b00000,0x0000000a75c00000) (1024K)]
  0x00000175ea67a8a0 JavaThread "C2 CompilerThread3"         daemon [_thread_blocked, id=9068, stack(0x0000000a75c00000,0x0000000a75d00000) (1024K)]
  0x00000175eed4e8d0 JavaThread "C2 CompilerThread4"         daemon [_thread_blocked, id=9056, stack(0x0000000a7a000000,0x0000000a7a100000) (1024K)]
Total: 68

Other Threads:
=>0x00000175e10a04d0 VMThread "VM Thread"                           [id=2960, stack(0x0000000a74c00000,0x0000000a74d00000) (1024K)]
  0x00000175e10817a0 WatcherThread "VM Periodic Task Thread"        [id=19612, stack(0x0000000a74b00000,0x0000000a74c00000) (1024K)]
  0x00000175cb7d4480 WorkerThread "GC Thread#0"                     [id=6968, stack(0x0000000a74600000,0x0000000a74700000) (1024K)]
  0x00000175e8c527e0 WorkerThread "GC Thread#1"                     [id=23184, stack(0x0000000a75e00000,0x0000000a75f00000) (1024K)]
  0x00000175e8c534d0 WorkerThread "GC Thread#2"                     [id=16092, stack(0x0000000a75f00000,0x0000000a76000000) (1024K)]
  0x00000175e8c51f40 WorkerThread "GC Thread#3"                     [id=19928, stack(0x0000000a76000000,0x0000000a76100000) (1024K)]
  0x00000175e8c53d70 WorkerThread "GC Thread#4"                     [id=17568, stack(0x0000000a76100000,0x0000000a76200000) (1024K)]
  0x00000175e8c516a0 WorkerThread "GC Thread#5"                     [id=19588, stack(0x0000000a76200000,0x0000000a76300000) (1024K)]
  0x00000175e9967080 WorkerThread "GC Thread#6"                     [id=2872, stack(0x0000000a76500000,0x0000000a76600000) (1024K)]
  0x00000175e9967d70 WorkerThread "GC Thread#7"                     [id=19476, stack(0x0000000a76600000,0x0000000a76700000) (1024K)]
  0x00000175e9965f40 WorkerThread "GC Thread#8"                     [id=10764, stack(0x0000000a76700000,0x0000000a76800000) (1024K)]
  0x00000175e9968a60 WorkerThread "GC Thread#9"                     [id=23140, stack(0x0000000a76800000,0x0000000a76900000) (1024K)]
  0x00000175e99681c0 WorkerThread "GC Thread#10"                    [id=5600, stack(0x0000000a76900000,0x0000000a76a00000) (1024K)]
  0x00000175e9967920 WorkerThread "GC Thread#11"                    [id=16332, stack(0x0000000a76a00000,0x0000000a76b00000) (1024K)]
  0x00000175e9969750 WorkerThread "GC Thread#12"                    [id=19916, stack(0x0000000a76b00000,0x0000000a76c00000) (1024K)]
  0x00000175cb82c010 ConcurrentGCThread "G1 Main Marker"            [id=21080, stack(0x0000000a74700000,0x0000000a74800000) (1024K)]
  0x00000175cb82d350 WorkerThread "G1 Conc#0"                       [id=8816, stack(0x0000000a74800000,0x0000000a74900000) (1024K)]
  0x00000175e9966c30 WorkerThread "G1 Conc#1"                       [id=2180, stack(0x0000000a76c00000,0x0000000a76d00000) (1024K)]
  0x00000175e9968eb0 WorkerThread "G1 Conc#2"                       [id=5364, stack(0x0000000a76d00000,0x0000000a76e00000) (1024K)]
  0x00000175e0f514d0 ConcurrentGCThread "G1 Refine#0"               [id=12300, stack(0x0000000a74900000,0x0000000a74a00000) (1024K)]
  0x00000175e0f53ff0 ConcurrentGCThread "G1 Service"                [id=17400, stack(0x0000000a74a00000,0x0000000a74b00000) (1024K)]
Total: 21

Threads with active compile tasks:
C2 CompilerThread2  8591 9822  s    4       sun.nio.fs.WindowsDirectoryStream$WindowsDirectoryIterator::hasNext (35 bytes)
C2 CompilerThread4  8591 9835       4       com.esotericsoftware.kryo.io.Output::writeUtf8Length (405 bytes)
Total: 2

VM state: at safepoint (normal execution)

VM Mutex/Monitor currently owned by a thread:  ([mutex/lock_event])
[0x00007fffd1687928] Threads_lock - owner thread: 0x00000175e10a04d0
[0x00007fffd1687aa8] Heap_lock - owner thread: 0x00000175ec6b16c0

Heap address: 0x0000000080000000, size: 2048 MB, Compressed Oops mode: 32-bit

CDS archive(s) not mapped
Compressed class space mapped at: 0x0000000018000000-0x0000000058000000, reserved size: 1073741824
UseCompressedClassPointers 1, UseCompactObjectHeaders 0
Narrow klass pointer bits 32, Max shift 3
Narrow klass base: 0x0000000000000000, Narrow klass shift: 0
Encoding Range: [0x0000000000000000 - 0x0000000100000000), (4294967296 bytes)
Klass Range:    [0x0000000018000000 - 0x0000000058000000), (1073741824 bytes)
Klass ID Range:  [402653184 - 1476395001) (1073741817)
No protection zone.

GC Precious Log:
 CardTable entry size: 512
 Card Set container configuration: InlinePtr #cards 5 size 8 Array Of Cards #cards 10 size 36 Howl #buckets 4 coarsen threshold 1843 Howl Bitmap #cards 512 size 80 coarsen threshold 460 Card regions per heap region 1 cards per card region 2048
 CPUs: 16 total, 16 available
 Memory: 16085M
 Large Page Support: Disabled
 NUMA Support: Disabled
 Compressed Oops: Enabled (32-bit)
 Heap Region Size: 1M
 Heap Min Capacity: 8M
 Heap Initial Capacity: 252M
 Heap Max Capacity: 2G
 Pre-touch: Disabled
 Parallel Workers: 13
 Concurrent Workers: 3
 Concurrent Refinement Workers: 13
 Periodic GC: Disabled

Heap:
 garbage-first heap   total reserved 2097152K, committed 150528K, used 81455K [0x0000000080000000, 0x0000000100000000)
  region size 1024K, 1 young (1024K), 1 survivors (1024K)

Heap Regions: E=young(eden), S=young(survivor), O=old, HS=humongous(starts), HC=humongous(continues), CS=collection set, F=free, TAMS=top-at-mark-start, PB=parsable bottom
|   0|0x0000000080000000, 0x0000000080100000, 0x0000000080100000|100%|HS|  |TAMS 0x0000000080000000| PB 0x0000000080000000| Complete |  0
|   1|0x0000000080100000, 0x0000000080200000, 0x0000000080200000|100%|HC|  |TAMS 0x0000000080100000| PB 0x0000000080100000| Complete |  0
|   2|0x0000000080200000, 0x0000000080300000, 0x0000000080300000|100%|HC|  |TAMS 0x0000000080200000| PB 0x0000000080200000| Complete |  0
|   3|0x0000000080300000, 0x0000000080400000, 0x0000000080400000|100%|HC|  |TAMS 0x0000000080300000| PB 0x0000000080300000| Complete |  0
|   4|0x0000000080400000, 0x0000000080500000, 0x0000000080500000|100%| O|  |TAMS 0x0000000080400000| PB 0x0000000080400000| Untracked |  0
|   5|0x0000000080500000, 0x0000000080600000, 0x0000000080600000|100%| O|  |TAMS 0x0000000080500000| PB 0x0000000080500000| Untracked |  0
|   6|0x0000000080600000, 0x0000000080700000, 0x0000000080700000|100%|HS|  |TAMS 0x0000000080600000| PB 0x0000000080600000| Complete |  0
|   7|0x0000000080700000, 0x0000000080800000, 0x0000000080800000|100%| O|  |TAMS 0x0000000080700000| PB 0x0000000080700000| Untracked |  0
|   8|0x0000000080800000, 0x0000000080900000, 0x0000000080900000|100%| O|  |TAMS 0x0000000080800000| PB 0x0000000080800000| Untracked |  0
|   9|0x0000000080900000, 0x0000000080a00000, 0x0000000080a00000|100%| O|  |TAMS 0x0000000080900000| PB 0x0000000080900000| Untracked |  0
|  10|0x0000000080a00000, 0x0000000080b00000, 0x0000000080b00000|100%| O|  |TAMS 0x0000000080a00000| PB 0x0000000080a00000| Untracked |  0
|  11|0x0000000080b00000, 0x0000000080c00000, 0x0000000080c00000|100%| O|  |TAMS 0x0000000080b00000| PB 0x0000000080b00000| Untracked |  0
|  12|0x0000000080c00000, 0x0000000080d00000, 0x0000000080d00000|100%| O|  |TAMS 0x0000000080c00000| PB 0x0000000080c00000| Untracked |  0
|  13|0x0000000080d00000, 0x0000000080e00000, 0x0000000080e00000|100%| O|  |TAMS 0x0000000080d00000| PB 0x0000000080d00000| Untracked |  0
|  14|0x0000000080e00000, 0x0000000080f00000, 0x0000000080f00000|100%| O|  |TAMS 0x0000000080e00000| PB 0x0000000080e00000| Untracked |  0
|  15|0x0000000080f00000, 0x0000000081000000, 0x0000000081000000|100%| O|  |TAMS 0x0000000080f00000| PB 0x0000000080f00000| Untracked |  0
|  16|0x0000000081000000, 0x0000000081100000, 0x0000000081100000|100%| O|  |TAMS 0x0000000081000000| PB 0x0000000081000000| Untracked |  0
|  17|0x0000000081100000, 0x0000000081200000, 0x0000000081200000|100%|HS|  |TAMS 0x0000000081100000| PB 0x0000000081100000| Complete |  0
|  18|0x0000000081200000, 0x0000000081300000, 0x0000000081300000|100%|HC|  |TAMS 0x0000000081200000| PB 0x0000000081200000| Complete |  0
|  19|0x0000000081300000, 0x0000000081400000, 0x0000000081400000|100%|HC|  |TAMS 0x0000000081300000| PB 0x0000000081300000| Complete |  0
|  20|0x0000000081400000, 0x0000000081500000, 0x0000000081500000|100%|HC|  |TAMS 0x0000000081400000| PB 0x0000000081400000| Complete |  0
|  21|0x0000000081500000, 0x0000000081600000, 0x0000000081600000|100%|HC|  |TAMS 0x0000000081500000| PB 0x0000000081500000| Complete |  0
|  22|0x0000000081600000, 0x0000000081700000, 0x0000000081700000|100%|HC|  |TAMS 0x0000000081600000| PB 0x0000000081600000| Complete |  0
|  23|0x0000000081700000, 0x0000000081800000, 0x0000000081800000|100%|HS|  |TAMS 0x0000000081700000| PB 0x0000000081700000| Complete |  0
|  24|0x0000000081800000, 0x0000000081900000, 0x0000000081900000|100%|HS|  |TAMS 0x0000000081800000| PB 0x0000000081800000| Complete |  0
|  25|0x0000000081900000, 0x0000000081a00000, 0x0000000081a00000|100%|HS|  |TAMS 0x0000000081900000| PB 0x0000000081900000| Complete |  0
|  26|0x0000000081a00000, 0x0000000081b00000, 0x0000000081b00000|100%|HC|  |TAMS 0x0000000081a00000| PB 0x0000000081a00000| Complete |  0
|  27|0x0000000081b00000, 0x0000000081c00000, 0x0000000081c00000|100%|HC|  |TAMS 0x0000000081b00000| PB 0x0000000081b00000| Complete |  0
|  28|0x0000000081c00000, 0x0000000081d00000, 0x0000000081d00000|100%|HC|  |TAMS 0x0000000081c00000| PB 0x0000000081c00000| Complete |  0
|  29|0x0000000081d00000, 0x0000000081e00000, 0x0000000081e00000|100%|HC|  |TAMS 0x0000000081d00000| PB 0x0000000081d00000| Complete |  0
|  30|0x0000000081e00000, 0x0000000081f00000, 0x0000000081f00000|100%|HC|  |TAMS 0x0000000081e00000| PB 0x0000000081e00000| Complete |  0
|  31|0x0000000081f00000, 0x0000000082000000, 0x0000000082000000|100%|HS|  |TAMS 0x0000000081f00000| PB 0x0000000081f00000| Complete |  0
|  32|0x0000000082000000, 0x0000000082100000, 0x0000000082100000|100%|HS|  |TAMS 0x0000000082000000| PB 0x0000000082000000| Complete |  0
|  33|0x0000000082100000, 0x0000000082200000, 0x0000000082200000|100%| O|  |TAMS 0x0000000082100000| PB 0x0000000082100000| Untracked |  0
|  34|0x0000000082200000, 0x0000000082300000, 0x0000000082300000|100%| O|  |TAMS 0x0000000082200000| PB 0x0000000082200000| Untracked |  0
|  35|0x0000000082300000, 0x0000000082400000, 0x0000000082400000|100%| O|  |TAMS 0x0000000082300000| PB 0x0000000082300000| Untracked |  0
|  36|0x0000000082400000, 0x0000000082500000, 0x0000000082500000|100%| O|  |TAMS 0x0000000082400000| PB 0x0000000082400000| Untracked |  0
|  37|0x0000000082500000, 0x0000000082600000, 0x0000000082600000|100%| O|  |TAMS 0x0000000082500000| PB 0x0000000082500000| Untracked |  0
|  38|0x0000000082600000, 0x0000000082700000, 0x0000000082700000|100%| O|  |TAMS 0x0000000082600000| PB 0x0000000082600000| Untracked |  0
|  39|0x0000000082700000, 0x0000000082800000, 0x0000000082800000|100%| O|  |TAMS 0x0000000082700000| PB 0x0000000082700000| Untracked |  0
|  40|0x0000000082800000, 0x0000000082900000, 0x0000000082900000|100%| O|  |TAMS 0x0000000082800000| PB 0x0000000082800000| Untracked |  0
|  41|0x0000000082900000, 0x0000000082a00000, 0x0000000082a00000|100%| O|  |TAMS 0x0000000082900000| PB 0x0000000082900000| Untracked |  0
|  42|0x0000000082a00000, 0x0000000082b00000, 0x0000000082b00000|100%| O|  |TAMS 0x0000000082a00000| PB 0x0000000082a00000| Untracked |  0
|  43|0x0000000082b00000, 0x0000000082c00000, 0x0000000082c00000|100%| O|  |TAMS 0x0000000082b00000| PB 0x0000000082b00000| Untracked |  0
|  44|0x0000000082c00000, 0x0000000082d00000, 0x0000000082d00000|100%| O|  |TAMS 0x0000000082c00000| PB 0x0000000082c00000| Untracked |  0
|  45|0x0000000082d00000, 0x0000000082e00000, 0x0000000082e00000|100%| O|  |TAMS 0x0000000082d00000| PB 0x0000000082d00000| Untracked |  0
|  46|0x0000000082e00000, 0x0000000082f00000, 0x0000000082f00000|100%| O|  |TAMS 0x0000000082e00000| PB 0x0000000082e00000| Untracked |  0
|  47|0x0000000082f00000, 0x0000000083000000, 0x0000000083000000|100%| O|  |TAMS 0x0000000082f00000| PB 0x0000000082f00000| Untracked |  0
|  48|0x0000000083000000, 0x0000000083100000, 0x0000000083100000|100%| O|  |TAMS 0x0000000083000000| PB 0x0000000083000000| Untracked |  0
|  49|0x0000000083100000, 0x0000000083200000, 0x0000000083200000|100%| O|  |TAMS 0x0000000083100000| PB 0x0000000083100000| Untracked |  0
|  50|0x0000000083200000, 0x0000000083300000, 0x0000000083300000|100%| O|  |TAMS 0x0000000083200000| PB 0x0000000083200000| Untracked |  0
|  51|0x0000000083300000, 0x0000000083400000, 0x0000000083400000|100%| O|  |TAMS 0x0000000083300000| PB 0x0000000083300000| Untracked |  0
|  52|0x0000000083400000, 0x0000000083500000, 0x0000000083500000|100%| O|  |TAMS 0x0000000083400000| PB 0x0000000083400000| Untracked |  0
|  53|0x0000000083500000, 0x0000000083600000, 0x0000000083600000|100%| O|  |TAMS 0x0000000083500000| PB 0x0000000083500000| Untracked |  0
|  54|0x0000000083600000, 0x00000000836d5480, 0x0000000083700000| 83%| O|  |TAMS 0x0000000083600000| PB 0x0000000083600000| Untracked |  0
|  55|0x0000000083700000, 0x0000000083700000, 0x0000000083800000|  0%| F|  |TAMS 0x0000000083700000| PB 0x0000000083700000| Untracked |  0
|  56|0x0000000083800000, 0x0000000083900000, 0x0000000083900000|100%| O|  |TAMS 0x0000000083800000| PB 0x0000000083800000| Untracked |  0
|  57|0x0000000083900000, 0x0000000083a00000, 0x0000000083a00000|100%| O|  |TAMS 0x0000000083900000| PB 0x0000000083900000| Untracked |  0
|  58|0x0000000083a00000, 0x0000000083b00000, 0x0000000083b00000|100%| O|  |TAMS 0x0000000083a00000| PB 0x0000000083a00000| Untracked |  0
|  59|0x0000000083b00000, 0x0000000083c00000, 0x0000000083c00000|100%| O|  |TAMS 0x0000000083b00000| PB 0x0000000083b00000| Untracked |  0
|  60|0x0000000083c00000, 0x0000000083d00000, 0x0000000083d00000|100%| O|  |TAMS 0x0000000083c00000| PB 0x0000000083c00000| Untracked |  0
|  61|0x0000000083d00000, 0x0000000083e00000, 0x0000000083e00000|100%| O|  |TAMS 0x0000000083d00000| PB 0x0000000083d00000| Untracked |  0
|  62|0x0000000083e00000, 0x0000000083f00000, 0x0000000083f00000|100%| O|  |TAMS 0x0000000083e00000| PB 0x0000000083e00000| Untracked |  0
|  63|0x0000000083f00000, 0x0000000084000000, 0x0000000084000000|100%| O|  |TAMS 0x0000000083f00000| PB 0x0000000083f00000| Untracked |  0
|  64|0x0000000084000000, 0x0000000084100000, 0x0000000084100000|100%| O|  |TAMS 0x0000000084000000| PB 0x0000000084000000| Untracked |  0
|  65|0x0000000084100000, 0x0000000084200000, 0x0000000084200000|100%| O|  |TAMS 0x0000000084100000| PB 0x0000000084100000| Untracked |  0
|  66|0x0000000084200000, 0x0000000084300000, 0x0000000084300000|100%| O|  |TAMS 0x0000000084200000| PB 0x0000000084200000| Untracked |  0
|  67|0x0000000084300000, 0x0000000084400000, 0x0000000084400000|100%| O|  |TAMS 0x0000000084300000| PB 0x0000000084300000| Untracked |  0
|  68|0x0000000084400000, 0x0000000084500000, 0x0000000084500000|100%| O|  |TAMS 0x0000000084400000| PB 0x0000000084400000| Untracked |  0
|  69|0x0000000084500000, 0x0000000084600000, 0x0000000084600000|100%| O|  |TAMS 0x0000000084500000| PB 0x0000000084500000| Untracked |  0
|  70|0x0000000084600000, 0x0000000084600000, 0x0000000084700000|  0%| F|  |TAMS 0x0000000084600000| PB 0x0000000084600000| Untracked |  0
|  71|0x0000000084700000, 0x0000000084700000, 0x0000000084800000|  0%| F|  |TAMS 0x0000000084700000| PB 0x0000000084700000| Untracked |  0
|  72|0x0000000084800000, 0x0000000084800000, 0x0000000084900000|  0%| F|  |TAMS 0x0000000084800000| PB 0x0000000084800000| Untracked |  0
|  73|0x0000000084900000, 0x0000000084900000, 0x0000000084a00000|  0%| F|  |TAMS 0x0000000084900000| PB 0x0000000084900000| Untracked |  0
|  74|0x0000000084a00000, 0x0000000084a00000, 0x0000000084b00000|  0%| F|  |TAMS 0x0000000084a00000| PB 0x0000000084a00000| Untracked |  0
|  75|0x0000000084b00000, 0x0000000084b00000, 0x0000000084c00000|  0%| F|  |TAMS 0x0000000084b00000| PB 0x0000000084b00000| Untracked |  0
|  76|0x0000000084c00000, 0x0000000084c00000, 0x0000000084d00000|  0%| F|  |TAMS 0x0000000084c00000| PB 0x0000000084c00000| Untracked |  0
|  77|0x0000000084d00000, 0x0000000084d00000, 0x0000000084e00000|  0%| F|  |TAMS 0x0000000084d00000| PB 0x0000000084d00000| Untracked |  0
|  78|0x0000000084e00000, 0x0000000084e00000, 0x0000000084f00000|  0%| F|  |TAMS 0x0000000084e00000| PB 0x0000000084e00000| Untracked |  0
|  79|0x0000000084f00000, 0x0000000084f00000, 0x0000000085000000|  0%| F|  |TAMS 0x0000000084f00000| PB 0x0000000084f00000| Untracked |  0
|  80|0x0000000085000000, 0x0000000085000000, 0x0000000085100000|  0%| F|  |TAMS 0x0000000085000000| PB 0x0000000085000000| Untracked |  0
|  81|0x0000000085100000, 0x0000000085100000, 0x0000000085200000|  0%| F|  |TAMS 0x0000000085100000| PB 0x0000000085100000| Untracked |  0
|  82|0x0000000085200000, 0x0000000085200000, 0x0000000085300000|  0%| F|  |TAMS 0x0000000085200000| PB 0x0000000085200000| Untracked |  0
|  83|0x0000000085300000, 0x0000000085300000, 0x0000000085400000|  0%| F|  |TAMS 0x0000000085300000| PB 0x0000000085300000| Untracked |  0
|  84|0x0000000085400000, 0x0000000085400000, 0x0000000085500000|  0%| F|  |TAMS 0x0000000085400000| PB 0x0000000085400000| Untracked |  0
|  85|0x0000000085500000, 0x0000000085500000, 0x0000000085600000|  0%| F|  |TAMS 0x0000000085500000| PB 0x0000000085500000| Untracked |  0
|  86|0x0000000085600000, 0x0000000085600000, 0x0000000085700000|  0%| F|  |TAMS 0x0000000085600000| PB 0x0000000085600000| Untracked |  0
|  87|0x0000000085700000, 0x0000000085700000, 0x0000000085800000|  0%| F|  |TAMS 0x0000000085700000| PB 0x0000000085700000| Untracked |  0
|  88|0x0000000085800000, 0x0000000085800000, 0x0000000085900000|  0%| F|  |TAMS 0x0000000085800000| PB 0x0000000085800000| Untracked |  0
|  89|0x0000000085900000, 0x0000000085900000, 0x0000000085a00000|  0%| F|  |TAMS 0x0000000085900000| PB 0x0000000085900000| Untracked |  0
|  90|0x0000000085a00000, 0x0000000085a00000, 0x0000000085b00000|  0%| F|  |TAMS 0x0000000085a00000| PB 0x0000000085a00000| Untracked |  0
|  91|0x0000000085b00000, 0x0000000085b00000, 0x0000000085c00000|  0%| F|  |TAMS 0x0000000085b00000| PB 0x0000000085b00000| Untracked |  0
|  92|0x0000000085c00000, 0x0000000085c00000, 0x0000000085d00000|  0%| F|  |TAMS 0x0000000085c00000| PB 0x0000000085c00000| Untracked |  0
|  93|0x0000000085d00000, 0x0000000085d00000, 0x0000000085e00000|  0%| F|  |TAMS 0x0000000085d00000| PB 0x0000000085d00000| Untracked |  0
|  94|0x0000000085e00000, 0x0000000085e00000, 0x0000000085f00000|  0%| F|  |TAMS 0x0000000085e00000| PB 0x0000000085e00000| Untracked |  0
|  95|0x0000000085f00000, 0x0000000085f00000, 0x0000000086000000|  0%| F|  |TAMS 0x0000000085f00000| PB 0x0000000085f00000| Untracked |  0
|  96|0x0000000086000000, 0x0000000086000000, 0x0000000086100000|  0%| F|  |TAMS 0x0000000086000000| PB 0x0000000086000000| Untracked |  0
|  97|0x0000000086100000, 0x0000000086100000, 0x0000000086200000|  0%| F|  |TAMS 0x0000000086100000| PB 0x0000000086100000| Untracked |  0
|  98|0x0000000086200000, 0x0000000086200000, 0x0000000086300000|  0%| F|  |TAMS 0x0000000086200000| PB 0x0000000086200000| Untracked |  0
|  99|0x0000000086300000, 0x0000000086300000, 0x0000000086400000|  0%| F|  |TAMS 0x0000000086300000| PB 0x0000000086300000| Untracked |  0
| 100|0x0000000086400000, 0x0000000086400000, 0x0000000086500000|  0%| F|  |TAMS 0x0000000086400000| PB 0x0000000086400000| Untracked |  0
| 101|0x0000000086500000, 0x0000000086500000, 0x0000000086600000|  0%| F|  |TAMS 0x0000000086500000| PB 0x0000000086500000| Untracked |  0
| 102|0x0000000086600000, 0x0000000086600000, 0x0000000086700000|  0%| F|  |TAMS 0x0000000086600000| PB 0x0000000086600000| Untracked |  0
| 103|0x0000000086700000, 0x0000000086700000, 0x0000000086800000|  0%| F|  |TAMS 0x0000000086700000| PB 0x0000000086700000| Untracked |  0
| 104|0x0000000086800000, 0x0000000086800000, 0x0000000086900000|  0%| F|  |TAMS 0x0000000086800000| PB 0x0000000086800000| Untracked |  0
| 105|0x0000000086900000, 0x0000000086900000, 0x0000000086a00000|  0%| F|  |TAMS 0x0000000086900000| PB 0x0000000086900000| Untracked |  0
| 106|0x0000000086a00000, 0x0000000086a00000, 0x0000000086b00000|  0%| F|  |TAMS 0x0000000086a00000| PB 0x0000000086a00000| Untracked |  0
| 107|0x0000000086b00000, 0x0000000086b00000, 0x0000000086c00000|  0%| F|  |TAMS 0x0000000086b00000| PB 0x0000000086b00000| Untracked |  0
| 108|0x0000000086c00000, 0x0000000086c00000, 0x0000000086d00000|  0%| F|  |TAMS 0x0000000086c00000| PB 0x0000000086c00000| Untracked |  0
| 109|0x0000000086d00000, 0x0000000086d00000, 0x0000000086e00000|  0%| F|  |TAMS 0x0000000086d00000| PB 0x0000000086d00000| Untracked |  0
| 110|0x0000000086e00000, 0x0000000086e00000, 0x0000000086f00000|  0%| F|  |TAMS 0x0000000086e00000| PB 0x0000000086e00000| Untracked |  0
| 111|0x0000000086f00000, 0x0000000086f00000, 0x0000000087000000|  0%| F|  |TAMS 0x0000000086f00000| PB 0x0000000086f00000| Untracked |  0
| 112|0x0000000087000000, 0x0000000087000000, 0x0000000087100000|  0%| F|  |TAMS 0x0000000087000000| PB 0x0000000087000000| Untracked |  0
| 113|0x0000000087100000, 0x0000000087100000, 0x0000000087200000|  0%| F|  |TAMS 0x0000000087100000| PB 0x0000000087100000| Untracked |  0
| 114|0x0000000087200000, 0x0000000087200000, 0x0000000087300000|  0%| F|  |TAMS 0x0000000087200000| PB 0x0000000087200000| Untracked |  0
| 115|0x0000000087300000, 0x0000000087300000, 0x0000000087400000|  0%| F|  |TAMS 0x0000000087300000| PB 0x0000000087300000| Untracked |  0
| 116|0x0000000087400000, 0x0000000087400000, 0x0000000087500000|  0%| F|  |TAMS 0x0000000087400000| PB 0x0000000087400000| Untracked |  0
| 117|0x0000000087500000, 0x0000000087500000, 0x0000000087600000|  0%| F|  |TAMS 0x0000000087500000| PB 0x0000000087500000| Untracked |  0
| 118|0x0000000087600000, 0x0000000087600000, 0x0000000087700000|  0%| F|  |TAMS 0x0000000087600000| PB 0x0000000087600000| Untracked |  0
| 119|0x0000000087700000, 0x0000000087700000, 0x0000000087800000|  0%| F|  |TAMS 0x0000000087700000| PB 0x0000000087700000| Untracked |  0
| 120|0x0000000087800000, 0x0000000087800000, 0x0000000087900000|  0%| F|  |TAMS 0x0000000087800000| PB 0x0000000087800000| Untracked |  0
| 171|0x000000008ab00000, 0x000000008ab00000, 0x000000008ac00000|  0%| F|  |TAMS 0x000000008ab00000| PB 0x000000008ab00000| Untracked |  0
| 172|0x000000008ac00000, 0x000000008ac00000, 0x000000008ad00000|  0%| F|  |TAMS 0x000000008ac00000| PB 0x000000008ac00000| Untracked |  0
| 173|0x000000008ad00000, 0x000000008ad00000, 0x000000008ae00000|  0%| F|  |TAMS 0x000000008ad00000| PB 0x000000008ad00000| Untracked |  0
| 174|0x000000008ae00000, 0x000000008ae00000, 0x000000008af00000|  0%| F|  |TAMS 0x000000008ae00000| PB 0x000000008ae00000| Untracked |  0
| 175|0x000000008af00000, 0x000000008af00000, 0x000000008b000000|  0%| F|  |TAMS 0x000000008af00000| PB 0x000000008af00000| Untracked |  0
| 176|0x000000008b000000, 0x000000008b000000, 0x000000008b100000|  0%| F|  |TAMS 0x000000008b000000| PB 0x000000008b000000| Untracked |  0
| 177|0x000000008b100000, 0x000000008b100000, 0x000000008b200000|  0%| F|  |TAMS 0x000000008b100000| PB 0x000000008b100000| Untracked |  0
| 178|0x000000008b200000, 0x000000008b200000, 0x000000008b300000|  0%| F|  |TAMS 0x000000008b200000| PB 0x000000008b200000| Untracked |  0
| 179|0x000000008b300000, 0x000000008b300000, 0x000000008b400000|  0%| F|  |TAMS 0x000000008b300000| PB 0x000000008b300000| Untracked |  0
| 180|0x000000008b400000, 0x000000008b4b6a30, 0x000000008b500000| 71%| S|CS|TAMS 0x000000008b400000| PB 0x000000008b400000| Complete |  0
| 181|0x000000008b500000, 0x000000008b500000, 0x000000008b600000|  0%| F|  |TAMS 0x000000008b500000| PB 0x000000008b500000| Untracked |  0
| 182|0x000000008b600000, 0x000000008b600000, 0x000000008b700000|  0%| F|  |TAMS 0x000000008b600000| PB 0x000000008b600000| Untracked |  0
| 183|0x000000008b700000, 0x000000008b700000, 0x000000008b800000|  0%| F|  |TAMS 0x000000008b700000| PB 0x000000008b700000| Untracked |  0
| 251|0x000000008fb00000, 0x000000008fb00000, 0x000000008fc00000|  0%| F|  |TAMS 0x000000008fb00000| PB 0x000000008fb00000| Untracked |  0
|2036|0x00000000ff400000, 0x00000000ff400000, 0x00000000ff500000|  0%| F|  |TAMS 0x00000000ff400000| PB 0x00000000ff400000| Untracked |  0
|2037|0x00000000ff500000, 0x00000000ff600000, 0x00000000ff600000|100%| O|  |TAMS 0x00000000ff500000| PB 0x00000000ff500000| Untracked |  0
|2038|0x00000000ff600000, 0x00000000ff700000, 0x00000000ff700000|100%| O|  |TAMS 0x00000000ff600000| PB 0x00000000ff600000| Untracked |  0
|2039|0x00000000ff700000, 0x00000000ff700000, 0x00000000ff800000|  0%| F|  |TAMS 0x00000000ff700000| PB 0x00000000ff700000| Untracked |  0
|2040|0x00000000ff800000, 0x00000000ff900000, 0x00000000ff900000|100%| O|  |TAMS 0x00000000ff800000| PB 0x00000000ff800000| Untracked |  0
|2041|0x00000000ff900000, 0x00000000ffa00000, 0x00000000ffa00000|100%| O|  |TAMS 0x00000000ff900000| PB 0x00000000ff900000| Untracked |  0
|2042|0x00000000ffa00000, 0x00000000ffb00000, 0x00000000ffb00000|100%| O|  |TAMS 0x00000000ffa00000| PB 0x00000000ffa00000| Untracked |  0
|2043|0x00000000ffb00000, 0x00000000ffc00000, 0x00000000ffc00000|100%| O|  |TAMS 0x00000000ffb00000| PB 0x00000000ffb00000| Untracked |  0
|2044|0x00000000ffc00000, 0x00000000ffd00000, 0x00000000ffd00000|100%| O|  |TAMS 0x00000000ffc00000| PB 0x00000000ffc00000| Untracked |  0
|2045|0x00000000ffd00000, 0x00000000ffe00000, 0x00000000ffe00000|100%| O|  |TAMS 0x00000000ffd00000| PB 0x00000000ffd00000| Untracked |  0
|2046|0x00000000ffe00000, 0x00000000fff00000, 0x00000000fff00000|100%| O|  |TAMS 0x00000000ffe00000| PB 0x00000000ffe00000| Untracked |  0
|2047|0x00000000fff00000, 0x0000000100000000, 0x0000000100000000|100%| O|  |TAMS 0x00000000fff00000| PB 0x00000000fff00000| Untracked |  0

Card table byte_map: [0x00000175dea00000,0x00000175dee00000] _byte_map_base: 0x00000175de600000

Marking Bits: (CMBitMap*) 0x00000175cb7d4c10
 Bits: [0x00000175dee00000, 0x00000175e0e00000)

Polling page: 0x00000175c9600000

Metaspace:
Metaspace        used 73876K, committed 75776K, reserved 1114112K
 class space     used 10960K, committed 11840K, reserved 1048576K

Usage:
  Non-class:     61.44 MB used.
      Class:     10.70 MB used.
       Both:     72.14 MB used.

Virtual space:
  Non-class space:       64.00 MB reserved,      62.44 MB ( 98%) committed,  1 nodes.
      Class space:        1.00 GB reserved,      11.56 MB (  1%) committed,  1 nodes.
             Both:        1.06 GB reserved,      74.00 MB (  7%) committed. 

Chunk freelists:
   Non-Class:  1.54 MB
       Class:  4.41 MB
        Both:  5.95 MB

MaxMetaspaceSize: unlimited
CompressedClassSpaceSize: 1.00 GB
Initial GC threshold: 21.00 MB
Current GC threshold: 123.38 MB
CDS: off
 - commit_granule_bytes: 65536.
 - commit_granule_words: 8192.
 - virtual_space_node_default_size: 8388608.
 - enlarge_chunks_in_place: 1.
UseCompressedClassPointers 1, UseCompactObjectHeaders 0
Narrow klass pointer bits 32, Max shift 3
Narrow klass base: 0x0000000000000000, Narrow klass shift: 0
Encoding Range: [0x0000000000000000 - 0x0000000100000000), (4294967296 bytes)
Klass Range:    [0x0000000018000000 - 0x0000000058000000), (1073741824 bytes)
Klass ID Range:  [402653184 - 1476395001) (1073741817)
No protection zone.


Internal statistics:

num_allocs_failed_limit: 6.
num_arena_births: 3490.
num_arena_deaths: 0.
num_vsnodes_births: 2.
num_vsnodes_deaths: 0.
num_space_committed: 1184.
num_space_uncommitted: 0.
num_chunks_returned_to_freelist: 6.
num_chunks_taken_from_freelist: 6493.
num_chunk_merges: 3.
num_chunk_splits: 4235.
num_chunks_enlarged: 2686.
num_inconsistent_stats: 0.

CodeHeap 'non-profiled nmethods': size=119168Kb used=3430Kb max_used=3430Kb free=115737Kb
 bounds [0x00000175d6810000, 0x00000175d6b70000, 0x00000175ddc70000]
CodeHeap 'profiled nmethods': size=119168Kb used=12377Kb max_used=12643Kb free=106790Kb
 bounds [0x00000175cec60000, 0x00000175cf8c0000, 0x00000175d60c0000]
CodeHeap 'non-nmethods': size=7488Kb used=2158Kb max_used=3940Kb free=5329Kb
 bounds [0x00000175d60c0000, 0x00000175d64b0000, 0x00000175d6810000]
CodeCache: size=245824Kb, used=17965Kb, max_used=20013Kb, free=227856Kb
 total_blobs=9435, nmethods=8608, adapters=729, full_count=0
Compilation: enabled, stopped_count=0, restarted_count=0

Compilation events (20 events):
Event: 6.515 Thread 0x00000175e80762b0 nmethod 9830 0x00000175cf197208 code [0x00000175cf197300, 0x00000175cf199a58]
Event: 6.515 Thread 0x00000175e80762b0 9832       3       org.gradle.api.internal.artifacts.transform.TransformingAsyncArtifactListener$TransformedArtifact::description (23 bytes)
Event: 6.515 Thread 0x00000175eed4e8d0 nmethod 9825 0x00000175d69dd888 code [0x00000175d69dd980, 0x00000175d69ddbb8]
Event: 6.515 Thread 0x00000175eed4e8d0 9828       4       com.esotericsoftware.kryo.io.Input::readByte (23 bytes)
Event: 6.516 Thread 0x00000175e80762b0 nmethod 9832 0x00000175cf202088 code [0x00000175cf202180, 0x00000175cf203d90]
Event: 6.516 Thread 0x00000175e80762b0 9833       3       org.gradle.api.internal.artifacts.transform.TransformingAsyncArtifactListener$TransformedArtifact::run (6 bytes)
Event: 6.516 Thread 0x00000175e80762b0 nmethod 9833 0x00000175cec72e08 code [0x00000175cec72f00, 0x00000175cec73030]
Event: 6.518 Thread 0x00000175e8c679f0 nmethod 9823 0x00000175d6b66708 code [0x00000175d6b66800, 0x00000175d6b67e80]
Event: 6.518 Thread 0x00000175eed4e8d0 nmethod 9828 0x00000175d6866608 code [0x00000175d6866700, 0x00000175d6866a10]
Event: 6.518 Thread 0x00000175eed4e8d0 9808       4       java.util.stream.Sink$ChainedReference::end (10 bytes)
Event: 6.518 Thread 0x00000175e8c679f0 9809       4       java.lang.Enum::equals (11 bytes)
Event: 6.518 Thread 0x00000175e8c679f0 nmethod 9809 0x00000175d6866288 code [0x00000175d6866380, 0x00000175d6866400]
Event: 6.518 Thread 0x00000175e8c679f0 9811       4       java.nio.ByteBuffer::allocate (20 bytes)
Event: 6.518 Thread 0x00000175eed4e8d0 nmethod 9808 0x00000175d68a8688 code [0x00000175d68a8780, 0x00000175d68a8820]
Event: 6.518 Thread 0x00000175eed4e8d0 9834       4       sun.nio.fs.WindowsException::fillInStackTrace (2 bytes)
Event: 6.518 Thread 0x00000175eed4e8d0 nmethod 9834 0x00000175d68a8388 code [0x00000175d68a8480, 0x00000175d68a84f8]
Event: 6.518 Thread 0x00000175eed4e8d0 9835       4       com.esotericsoftware.kryo.io.Output::writeUtf8Length (405 bytes)
Event: 6.520 Thread 0x00000175e8c679f0 nmethod 9811 0x00000175d68a7f08 code [0x00000175d68a8000, 0x00000175d68a8350]
Event: 6.522 Thread 0x00000175e8064fc0 nmethod 9815 0x00000175d6b67f08 code [0x00000175d6b68000, 0x00000175d6b68e88]
Event: 6.522 Thread 0x00000175ea67a8a0 nmethod 9810 0x00000175d6b68f08 code [0x00000175d6b69000, 0x00000175d6b69ef0]

GC Heap Usage History (20 events):
Event: 4.301 {heap After GC invocations=16 (full 0):
 garbage-first heap   total reserved 2097152K, committed 118784K, used 69229K [0x0000000080000000, 0x0000000100000000)
  region size 1024K, 3 young (3072K), 3 survivors (3072K)
}
Event: 4.623 {heap Before GC invocations=16 (full 0):
 garbage-first heap   total reserved 2097152K, committed 118784K, used 106093K [0x0000000080000000, 0x0000000100000000)
  region size 1024K, 39 young (39936K), 3 survivors (3072K)
}
Event: 4.626 {heap After GC invocations=17 (full 0):
 garbage-first heap   total reserved 2097152K, committed 118784K, used 70642K [0x0000000080000000, 0x0000000100000000)
  region size 1024K, 4 young (4096K), 4 survivors (4096K)
}
Event: 4.887 {heap Before GC invocations=17 (full 0):
 garbage-first heap   total reserved 2097152K, committed 118784K, used 108530K [0x0000000080000000, 0x0000000100000000)
  region size 1024K, 41 young (41984K), 4 survivors (4096K)
}
Event: 4.890 {heap After GC invocations=18 (full 0):
 garbage-first heap   total reserved 2097152K, committed 118784K, used 73139K [0x0000000080000000, 0x0000000100000000)
  region size 1024K, 5 young (5120K), 5 survivors (5120K)
}
Event: 5.244 {heap Before GC invocations=19 (full 0):
 garbage-first heap   total reserved 2097152K, committed 124928K, used 107955K [0x0000000080000000, 0x0000000100000000)
  region size 1024K, 39 young (39936K), 5 survivors (5120K)
}
Event: 5.248 {heap After GC invocations=20 (full 0):
 garbage-first heap   total reserved 2097152K, committed 124928K, used 76225K [0x0000000080000000, 0x0000000100000000)
  region size 1024K, 5 young (5120K), 5 survivors (5120K)
}
Event: 5.358 {heap Before GC invocations=20 (full 0):
 garbage-first heap   total reserved 2097152K, committed 124928K, used 113089K [0x0000000080000000, 0x0000000100000000)
  region size 1024K, 42 young (43008K), 5 survivors (5120K)
}
Event: 5.363 {heap After GC invocations=21 (full 0):
 garbage-first heap   total reserved 2097152K, committed 124928K, used 78486K [0x0000000080000000, 0x0000000100000000)
  region size 1024K, 6 young (6144K), 6 survivors (6144K)
}
Event: 5.435 {heap Before GC invocations=21 (full 0):
 garbage-first heap   total reserved 2097152K, committed 124928K, used 114326K [0x0000000080000000, 0x0000000100000000)
  region size 1024K, 42 young (43008K), 6 survivors (6144K)
}
Event: 6.441 {heap After GC invocations=22 (full 0):
 garbage-first heap   total reserved 2097152K, committed 150528K, used 80179K [0x0000000080000000, 0x0000000100000000)
  region size 1024K, 5 young (5120K), 5 survivors (5120K)
}
Event: 6.451 {heap Before GC invocations=22 (full 0):
 garbage-first heap   total reserved 2097152K, committed 150528K, used 82227K [0x0000000080000000, 0x0000000100000000)
  region size 1024K, 7 young (7168K), 5 survivors (5120K)
}
Event: 6.453 {heap After GC invocations=23 (full 0):
 garbage-first heap   total reserved 2097152K, committed 150528K, used 80706K [0x0000000080000000, 0x0000000100000000)
  region size 1024K, 1 young (1024K), 1 survivors (1024K)
}
Event: 6.468 {heap Before GC invocations=23 (full 0):
 garbage-first heap   total reserved 2097152K, committed 150528K, used 86850K [0x0000000080000000, 0x0000000100000000)
  region size 1024K, 7 young (7168K), 1 survivors (1024K)
}
Event: 6.469 {heap After GC invocations=24 (full 0):
 garbage-first heap   total reserved 2097152K, committed 150528K, used 80698K [0x0000000080000000, 0x0000000100000000)
  region size 1024K, 1 young (1024K), 1 survivors (1024K)
}
Event: 6.488 {heap Before GC invocations=25 (full 0):
 garbage-first heap   total reserved 2097152K, committed 150528K, used 86842K [0x0000000080000000, 0x0000000100000000)
  region size 1024K, 7 young (7168K), 1 survivors (1024K)
}
Event: 6.489 {heap After GC invocations=26 (full 0):
 garbage-first heap   total reserved 2097152K, committed 150528K, used 81204K [0x0000000080000000, 0x0000000100000000)
  region size 1024K, 1 young (1024K), 1 survivors (1024K)
}
Event: 6.503 {heap Before GC invocations=26 (full 0):
 garbage-first heap   total reserved 2097152K, committed 150528K, used 86324K [0x0000000080000000, 0x0000000100000000)
  region size 1024K, 7 young (7168K), 1 survivors (1024K)
}
Event: 6.505 {heap After GC invocations=27 (full 0):
 garbage-first heap   total reserved 2097152K, committed 150528K, used 81360K [0x0000000080000000, 0x0000000100000000)
  region size 1024K, 1 young (1024K), 1 survivors (1024K)
}
Event: 6.524 {heap Before GC invocations=27 (full 0):
 garbage-first heap   total reserved 2097152K, committed 150528K, used 86480K [0x0000000080000000, 0x0000000100000000)
  region size 1024K, 7 young (7168K), 1 survivors (1024K)
}

Metaspace Usage History (20 events):
Event: 4.301 {metaspace After GC invocations=16 (full 0):
 Metaspace       used 61725K, committed 63488K, reserved 1114112K
  class space    used 9144K, committed 9984K, reserved 1048576K
}
Event: 4.623 {metaspace Before GC invocations=16 (full 0):
 Metaspace       used 67436K, committed 69184K, reserved 1114112K
  class space    used 9992K, committed 10816K, reserved 1048576K
}
Event: 4.626 {metaspace After GC invocations=17 (full 0):
 Metaspace       used 67436K, committed 69184K, reserved 1114112K
  class space    used 9992K, committed 10816K, reserved 1048576K
}
Event: 4.887 {metaspace Before GC invocations=17 (full 0):
 Metaspace       used 71497K, committed 73344K, reserved 1114112K
  class space    used 10641K, committed 11520K, reserved 1048576K
}
Event: 4.890 {metaspace After GC invocations=18 (full 0):
 Metaspace       used 71497K, committed 73344K, reserved 1114112K
  class space    used 10641K, committed 11520K, reserved 1048576K
}
Event: 5.244 {metaspace Before GC invocations=19 (full 0):
 Metaspace       used 73517K, committed 75392K, reserved 1114112K
  class space    used 10958K, committed 11840K, reserved 1048576K
}
Event: 5.248 {metaspace After GC invocations=20 (full 0):
 Metaspace       used 73517K, committed 75392K, reserved 1114112K
  class space    used 10958K, committed 11840K, reserved 1048576K
}
Event: 5.358 {metaspace Before GC invocations=20 (full 0):
 Metaspace       used 73843K, committed 75712K, reserved 1114112K
  class space    used 10959K, committed 11840K, reserved 1048576K
}
Event: 5.363 {metaspace After GC invocations=21 (full 0):
 Metaspace       used 73843K, committed 75712K, reserved 1114112K
  class space    used 10959K, committed 11840K, reserved 1048576K
}
Event: 5.435 {metaspace Before GC invocations=21 (full 0):
 Metaspace       used 73870K, committed 75776K, reserved 1114112K
  class space    used 10960K, committed 11840K, reserved 1048576K
}
Event: 6.441 {metaspace After GC invocations=22 (full 0):
 Metaspace       used 73870K, committed 75776K, reserved 1114112K
  class space    used 10960K, committed 11840K, reserved 1048576K
}
Event: 6.451 {metaspace Before GC invocations=22 (full 0):
 Metaspace       used 73870K, committed 75776K, reserved 1114112K
  class space    used 10960K, committed 11840K, reserved 1048576K
}
Event: 6.453 {metaspace After GC invocations=23 (full 0):
 Metaspace       used 73870K, committed 75776K, reserved 1114112K
  class space    used 10960K, committed 11840K, reserved 1048576K
}
Event: 6.468 {metaspace Before GC invocations=23 (full 0):
 Metaspace       used 73870K, committed 75776K, reserved 1114112K
  class space    used 10960K, committed 11840K, reserved 1048576K
}
Event: 6.469 {metaspace After GC invocations=24 (full 0):
 Metaspace       used 73870K, committed 75776K, reserved 1114112K
  class space    used 10960K, committed 11840K, reserved 1048576K
}
Event: 6.488 {metaspace Before GC invocations=25 (full 0):
 Metaspace       used 73870K, committed 75776K, reserved 1114112K
  class space    used 10960K, committed 11840K, reserved 1048576K
}
Event: 6.489 {metaspace After GC invocations=26 (full 0):
 Metaspace       used 73870K, committed 75776K, reserved 1114112K
  class space    used 10960K, committed 11840K, reserved 1048576K
}
Event: 6.503 {metaspace Before GC invocations=26 (full 0):
 Metaspace       used 73873K, committed 75776K, reserved 1114112K
  class space    used 10960K, committed 11840K, reserved 1048576K
}
Event: 6.505 {metaspace After GC invocations=27 (full 0):
 Metaspace       used 73873K, committed 75776K, reserved 1114112K
  class space    used 10960K, committed 11840K, reserved 1048576K
}
Event: 6.524 {metaspace Before GC invocations=27 (full 0):
 Metaspace       used 73876K, committed 75776K, reserved 1114112K
  class space    used 10960K, committed 11840K, reserved 1048576K
}

Dll operation events (3 events):
Event: 0.008 Loaded shared library C:\Program Files\Android\Android Studio\jbr\bin\java.dll
Event: 0.012 Loaded shared library C:\Program Files\Android\Android Studio\jbr\bin\zip.dll
Event: 0.407 Loaded shared library C:\Program Files\Android\Android Studio\jbr\bin\verify.dll

Deoptimization events (20 events):
Event: 5.388 Thread 0x00000175edfc1f80 Uncommon trap: trap_request=0xffffff45 fr.pc=0x00000175d696e9ec relative=0x0000000000000b6c
Event: 5.388 Thread 0x00000175edfc1f80 Uncommon trap: reason=unstable_if action=reinterpret pc=0x00000175d696e9ec method=java.util.concurrent.ConcurrentHashMap.transfer([Ljava/util/concurrent/ConcurrentHashMap$Node;[Ljava/util/concurrent/ConcurrentHashMap$Node;)V @ 347 c2
Event: 5.388 Thread 0x00000175edfc1f80 DEOPT PACKING pc=0x00000175d696e9ec sp=0x0000000a798fdbb0
Event: 5.388 Thread 0x00000175edfc1f80 DEOPT UNPACKING pc=0x00000175d61e7402 sp=0x0000000a798fdb00 mode 2
Event: 6.479 Thread 0x00000175ec6aff50 Uncommon trap: trap_request=0xffffff45 fr.pc=0x00000175d69cae70 relative=0x0000000000000070
Event: 6.479 Thread 0x00000175ec6aff50 Uncommon trap: reason=unstable_if action=reinterpret pc=0x00000175d69cae70 method=org.gradle.internal.time.MonotonicClock.syncIsDue(JJJ)Z @ 7 c2
Event: 6.479 Thread 0x00000175ec6aff50 DEOPT PACKING pc=0x00000175d69cae70 sp=0x0000000a790fce60
Event: 6.479 Thread 0x00000175ec6aff50 DEOPT UNPACKING pc=0x00000175d61e7402 sp=0x0000000a790fcdd8 mode 2
Event: 6.499 Thread 0x00000175ec6aff50 Uncommon trap: trap_request=0xffffff6e fr.pc=0x00000175d6b6488c relative=0x000000000000108c
Event: 6.499 Thread 0x00000175edfc2750 Uncommon trap: trap_request=0xffffff6e fr.pc=0x00000175d6b6488c relative=0x000000000000108c
Event: 6.499 Thread 0x00000175ec6aff50 Uncommon trap: reason=predicate action=maybe_recompile pc=0x00000175d6b6488c method=java.util.TimSort.reverseRange([Ljava/lang/Object;II)V @ 5 c2
Event: 6.499 Thread 0x00000175edfc2750 Uncommon trap: reason=predicate action=maybe_recompile pc=0x00000175d6b6488c method=java.util.TimSort.reverseRange([Ljava/lang/Object;II)V @ 5 c2
Event: 6.499 Thread 0x00000175ec6aff50 DEOPT PACKING pc=0x00000175d6b6488c sp=0x0000000a790fd490
Event: 6.499 Thread 0x00000175edfc2750 DEOPT PACKING pc=0x00000175d6b6488c sp=0x0000000a794fd1e0
Event: 6.499 Thread 0x00000175ec6aff50 DEOPT UNPACKING pc=0x00000175d61e7402 sp=0x0000000a790fd340 mode 2
Event: 6.499 Thread 0x00000175edfc2750 DEOPT UNPACKING pc=0x00000175d61e7402 sp=0x0000000a794fd090 mode 2
Event: 6.506 Thread 0x00000175edfc36f0 Uncommon trap: trap_request=0xffffff45 fr.pc=0x00000175d6877eb8 relative=0x0000000000000ab8
Event: 6.506 Thread 0x00000175edfc36f0 Uncommon trap: reason=unstable_if action=reinterpret pc=0x00000175d6877eb8 method=java.util.WeakHashMap.expungeStaleEntries()V @ 66 c2
Event: 6.506 Thread 0x00000175edfc36f0 DEOPT PACKING pc=0x00000175d6877eb8 sp=0x0000000a795fc550
Event: 6.506 Thread 0x00000175edfc36f0 DEOPT UNPACKING pc=0x00000175d61e7402 sp=0x0000000a795fc400 mode 2

Classes loaded (20 events):
Event: 4.813 Loading class java/util/IdentityHashMap$EntryIterator
Event: 4.813 Loading class java/util/IdentityHashMap$IdentityHashMapIterator
Event: 4.814 Loading class java/util/IdentityHashMap$IdentityHashMapIterator done
Event: 4.814 Loading class java/util/IdentityHashMap$EntryIterator done
Event: 4.814 Loading class java/util/IdentityHashMap$EntryIterator$Entry
Event: 4.814 Loading class java/util/IdentityHashMap$EntryIterator$Entry done
Event: 4.852 Loading class org/xml/sax/Locator
Event: 4.852 Loading class org/xml/sax/Locator done
Event: 4.852 Loading class org/xml/sax/SAXParseException
Event: 4.852 Loading class org/xml/sax/SAXParseException done
Event: 4.853 Loading class org/xml/sax/Attributes
Event: 4.853 Loading class org/xml/sax/Attributes done
Event: 4.953 Loading class java/util/TreeMap$KeySpliterator
Event: 4.954 Loading class java/util/TreeMap$TreeMapSpliterator
Event: 4.954 Loading class java/util/TreeMap$TreeMapSpliterator done
Event: 4.954 Loading class java/util/TreeMap$KeySpliterator done
Event: 5.198 Loading class java/util/LinkedList$LLSpliterator
Event: 5.198 Loading class java/util/LinkedList$LLSpliterator done
Event: 5.304 Loading class java/util/concurrent/atomic/Striped64$Cell
Event: 5.304 Loading class java/util/concurrent/atomic/Striped64$Cell done

Classes unloaded (0 events):
No events

Classes redefined (0 events):
No events

Internal exceptions (20 events):
Event: 6.514 Thread 0x00000175ee9c4720 Exception <a 'sun/nio/fs/WindowsException'{0x000000008fbafcc0}> (0x000000008fbafcc0) 
thrown [s\src\hotspot\share\prims\jni.cpp, line 535]
Event: 6.516 Thread 0x00000175eaf07800 Exception <a 'sun/nio/fs/WindowsException'{0x000000008b747de0}> (0x000000008b747de0) 
thrown [s\src\hotspot\share\prims\jni.cpp, line 535]
Event: 6.516 Thread 0x00000175ec6af780 Exception <a 'sun/nio/fs/WindowsException'{0x000000008b75e288}> (0x000000008b75e288) 
thrown [s\src\hotspot\share\prims\jni.cpp, line 535]
Event: 6.519 Thread 0x00000175edfc7d40 Exception <a 'sun/nio/fs/WindowsException'{0x000000008b7edfe0}> (0x000000008b7edfe0) 
thrown [s\src\hotspot\share\prims\jni.cpp, line 535]
Event: 6.519 Thread 0x00000175edfc2750 Exception <a 'sun/nio/fs/WindowsException'{0x000000008b7f21f8}> (0x000000008b7f21f8) 
thrown [s\src\hotspot\share\prims\jni.cpp, line 535]
Event: 6.519 Thread 0x00000175edfc1f80 Exception <a 'sun/nio/fs/WindowsException'{0x000000008b7f6de8}> (0x000000008b7f6de8) 
thrown [s\src\hotspot\share\prims\jni.cpp, line 535]
Event: 6.519 Thread 0x00000175ee9c27e0 Exception <a 'sun/nio/fs/WindowsException'{0x000000008b7fbcc0}> (0x000000008b7fbcc0) 
thrown [s\src\hotspot\share\prims\jni.cpp, line 535]
Event: 6.520 Thread 0x00000175ec6aff50 Exception <a 'sun/nio/fs/WindowsException'{0x000000008b62e430}> (0x000000008b62e430) 
thrown [s\src\hotspot\share\prims\jni.cpp, line 535]
Event: 6.520 Thread 0x00000175ec6b2660 Exception <a 'sun/nio/fs/WindowsException'{0x000000008b633490}> (0x000000008b633490) 
thrown [s\src\hotspot\share\prims\jni.cpp, line 535]
Event: 6.520 Thread 0x00000175ee9c3780 Exception <a 'sun/nio/fs/WindowsException'{0x000000008b6382e8}> (0x000000008b6382e8) 
thrown [s\src\hotspot\share\prims\jni.cpp, line 535]
Event: 6.520 Thread 0x00000175ec6b16c0 Exception <a 'sun/nio/fs/WindowsException'{0x000000008b690180}> (0x000000008b690180) 
thrown [s\src\hotspot\share\prims\jni.cpp, line 535]
Event: 6.521 Thread 0x00000175edfc8510 Exception <a 'sun/nio/fs/WindowsException'{0x000000008b6e1ae8}> (0x000000008b6e1ae8) 
thrown [s\src\hotspot\share\prims\jni.cpp, line 535]
Event: 6.522 Thread 0x00000175ec6af780 Exception <a 'sun/nio/fs/WindowsException'{0x000000008b6f6170}> (0x000000008b6f6170) 
thrown [s\src\hotspot\share\prims\jni.cpp, line 535]
Event: 6.522 Thread 0x00000175ee9c4720 Exception <a 'sun/nio/fs/WindowsException'{0x000000008b532060}> (0x000000008b532060) 
thrown [s\src\hotspot\share\prims\jni.cpp, line 535]
Event: 6.522 Thread 0x00000175ec6aff50 Exception <a 'sun/nio/fs/WindowsException'{0x000000008b537bf8}> (0x000000008b537bf8) 
thrown [s\src\hotspot\share\prims\jni.cpp, line 535]
Event: 6.522 Thread 0x00000175edfc36f0 Exception <a 'sun/nio/fs/WindowsException'{0x000000008b5407b8}> (0x000000008b5407b8) 
thrown [s\src\hotspot\share\prims\jni.cpp, line 535]
Event: 6.522 Thread 0x00000175edfc65d0 Exception <a 'sun/nio/fs/WindowsException'{0x000000008b5487d0}> (0x000000008b5487d0) 
thrown [s\src\hotspot\share\prims\jni.cpp, line 535]
Event: 6.522 Thread 0x00000175ee9c3f50 Exception <a 'sun/nio/fs/WindowsException'{0x000000008b54d560}> (0x000000008b54d560) 
thrown [s\src\hotspot\share\prims\jni.cpp, line 535]
Event: 6.523 Thread 0x00000175edfc3ec0 Exception <a 'sun/nio/fs/WindowsException'{0x000000008b57df60}> (0x000000008b57df60) 
thrown [s\src\hotspot\share\prims\jni.cpp, line 535]
Event: 6.523 Thread 0x00000175ec6b16c0 Exception <a 'sun/nio/fs/WindowsException'{0x000000008b5dc0e0}> (0x000000008b5dc0e0) 
thrown [s\src\hotspot\share\prims\jni.cpp, line 535]

VM Operations (20 events):
Event: 5.217 Executing non-safepoint VM operation: HandshakeAllThreads (Deoptimize) done
Event: 5.244 Executing safepoint VM operation: G1CollectForAllocation (G1 Evacuation Pause)
Event: 5.248 Executing safepoint VM operation: G1CollectForAllocation (G1 Evacuation Pause) done
Event: 5.358 Executing safepoint VM operation: G1CollectForAllocation (G1 Evacuation Pause)
Event: 5.363 Executing safepoint VM operation: G1CollectForAllocation (G1 Evacuation Pause) done
Event: 5.435 Executing safepoint VM operation: G1CollectForAllocation (G1 Evacuation Pause)
Event: 6.441 Executing safepoint VM operation: G1CollectForAllocation (G1 Evacuation Pause) done
Event: 6.448 Executing safepoint VM operation: G1CollectForAllocation (G1 Evacuation Pause)
Event: 6.453 Executing safepoint VM operation: G1CollectForAllocation (G1 Evacuation Pause) done
Event: 6.468 Executing safepoint VM operation: G1CollectForAllocation (G1 Evacuation Pause)
Event: 6.469 Executing safepoint VM operation: G1CollectForAllocation (G1 Evacuation Pause) done
Event: 6.472 Executing safepoint VM operation: G1PauseRemark
Event: 6.475 Executing safepoint VM operation: G1PauseRemark done
Event: 6.486 Executing safepoint VM operation: G1PauseCleanup
Event: 6.486 Executing safepoint VM operation: G1PauseCleanup done
Event: 6.488 Executing safepoint VM operation: G1CollectForAllocation (G1 Evacuation Pause)
Event: 6.490 Executing safepoint VM operation: G1CollectForAllocation (G1 Evacuation Pause) done
Event: 6.503 Executing safepoint VM operation: G1CollectForAllocation (G1 Evacuation Pause)
Event: 6.505 Executing safepoint VM operation: G1CollectForAllocation (G1 Evacuation Pause) done
Event: 6.524 Executing safepoint VM operation: G1CollectForAllocation (G1 Evacuation Pause)

Memory protections (0 events):
No events

Nmethod flushes (20 events):
Event: 6.474 Thread 0x00000175e10a04d0 flushing  nmethod 0x00000175d6aec108
Event: 6.474 Thread 0x00000175e10a04d0 flushing  nmethod 0x00000175ced98088
Event: 6.474 Thread 0x00000175e10a04d0 flushing  nmethod 0x00000175cee4ea88
Event: 6.474 Thread 0x00000175e10a04d0 flushing  nmethod 0x00000175cf197208
Event: 6.474 Thread 0x00000175e10a04d0 flushing  nmethod 0x00000175cf262d08
Event: 6.474 Thread 0x00000175e10a04d0 flushing  nmethod 0x00000175cf5c4108
Event: 6.474 Thread 0x00000175e10a04d0 flushing  nmethod 0x00000175cf5c8608
Event: 6.474 Thread 0x00000175e10a04d0 flushing  nmethod 0x00000175cf5c9b88
Event: 6.474 Thread 0x00000175e10a04d0 flushing  nmethod 0x00000175d68a0108
Event: 6.474 Thread 0x00000175e10a04d0 flushing  nmethod 0x00000175d68f7408
Event: 6.474 Thread 0x00000175e10a04d0 flushing  nmethod 0x00000175cec85008
Event: 6.474 Thread 0x00000175e10a04d0 flushing  nmethod 0x00000175cedf2708
Event: 6.474 Thread 0x00000175e10a04d0 flushing  nmethod 0x00000175cedf3608
Event: 6.474 Thread 0x00000175e10a04d0 flushing  nmethod 0x00000175cedf5e88
Event: 6.474 Thread 0x00000175e10a04d0 flushing  nmethod 0x00000175cedfc508
Event: 6.474 Thread 0x00000175e10a04d0 flushing  nmethod 0x00000175cf201988
Event: 6.474 Thread 0x00000175e10a04d0 flushing  nmethod 0x00000175cf202088
Event: 6.474 Thread 0x00000175e10a04d0 flushing  nmethod 0x00000175cf2acd88
Event: 6.474 Thread 0x00000175e10a04d0 flushing  nmethod 0x00000175cf5b2188
Event: 6.474 Thread 0x00000175e10a04d0 flushing  nmethod 0x00000175cf5b7008

Events (20 events):
Event: 3.730 Thread 0x00000175eaf07800 Thread added: 0x00000175edfc3ec0
Event: 3.731 Thread 0x00000175eaf07800 Thread added: 0x00000175edfc17b0
Event: 3.734 Thread 0x00000175eaf07800 Thread added: 0x00000175edfc1f80
Event: 3.734 Thread 0x00000175eaf07800 Thread added: 0x00000175edfc65d0
Event: 3.735 Thread 0x00000175eaf07800 Thread added: 0x00000175edfc8510
Event: 3.735 Thread 0x00000175eaf07800 Thread added: 0x00000175edfc7d40
Event: 3.736 Thread 0x00000175eaf07800 Thread added: 0x00000175ee9c27e0
Event: 3.736 Thread 0x00000175eaf07800 Thread added: 0x00000175ee9c4720
Event: 3.736 Thread 0x00000175eaf07800 Thread added: 0x00000175ee9c3780
Event: 3.736 Thread 0x00000175eaf07800 Thread added: 0x00000175ee9c3f50
Event: 4.447 Thread 0x00000175e8c426c0 Thread exited: 0x00000175e8c426c0
Event: 4.488 Thread 0x00000175e8c41eb0 Thread exited: 0x00000175e8c41eb0
Event: 4.650 Thread 0x00000175e89661b0 Thread added: 0x00000175ef26e560
Event: 4.834 Thread 0x00000175ef26e560 Thread exited: 0x00000175ef26e560
Event: 5.090 Thread 0x00000175e81de540 Thread added: 0x00000175ee3b6c40
Event: 5.295 Thread 0x00000175e80762b0 Thread added: 0x00000175ea67a8a0
Event: 5.378 Thread 0x00000175e80762b0 Thread added: 0x00000175eed4e8d0
Event: 6.443 Thread 0x00000175e89661b0 Thread exited: 0x00000175e89661b0
Event: 6.443 Thread 0x00000175e81f9400 Thread exited: 0x00000175e81f9400
Event: 6.454 Thread 0x00000175e81de540 Thread exited: 0x00000175e81de540


Dynamic libraries:
0x00007ff6d2c20000 - 0x00007ff6d2c2a000 	C:\Program Files\Android\Android Studio\jbr\bin\java.exe
0x00007fffec2a0000 - 0x00007fffec506000 	C:\Windows\SYSTEM32\ntdll.dll
0x00007fffea0f0000 - 0x00007fffea1b9000 	C:\Windows\System32\KERNEL32.DLL
0x00007fffe94b0000 - 0x00007fffe98af000 	C:\Windows\System32\KERNELBASE.dll
0x00007fffe9dc0000 - 0x00007fffe9f0c000 	C:\Windows\System32\ucrtbase.dll
0x00007fffe5d60000 - 0x00007fffe5d76000 	C:\Program Files\Android\Android Studio\jbr\bin\jli.dll
0x00007fffe3ba0000 - 0x00007fffe3bbb000 	C:\Program Files\Android\Android Studio\jbr\bin\VCRUNTIME140.dll
0x00007fffec090000 - 0x00007fffec256000 	C:\Windows\System32\USER32.dll
0x00007fffe9cd0000 - 0x00007fffe9cf7000 	C:\Windows\System32\win32u.dll
0x00007fffc2c30000 - 0x00007fffc2ec1000 	C:\Windows\WinSxS\amd64_microsoft.windows.common-controls_6595b64144ccf1df_6.0.26100.8972_none_3e0da176e32f9d4b\COMCTL32.dll
0x00007fffea6b0000 - 0x00007fffea6db000 	C:\Windows\System32\GDI32.dll
0x00007fffeb660000 - 0x00007fffeb709000 	C:\Windows\System32\msvcrt.dll
0x00007fffe98c0000 - 0x00007fffe99e9000 	C:\Windows\System32\gdi32full.dll
0x00007fffe9f20000 - 0x00007fffe9fc3000 	C:\Windows\System32\msvcp_win.dll
0x00007fffeb620000 - 0x00007fffeb652000 	C:\Windows\System32\IMM32.DLL
0x00007fffe3b10000 - 0x00007fffe3b1c000 	C:\Program Files\Android\Android Studio\jbr\bin\vcruntime140_1.dll
0x00007fffd24c0000 - 0x00007fffd254d000 	C:\Program Files\Android\Android Studio\jbr\bin\msvcp140.dll
0x00007fffd08a0000 - 0x00007fffd177d000 	C:\Program Files\Android\Android Studio\jbr\bin\server\jvm.dll
0x00007fffebfc0000 - 0x00007fffec07c000 	C:\Windows\System32\ADVAPI32.dll
0x00007fffea040000 - 0x00007fffea0ea000 	C:\Windows\System32\sechost.dll
0x00007fffeb810000 - 0x00007fffeb928000 	C:\Windows\System32\RPCRT4.dll
0x00007fffeb210000 - 0x00007fffeb292000 	C:\Windows\System32\WS2_32.dll
0x00007fffe9310000 - 0x00007fffe936e000 	C:\Windows\SYSTEM32\POWRPROF.dll
0x00007fffd4480000 - 0x00007fffd44b6000 	C:\Windows\SYSTEM32\WINMM.dll
0x00007fffe2340000 - 0x00007fffe234b000 	C:\Windows\SYSTEM32\VERSION.dll
0x00007fffe92f0000 - 0x00007fffe9305000 	C:\Windows\SYSTEM32\UMPDC.dll
0x00007fffe81a0000 - 0x00007fffe81bb000 	C:\Windows\SYSTEM32\kernel.appcore.dll
0x00007fffe3b00000 - 0x00007fffe3b0a000 	C:\Program Files\Android\Android Studio\jbr\bin\jimage.dll
0x00007fffe6a60000 - 0x00007fffe6ca2000 	C:\Windows\SYSTEM32\DBGHELP.DLL
0x00007fffebc30000 - 0x00007fffebfb5000 	C:\Windows\System32\combase.dll
0x00007fffeb030000 - 0x00007fffeb109000 	C:\Windows\System32\OLEAUT32.dll
0x00007fffd6800000 - 0x00007fffd683b000 	C:\Windows\SYSTEM32\dbgcore.DLL
0x00007fffe9c10000 - 0x00007fffe9cbc000 	C:\Windows\System32\bcryptPrimitives.dll
0x00007fffd27a0000 - 0x00007fffd27ae000 	C:\Program Files\Android\Android Studio\jbr\bin\instrument.dll
0x00007fffd2780000 - 0x00007fffd279e000 	C:\Program Files\Android\Android Studio\jbr\bin\java.dll
0x00007fffeb480000 - 0x00007fffeb619000 	C:\Windows\System32\ole32.dll
0x00007fffea6e0000 - 0x00007fffeae68000 	C:\Windows\System32\SHELL32.dll
0x00007fffd2760000 - 0x00007fffd2776000 	C:\Program Files\Android\Android Studio\jbr\bin\zip.dll
0x00007fffe6f80000 - 0x00007fffe781b000 	C:\Windows\SYSTEM32\windows.storage.dll
0x00007fffeb110000 - 0x00007fffeb209000 	C:\Windows\System32\SHCORE.dll
0x00007fffeafb0000 - 0x00007fffeb016000 	C:\Windows\System32\shlwapi.dll
0x00007fffe93d0000 - 0x00007fffe93f9000 	C:\Windows\SYSTEM32\profapi.dll
0x00007fffd2750000 - 0x00007fffd2760000 	C:\Program Files\Android\Android Studio\jbr\bin\net.dll
0x00007fffe8750000 - 0x00007fffe87bc000 	C:\Windows\system32\mswsock.dll
0x00007fffd2730000 - 0x00007fffd2746000 	C:\Program Files\Android\Android Studio\jbr\bin\nio.dll
0x00007fffd2270000 - 0x00007fffd2280000 	C:\Program Files\Android\Android Studio\jbr\bin\verify.dll
0x00007fffd2190000 - 0x00007fffd21b7000 	C:\Users\ABDUL\.gradle\native\660c5614fbf4a5f2a75b1949f50a0caf5cd603558e7d8a26e50b933a0cfb79d1\windows-amd64\native-platform.dll
0x00007fffcf350000 - 0x00007fffcf3c7000 	C:\Users\ABDUL\.gradle\native\0.2.8\x86_64-windows-gnu\gradle-fileevents.dll
0x00007fffd22c0000 - 0x00007fffd22c9000 	C:\Program Files\Android\Android Studio\jbr\bin\management.dll
0x00007fffd22b0000 - 0x00007fffd22bb000 	C:\Program Files\Android\Android Studio\jbr\bin\management_ext.dll
0x00007fffeb930000 - 0x00007fffeb938000 	C:\Windows\System32\PSAPI.DLL
0x00007fffe7b50000 - 0x00007fffe7b83000 	C:\Windows\SYSTEM32\IPHLPAPI.DLL
0x00007fffeb020000 - 0x00007fffeb02a000 	C:\Windows\System32\NSI.dll
0x00007fffd2320000 - 0x00007fffd2329000 	C:\Program Files\Android\Android Studio\jbr\bin\extnet.dll
0x00007fffe8a60000 - 0x00007fffe8a7b000 	C:\Windows\SYSTEM32\CRYPTSP.dll
0x00007fffe8100000 - 0x00007fffe8139000 	C:\Windows\system32\rsaenh.dll
0x00007fffe8800000 - 0x00007fffe8832000 	C:\Windows\SYSTEM32\USERENV.dll
0x00007fffe93a0000 - 0x00007fffe93ca000 	C:\Windows\SYSTEM32\bcrypt.dll
0x00007fffe8a40000 - 0x00007fffe8a4c000 	C:\Windows\SYSTEM32\CRYPTBASE.dll
0x00007fff1efb0000 - 0x00007fff1efb8000 	C:\Windows\system32\wshunix.dll

JVMTI agents:
C:\Users\ABDUL\.gradle\wrapper\dists\gradle-9.6.0-bin\42k10rwplmzkhuboz9kdazi7s\gradle-9.6.0\lib\agents\gradle-instrumentation-agent-9.6.0.jar path:C:\Program Files\Android\Android Studio\jbr\bin\instrument.dll, loaded, initialized, instrumentlib options:none

dbghelp: loaded successfully - version: 4.0.5 - missing functions: none
symbol engine: initialized successfully - sym options: 0x614 - pdb path: .;C:\Program Files\Android\Android Studio\jbr\bin;C:\Windows\SYSTEM32;C:\Windows\WinSxS\amd64_microsoft.windows.common-controls_6595b64144ccf1df_6.0.26100.8972_none_3e0da176e32f9d4b;C:\Program Files\Android\Android Studio\jbr\bin\server;C:\Users\ABDUL\.gradle\native\660c5614fbf4a5f2a75b1949f50a0caf5cd603558e7d8a26e50b933a0cfb79d1\windows-amd64;C:\Users\ABDUL\.gradle\native\0.2.8\x86_64-windows-gnu

VM Arguments:
jvm_args: --add-opens=java.base/java.lang=ALL-UNNAMED --add-opens=java.base/java.lang.invoke=ALL-UNNAMED --add-opens=java.base/java.util=ALL-UNNAMED --add-opens=java.prefs/java.util.prefs=ALL-UNNAMED --add-exports=jdk.compiler/com.sun.tools.javac.api=ALL-UNNAMED --add-exports=jdk.compiler/com.sun.tools.javac.util=ALL-UNNAMED --add-opens=java.base/java.nio.charset=ALL-UNNAMED --add-opens=java.base/java.net=ALL-UNNAMED --add-opens=java.base/java.util.concurrent=ALL-UNNAMED --add-opens=java.base/java.util.concurrent.atomic=ALL-UNNAMED --add-opens=java.xml/javax.xml.namespace=ALL-UNNAMED --add-opens=java.base/java.time=ALL-UNNAMED --enable-native-access=ALL-UNNAMED -Xmx2048m -Dfile.encoding=UTF-8 -Duser.country=BO -Duser.language=es -Duser.variant -javaagent:C:\Users\ABDUL\.gradle\wrapper\dists\gradle-9.6.0-bin\42k10rwplmzkhuboz9kdazi7s\gradle-9.6.0\lib\agents\gradle-instrumentation-agent-9.6.0.jar 
java_command: org.gradle.launcher.daemon.bootstrap.GradleDaemon 9.6.0
java_class_path (initial): C:\Users\ABDUL\.gradle\wrapper\dists\gradle-9.6.0-bin\42k10rwplmzkhuboz9kdazi7s\gradle-9.6.0\lib\gradle-daemon-main-9.6.0.jar
Launcher Type: SUN_STANDARD

[Global flags]
     intx CICompilerCount                          = 12                                        {product} {ergonomic}
     uint ConcGCThreads                            = 3                                         {product} {ergonomic}
     uint G1ConcRefinementThreads                  = 13                                        {product} {ergonomic}
   size_t G1HeapRegionSize                         = 1048576                                   {product} {ergonomic}
   size_t InitialHeapSize                          = 264241152                                 {product} {ergonomic}
   size_t MarkStackSize                            = 4194304                                   {product} {ergonomic}
   size_t MarkStackSizeMax                         = 536870912                                 {product} {ergonomic}
   size_t MaxHeapSize                              = 2147483648                                {product} {command line}
   size_t MaxNewSize                               = 1287651328                                {product} {ergonomic}
   size_t MinHeapDeltaBytes                        = 1048576                                   {product} {ergonomic}
   size_t MinHeapSize                              = 8388608                                   {product} {ergonomic}
    uintx NonNMethodCodeHeapSize                   = 7667712                                {pd product} {ergonomic}
    uintx NonProfiledCodeHeapSize                  = 122028032                              {pd product} {ergonomic}
    uintx ProfiledCodeHeapSize                     = 122028032                              {pd product} {ergonomic}
    uintx ReservedCodeCacheSize                    = 251723776                              {pd product} {ergonomic}
     bool SegmentedCodeCache                       = true                                      {product} {ergonomic}
   size_t SoftMaxHeapSize                          = 2147483648                             {manageable} {ergonomic}
     bool UseCompressedOops                        = true                           {product lp64_product} {ergonomic}
     bool UseG1GC                                  = true                                      {product} {ergonomic}
     bool UseLargePagesIndividualAllocation        = false                                  {pd product} {ergonomic}

Logging:
Log output configuration:
 #0: stdout all=warning uptime,level,tags foldmultilines=false
 #1: stderr all=off uptime,level,tags foldmultilines=false

Release file:
JAVA_VERSION="25.0.3" 
MODULES="java.base java.compiler java.datatransfer java.xml java.prefs java.desktop java.instrument java.logging java.management java.security.sasl java.naming java.rmi java.management.rmi java.net.http java.scripting java.security.jgss java.transaction.xa java.sql java.sql.rowset java.xml.crypto java.se java.smartcardio jdk.accessibility jdk.internal.jvmstat jdk.attach jdk.charsets jdk.internal.opt jdk.zipfs jdk.compiler jdk.crypto.cryptoki jdk.crypto.ec jdk.dynalink jdk.hotspot.agent jdk.httpserver jdk.internal.ed jdk.internal.le jdk.internal.md jdk.internal.vm.ci jdk.jartool jdk.javadoc jdk.jcmd jdk.jdeps jdk.jdwp.agent jdk.jdi jdk.jfr jdk.jlink jdk.localedata jdk.management jdk.management.agent jdk.management.jfr jdk.naming.dns jdk.naming.rmi jdk.net jdk.sctp jdk.security.auth jdk.security.jgss jdk.unsupported jdk.unsupported.desktop jdk.xml.dom" 
IMPLEMENTOR="JetBrains s.r.o." 
JAVA_RUNTIME_VERSION="25.0.3+-15898627-b508.16" 
LIBC="default" 
OS_ARCH="x86_64" 
OS_NAME="Windows" 
SOURCE=".:git:a8b1dba3234f" 

Environment Variables:
PATH=C:\Program Files (x86)\Razer Chroma SDK\bin;C:\Program Files\Razer Chroma SDK\bin;C:\ProgramData\Oracle\Java\javapath;C:\Windows\system32;C:\Windows;C:\Windows\System32\Wbem;C:\Windows\System32\WindowsPowerShell\v1.0\;C:\Windows\System32\OpenSSH\;C:\Program Files (x86)\NVIDIA Corporation\PhysX\Common;C:\WINDOWS\system32;C:\WINDOWS;C:\WINDOWS\System32\Wbem;C:\WINDOWS\System32\WindowsPowerShell\v1.0\;C:\WINDOWS\System32\OpenSSH\;C:\WINDOWS\system32\config\systemprofile\AppData\Local\Microsoft\WindowsApps;C:\Program Files (x86)\Razer\ChromaBroadcast\bin;C:\Program Files\Razer\ChromaBroadcast\bin;C:\Users\ABDUL\AppData\Local\Microsoft\WindowsApps;C:\Program Files\NVIDIA Corporation\NVIDIA app\NvDLISR;C:\Windows\system32;C:\Windows;C:\Windows\System32\Wbem;C:\Windows\System32\WindowsPowerShell\v1.0\;C:\Windows\System32\OpenSSH\;C:\Program Files\Wolfram Research\WolframScript\;C:\msys64\ucrt64\bin;C:\Program Files\Git\cmd;C:\Users\ABDUL\AppData\Local\Microsoft\WindowsApps;C:\Users\ABDUL\AppData\Local\Programs\Microsoft VS Code\bin;C:\Users\ABDUL\AppData\Local\Coursier\data\bin;C:\Users\ABDUL\AppData\Local\spicetify
USERNAME=ABDUL
OS=Windows_NT
PROCESSOR_IDENTIFIER=Intel64 Family 6 Model 141 Stepping 1, GenuineIntel
TMP=C:\Users\ABDUL\AppData\Local\Temp
TEMP=C:\Users\ABDUL\AppData\Local\Temp




Compilation memory statistics disabled.

Periodic native trim disabled

JNI global refs:
JNI global refs: 31, weak refs: 0

JNI global refs memory usage: 835, weak refs: 833

Process memory usage:
Resident Set Size: 348352K (2% of 16471556K total physical memory with 1225116K free physical memory)

OOME stack traces (most recent first):
Classloader memory used:
Loader org.gradle.internal.classloader.VisitableURLClassLoader                         : 37714 K
Loader bootstrap                                                                       : 23043 K
Loader org.gradle.initialization.MixInLegacyTypesClassLoader                           : 10857 K
Loader org.gradle.internal.classloader.VisitableURLClassLoader                         : 1117 K
Loader org.gradle.internal.classloader.VisitableURLClassLoader$InstrumentingVisitableURLClassLoader: 712 K
Loader jdk.internal.loader.ClassLoaders$AppClassLoader                                 : 186 K
Loader jdk.internal.loader.ClassLoaders$PlatformClassLoader                            : 157 K
Loader org.gradle.groovy.scripts.internal.DefaultScriptCompilationHandler$ScriptClassLoader: 88968 B

Classes loaded by more than one classloader:
Class org.gradle.internal.IoActions                                                   : loaded 3 times (x 73B)
Class org.gradle.api.Action                                                           : loaded 3 times (x 72B)
Class org.gradle.internal.Cast                                                        : loaded 3 times (x 73B)
Class org.gradle.api.GradleException                                                  : loaded 3 times (x 84B)
Class Program                                                                         : loaded 3 times (x 74B)
Class org.gradle.internal.classloader.DefaultClassLoaderFactory                       : loaded 2 times (x 84B)
Class kotlin.collections.AbstractList$Companion                                       : loaded 2 times (x 73B)
Class org.gradle.tooling.internal.gradle.DefaultProjectIdentifier                     : loaded 2 times (x 88B)
Class org.gradle.api.internal.DefaultClassPathProvider                                : loaded 2 times (x 78B)
Class [Lorg.gradle.api.internal.ClassPathProvider;                                    : loaded 2 times (x 71B)
Class org.gradle.api.internal.ClassPathProvider                                       : loaded 2 times (x 72B)
Class org.gradle.internal.service.UnknownServiceException                             : loaded 2 times (x 85B)
Class org.gradle.internal.classpath.TransformedClassPath                              : loaded 2 times (x 98B)
Class org.gradle.internal.classloader.InstrumentingClassLoader                        : loaded 2 times (x 72B)
Class com.google.common.collect.Iterators$ArrayItr                                    : loaded 2 times (x 99B)
Class kotlin.enums.EnumEntriesList                                                    : loaded 2 times (x 225B)
Class com.google.common.collect.UnmodifiableIterator                                  : loaded 2 times (x 82B)
Class org.gradle.internal.service.ServiceLocator                                      : loaded 2 times (x 72B)
Class com.intellij.gradle.toolingExtension.util.GradleVersionUtil                     : loaded 2 times (x 73B)
Class com.google.common.collect.Iterators$SingletonIterator                           : loaded 2 times (x 83B)
Class org.gradle.tooling.model.UnsupportedMethodException                             : loaded 2 times (x 84B)
Class com.google.common.collect.Iterators                                             : loaded 2 times (x 73B)
Class com.google.common.collect.Lists$StringAsImmutableList                           : loaded 2 times (x 209B)
Class org.gradle.internal.time.DefaultTimer                                           : loaded 2 times (x 82B)
Class org.gradle.api.internal.classpath.DefaultModuleRegistry$DefaultModule           : loaded 2 times (x 84B)
Class com.google.common.collect.AbstractIterator                                      : loaded 2 times (x 84B)
Class com.google.common.collect.AbstractIndexedListIterator                           : loaded 2 times (x 98B)
Class org.gradle.internal.time.DefaultCountdownTimer                                  : loaded 2 times (x 90B)
Class org.gradle.tooling.internal.gradle.DefaultBuildIdentifier                       : loaded 2 times (x 81B)
Class org.gradle.api.internal.classpath.Module                                        : loaded 2 times (x 72B)
Class org.gradle.api.internal.classpath.UnknownModuleException                        : loaded 2 times (x 84B)
Class org.gradle.tooling.internal.gradle.GradleProjectIdentity                        : loaded 2 times (x 72B)
Class org.gradle.api.internal.DefaultClassPathRegistry                                : loaded 2 times (x 78B)
Class org.gradle.internal.classpath.DefaultClassPath$ImmutableUniqueList              : loaded 2 times (x 201B)
Class org.gradle.api.internal.ClassPathRegistry                                       : loaded 2 times (x 72B)
Class org.gradle.internal.operations.MultipleBuildOperationFailures                   : loaded 2 times (x 97B)
Class Settings_gradle$1                                                               : loaded 2 times (x 76B)
Class org.gradle.internal.classpath.ClassPath                                         : loaded 2 times (x 72B)
Class sync_studio_tooling4392_75ume93vscjxxfhq3l8908lp8                               : loaded 2 times (x 173B)
Class org.gradle.api.internal.classpath.DefaultModuleRegistry$DefaultModuleAlias      : loaded 2 times (x 82B)
Class com.google.common.collect.Iterators$1                                           : loaded 2 times (x 83B)
Class org.gradle.tooling.model.Model                                                  : loaded 2 times (x 72B)
Class ijInit2_bcg0w5w5rckakf36kpmirmgft                                               : loaded 2 times (x 173B)
Class kotlin.UninitializedPropertyAccessException                                     : loaded 2 times (x 84B)
Class com.google.common.collect.UnmodifiableListIterator                              : loaded 2 times (x 97B)
Class org.gradle.api.internal.classpath.ModuleRegistry                                : loaded 2 times (x 72B)
Class org.gradle.internal.installation.GradleInstallation$1                           : loaded 2 times (x 77B)
Class com.google.common.collect.Iterators$5                                           : loaded 2 times (x 84B)
Class com.google.common.collect.ImmutableCollection                                   : loaded 2 times (x 127B)
Class org.gradle.tooling.model.idea.BasicIdeaProject                                  : loaded 2 times (x 72B)
Class org.gradle.api.internal.classpath.DefaultModuleRegistry                         : loaded 2 times (x 86B)
Class com.google.common.collect.Lists                                                 : loaded 2 times (x 73B)
Class com.google.common.collect.Iterators$9                                           : loaded 2 times (x 83B)
Class org.gradle.tooling.model.GradleProject                                          : loaded 2 times (x 72B)
Class org.gradle.internal.time.MonotonicClock                                         : loaded 2 times (x 79B)
Class org.gradle.internal.service.ServiceLookupException                              : loaded 2 times (x 84B)
Class org.gradle.internal.classloader.ClassLoaderFactory                              : loaded 2 times (x 72B)
Class sync_studio_tooling4392_75ume93vscjxxfhq3l8908lp8$_run_closure1                 : loaded 2 times (x 140B)
Class org.gradle.internal.service.CachingServiceLocator                               : loaded 2 times (x 84B)
Class org.gradle.internal.time.TimeSource                                             : loaded 2 times (x 72B)
Class org.gradle.tooling.internal.gradle.GradleBuildIdentity                          : loaded 2 times (x 72B)
Class kotlin.enums.EnumEntries                                                        : loaded 2 times (x 72B)
Class org.gradle.internal.exceptions.ResolutionProvider                               : loaded 2 times (x 72B)
Class org.gradle.tooling.model.ProjectIdentifier                                      : loaded 2 times (x 72B)
Class org.gradle.internal.classloader.ClasspathUtil                                   : loaded 2 times (x 73B)
Class org.gradle.internal.time.TimeSource$1                                           : loaded 2 times (x 79B)
Class kotlin.jvm.internal.DefaultConstructorMarker                                    : loaded 2 times (x 73B)
Class org.gradle.api.specs.Spec                                                       : loaded 2 times (x 72B)
Class com.intellij.gradle.toolingExtension.impl.model.utilDummyModel.DummyModel       : loaded 2 times (x 72B)
Class org.gradle.internal.time.Clock                                                  : loaded 2 times (x 72B)
Class org.gradle.tooling.model.BuildModel                                             : loaded 2 times (x 72B)
Class org.gradle.tooling.model.Element                                                : loaded 2 times (x 72B)
Class kotlin.collections.AbstractList                                                 : loaded 2 times (x 199B)
Class kotlin.collections.AbstractCollection                                           : loaded 2 times (x 119B)
Class org.gradle.internal.classloader.VisitableURLClassLoader$InstrumentingVisitableURLClassLoader: loaded 2 times (x 124B)
Class org.gradle.internal.classloader.VisitableURLClassLoader$Spec                    : loaded 2 times (x 76B)
Class org.gradle.internal.classpath.DefaultClassPath                                  : loaded 2 times (x 92B)
Class org.gradle.util.internal.DefaultGradleVersion                                   : loaded 2 times (x 84B)
Class org.gradle.internal.classloader.ClassLoaderSpec                                 : loaded 2 times (x 73B)
Class Settings_gradle$1$1                                                             : loaded 2 times (x 76B)
Class org.gradle.api.internal.classpath.Module$ModuleAlias                            : loaded 2 times (x 72B)
Class org.gradle.internal.classloader.VisitableURLClassLoader                         : loaded 2 times (x 118B)
Class Settings_gradle                                                                 : loaded 2 times (x 126B)
Class org.gradle.internal.classloader.ClassLoaderHierarchy                            : loaded 2 times (x 72B)
Class org.gradle.internal.classloader.FilteringClassLoader                            : loaded 2 times (x 106B)
Class org.gradle.tooling.model.eclipse.EclipseProject                                 : loaded 2 times (x 72B)
Class ijInit2_bcg0w5w5rckakf36kpmirmgft$_run_closure1                                 : loaded 2 times (x 141B)
Class org.gradle.internal.classpath.DefaultClassPath$ImmutableUniqueList$Builder      : loaded 2 times (x 77B)
Class com.google.common.collect.Iterators$4                                           : loaded 2 times (x 84B)
Class org.gradle.internal.exceptions.NonGradleCauseExceptionsHolder                   : loaded 2 times (x 72B)
Class org.gradle.tooling.model.eclipse.HierarchicalEclipseProject                     : loaded 2 times (x 72B)
Class kotlin.NotImplementedError                                                      : loaded 2 times (x 84B)
Class kotlin.enums.EnumEntriesKt                                                      : loaded 2 times (x 73B)
Class org.gradle.internal.exceptions.MultiCauseException                              : loaded 2 times (x 72B)
Class org.gradle.internal.time.CountdownTimer                                         : loaded 2 times (x 72B)
Class kotlin.jvm.internal.Intrinsics                                                  : loaded 2 times (x 73B)
Class org.gradle.tooling.model.ProjectModel                                           : loaded 2 times (x 72B)
Class org.gradle.tooling.model.gradle.GradleBuild                                     : loaded 2 times (x 72B)
Class kotlin.KotlinNullPointerException                                               : loaded 2 times (x 84B)
Class org.gradle.internal.exceptions.DefaultMultiCauseException                       : loaded 2 times (x 97B)
Class com.google.common.base.Preconditions                                            : loaded 2 times (x 73B)
Class org.gradle.tooling.model.HierarchicalElement                                    : loaded 2 times (x 72B)
Class com.google.common.collect.PeekingIterator                                       : loaded 2 times (x 72B)
Class org.gradle.internal.time.Time                                                   : loaded 2 times (x 73B)
Class org.gradle.tooling.model.BuildIdentifier                                        : loaded 2 times (x 72B)
Class kotlin.NoWhenBranchMatchedException                                             : loaded 2 times (x 84B)
Class org.gradle.tooling.model.BuildableElement                                       : loaded 2 times (x 72B)
Class org.gradle.tooling.model.HasGradleProject                                       : loaded 2 times (x 72B)
Class org.gradle.internal.time.Timer                                                  : loaded 2 times (x 72B)
Class kotlin.jvm.internal.markers.KMappedMarker                                       : loaded 2 times (x 72B)
Class org.gradle.internal.installation.CurrentGradleInstallationLocator               : loaded 2 times (x 73B)
Class com.google.common.collect.ImmutableList                                         : loaded 2 times (x 208B)
Class org.gradle.tooling.model.idea.IdeaProject                                       : loaded 2 times (x 72B)
Class org.gradle.internal.service.DefaultServiceLocator                               : loaded 2 times (x 85B)
Class org.gradle.util.GradleVersion                                                   : loaded 2 times (x 83B)
Class org.gradle.internal.installation.CurrentGradleInstallation                      : loaded 2 times (x 75B)
Class org.gradle.tooling.model.gradle.ProjectPublications                             : loaded 2 times (x 72B)
Class org.gradle.util.internal.GUtil                                                  : loaded 2 times (x 73B)
Class com.google.common.collect.Iterators$MergingIterator                             : loaded 2 times (x 83B)
Class org.gradle.internal.installation.GradleInstallation                             : loaded 2 times (x 77B)

---------------  S Y S T E M  ---------------

OS:
 Windows 11 , 64 bit Build 26100 (10.0.26100.9168)
OS uptime: 0 days 9:54 hours
Hyper-V role detected

CPU: total 16 (initial active 16) (8 cores per cpu, 2 threads per core) family 6 model 141 stepping 1 microcode 0x26, cx8, cmov, fxsr, ht, mmx, 3dnowpref, sse, sse2, sse3, ssse3, sse4.1, sse4.2, popcnt, lzcnt, tsc, tscinvbit, avx, avx2, aes, erms, clmul, bmi1, bmi2, adx, avx512f, avx512dq, avx512cd, avx512bw, avx512vl, sha, fma, vzeroupper, avx512_vpopcntdq, avx512_vpclmulqdq, avx512_vaes, avx512_vnni, clflush, clflushopt, clwb, avx512_vbmi2, avx512_vbmi, hv, rdtscp, rdpid, fsrm, gfni, avx512_bitalg, f16c, cet_ibt, cet_ss, avx512_ifma
Processor Information for the first 16 processors :
  Max Mhz: 2304, Current Mhz: 2304, Mhz Limit: 2304

Memory: 4k page, system-wide physical 16085M (1196M free)
TotalPageFile size 16085M (AvailPageFile size 37M)
current process WorkingSet (physical memory assigned to process): 340M, peak: 345M
current process commit charge ("private bytes"): 413M, peak: 463M

vm_info: OpenJDK 64-Bit Server VM (25.0.3+-15898627-b508.16) for windows-amd64 JRE (25.0.3+-15898627-b508.16), built on 2026-07-20T17:54:23Z with MS VC++ 16.10 / 16.11 (VS2019)

END.
