#
# There is insufficient memory for the Java Runtime Environment to continue.
# Native memory allocation (malloc) failed to allocate 1546712 bytes. Error detail: Chunk::new
# Possible reasons:
#   The system is out of physical RAM or swap space
#   This process is running with CompressedOops enabled, and the Java Heap may be blocking the growth of the native heap
# Possible solutions:
#   Reduce memory load on the system
#   Increase physical memory or swap space
#   Check if swap backing store is full
#   Decrease Java heap size (-Xmx/-Xms)
#   Decrease number of Java threads
#   Decrease Java thread stack sizes (-Xss)
#   Set larger code cache with -XX:ReservedCodeCacheSize=
#   JVM is running with Unscaled Compressed Oops mode in which the Java heap is
#     placed in the first 4GB address space. The Java Heap base address is the
#     maximum limit for the native heap growth. Please use -XX:HeapBaseMinAddress
#     to set the Java Heap base and to place the Java Heap above 4GB virtual address.
# This output file may be truncated or incomplete.
#
#  Out of Memory Error (arena.cpp:186), pid=14972, tid=19588
#
# JRE version: OpenJDK Runtime Environment (25.0.3) (build 25.0.3+-15898627-b508.16)
# Java VM: OpenJDK 64-Bit Server VM (25.0.3+-15898627-b508.16, mixed mode, tiered, compressed oops, compressed class ptrs, g1 gc, windows-amd64)
# No core dump will be written. Minidumps are not enabled by default on client versions of Windows
#

---------------  S U M M A R Y ------------

Command Line: --add-opens=java.base/java.lang=ALL-UNNAMED --add-opens=java.base/java.lang.invoke=ALL-UNNAMED --add-opens=java.base/java.util=ALL-UNNAMED --add-opens=java.prefs/java.util.prefs=ALL-UNNAMED --add-exports=jdk.compiler/com.sun.tools.javac.api=ALL-UNNAMED --add-exports=jdk.compiler/com.sun.tools.javac.util=ALL-UNNAMED --add-opens=java.base/java.nio.charset=ALL-UNNAMED --add-opens=java.base/java.net=ALL-UNNAMED --add-opens=java.base/java.util.concurrent=ALL-UNNAMED --add-opens=java.base/java.util.concurrent.atomic=ALL-UNNAMED --add-opens=java.xml/javax.xml.namespace=ALL-UNNAMED --add-opens=java.base/java.time=ALL-UNNAMED --enable-native-access=ALL-UNNAMED -Xmx2048m -Dfile.encoding=UTF-8 -Duser.country=BO -Duser.language=es -Duser.variant -javaagent:C:\Users\ABDUL\.gradle\wrapper\dists\gradle-9.6.0-bin\42k10rwplmzkhuboz9kdazi7s\gradle-9.6.0\lib\agents\gradle-instrumentation-agent-9.6.0.jar org.gradle.launcher.daemon.bootstrap.GradleDaemon 9.6.0

Host: 11th Gen Intel(R) Core(TM) i7-11800H @ 2.30GHz, 16 cores, 15G,  Windows 11 , 64 bit Build 26100 (10.0.26100.9168)
Time: Mon Oct  5 21:23:34 2026 Hora estándar de Venezuela elapsed time: 5.847443 seconds (0d 0h 0m 5s)

---------------  T H R E A D  ---------------

Current thread (0x000002123f0622e0):  JavaThread "C2 CompilerThread0" daemon [_thread_in_native, id=19588, stack(0x000000af76000000,0x000000af76100000) (1024K)]


Current CompileTask:
C2:5847 7279       4       java.lang.invoke.LambdaFormEditor::bindArgumentType (101 bytes)

Stack: [0x000000af76000000,0x000000af76100000]
Native frames: (J=compiled Java code, j=interpreted, Vv=VM code, C=native code)
V  [jvm.dll+0x7bf039]  (no source info available)
V  [jvm.dll+0x78912d]  (no source info available)
V  [jvm.dll+0xa0e615]  (no source info available)
V  [jvm.dll+0xa10c94]  (no source info available)
V  [jvm.dll+0xa11393]  (no source info available)
V  [jvm.dll+0x30a116]  (no source info available)
V  [jvm.dll+0x10eda9]  (no source info available)
V  [jvm.dll+0x10f0d2]  (no source info available)
V  [jvm.dll+0x1a9b77]  (no source info available)
V  [jvm.dll+0x3bf612]  (no source info available)
V  [jvm.dll+0x7c48b7]  (no source info available)
V  [jvm.dll+0x2ce466]  (no source info available)
V  [jvm.dll+0x2cd641]  (no source info available)
V  [jvm.dll+0x24334a]  (no source info available)
V  [jvm.dll+0x2dd025]  (no source info available)
V  [jvm.dll+0x2db226]  (no source info available)
V  [jvm.dll+0x49c12e]  (no source info available)
V  [jvm.dll+0x9ad738]  (no source info available)
V  [jvm.dll+0x7bd585]  (no source info available)
C  [ucrtbase.dll+0x2cd30]  (no source info available)
C  [KERNEL32.DLL+0x2ccb7]  (no source info available)
C  [ntdll.dll+0xaad6c]  (no source info available)

Lock stack of current Java thread (top to bottom):


---------------  P R O C E S S  ---------------

Threads class SMR info:
_java_thread_list=0x00000212414027d0, length=42, elements={
0x000002122263f6c0, 0x0000021237fad760, 0x000002123f04fb80, 0x000002123f0509e0,
0x000002123f025360, 0x000002123f025f20, 0x000002123f026ae0, 0x000002123f0316c0,
0x000002123f0622e0, 0x000002123f06e7a0, 0x000002123f06df90, 0x000002123f06ffd0,
0x000002123f4370c0, 0x000002123f06cf70, 0x000002123f072010, 0x0000021241fb7070,
0x0000021241e180e0, 0x0000021241f563f0, 0x00000212407d5080, 0x0000021242298af0,
0x0000021241f1e570, 0x0000021241f1ed40, 0x0000021241f1f510, 0x0000021241f1be60,
0x0000021241f1dda0, 0x0000021241f22bc0, 0x0000021241f23390, 0x0000021241f21450,
0x00000212420d7220, 0x00000212420d9930, 0x00000212420db0a0, 0x00000212420da8d0,
0x00000212420dc040, 0x00000212420dd7b0, 0x00000212453a4fb0, 0x00000212453a5780,
0x0000021244f86610, 0x0000021244f83730, 0x0000021244f85e40, 0x0000021244f87d80,
0x0000021244f84ea0, 0x00000212404f6350
}

Java Threads: ( => current thread )
  0x000002122263f6c0 JavaThread "main"                              [_thread_blocked, id=6644, stack(0x000000af75100000,0x000000af75200000) (1024K)]
  0x0000021237fad760 JavaThread "Common-Cleaner"             daemon [_thread_blocked, id=6652, stack(0x000000af75900000,0x000000af75a00000) (1024K)]
  0x000002123f04fb80 JavaThread "Reference Handler"          daemon [_thread_blocked, id=496, stack(0x000000af75a00000,0x000000af75b00000) (1024K)]
  0x000002123f0509e0 JavaThread "Finalizer"                  daemon [_thread_blocked, id=21080, stack(0x000000af75b00000,0x000000af75c00000) (1024K)]
  0x000002123f025360 JavaThread "Signal Dispatcher"          daemon [_thread_blocked, id=11140, stack(0x000000af75c00000,0x000000af75d00000) (1024K)]
  0x000002123f025f20 JavaThread "Attach Listener"            daemon [_thread_blocked, id=15944, stack(0x000000af75d00000,0x000000af75e00000) (1024K)]
  0x000002123f026ae0 JavaThread "Service Thread"             daemon [_thread_blocked, id=6568, stack(0x000000af75e00000,0x000000af75f00000) (1024K)]
  0x000002123f0316c0 JavaThread "Monitor Deflation Thread"   daemon [_thread_blocked, id=18664, stack(0x000000af75f00000,0x000000af76000000) (1024K)]
=>0x000002123f0622e0 JavaThread "C2 CompilerThread0"         daemon [_thread_in_native, id=19588, stack(0x000000af76000000,0x000000af76100000) (1024K)]
  0x000002123f06e7a0 JavaThread "C1 CompilerThread0"         daemon [_thread_blocked, id=19612, stack(0x000000af76100000,0x000000af76200000) (1024K)]
  0x000002123f06df90 JavaThread "C1 CompilerThread1"         daemon [_thread_blocked, id=21632, stack(0x000000af76200000,0x000000af76300000) (1024K)]
  0x000002123f06ffd0 JavaThread "C1 CompilerThread2"         daemon [_thread_blocked, id=9744, stack(0x000000af76300000,0x000000af76400000) (1024K)]
  0x000002123f4370c0 JavaThread "Notification Thread"        daemon [_thread_blocked, id=12300, stack(0x000000af76400000,0x000000af76500000) (1024K)]
  0x000002123f06cf70 JavaThread "C2 CompilerThread1"         daemon [_thread_in_native, id=20320, stack(0x000000af76600000,0x000000af76700000) (1024K)]
  0x000002123f072010 JavaThread "C2 CompilerThread2"         daemon [_thread_in_native, id=12292, stack(0x000000af76700000,0x000000af76800000) (1024K)]
  0x0000021241fb7070 JavaThread "Daemon health stats"               [_thread_blocked, id=19724, stack(0x000000af76900000,0x000000af76a00000) (1024K)]
  0x0000021241e180e0 JavaThread "Incoming local TCP Connector on port 54793"        [_thread_in_native, id=3688, stack(0x000000af76f00000,0x000000af77000000) (1024K)]
  0x0000021241f563f0 JavaThread "Daemon periodic checks"            [_thread_blocked, id=9352, stack(0x000000af77000000,0x000000af77100000) (1024K)]
  0x00000212407d5080 JavaThread "Daemon"                            [_thread_blocked, id=18928, stack(0x000000af77a00000,0x000000af77b00000) (1024K)]
  0x0000021242298af0 JavaThread "Handler for socket connection from /127.0.0.1:54793 to /127.0.0.1:54794"        [_thread_in_native, id=440, stack(0x000000af77b00000,0x000000af77c00000) (1024K)]
  0x0000021241f1e570 JavaThread "Cancel handler"                    [_thread_blocked, id=11624, stack(0x000000af77c00000,0x000000af77d00000) (1024K)]
  0x0000021241f1ed40 JavaThread "Daemon worker"                     [_thread_in_Java, id=13508, stack(0x000000af77d00000,0x000000af77e00000) (1024K)]
  0x0000021241f1f510 JavaThread "Asynchronous log dispatcher for DefaultDaemonConnection: socket connection from /127.0.0.1:54793 to /127.0.0.1:54794"        [_thread_blocked, id=18728, stack(0x000000af77e00000,0x000000af77f00000) (1024K)]
  0x0000021241f1be60 JavaThread "Stdin handler"                     [_thread_blocked, id=4460, stack(0x000000af77f00000,0x000000af78000000) (1024K)]
  0x0000021241f1dda0 JavaThread "Daemon client event forwarder"        [_thread_blocked, id=1408, stack(0x000000af78000000,0x000000af78100000) (1024K)]
  0x0000021241f22bc0 JavaThread "Cache worker for journal cache (C:\Users\ABDUL\.gradle\caches\journal-1)"        [_thread_blocked, id=21852, stack(0x000000af78100000,0x000000af78200000) (1024K)]
  0x0000021241f23390 JavaThread "File lock request listener"        [_thread_in_native, id=16680, stack(0x000000af78200000,0x000000af78300000) (1024K)]
  0x0000021241f21450 JavaThread "Cache worker for file hash cache (C:\Users\ABDUL\.gradle\caches\9.6.0\fileHashes)"        [_thread_blocked, id=11532, stack(0x000000af78300000,0x000000af78400000) (1024K)]
  0x00000212420d7220 JavaThread "Cache worker for file hash cache (C:\Users\ABDUL\Documents\apuntes\progra3\CYBER-QHATU\.gradle\9.6.0\fileHashes)"        [_thread_blocked, id=6364, stack(0x000000af78400000,0x000000af78500000) (1024K)]
  0x00000212420d9930 JavaThread "Cache worker for checksums cache (C:\Users\ABDUL\Documents\apuntes\progra3\CYBER-QHATU\.gradle\9.6.0\checksums)"        [_thread_blocked, id=8404, stack(0x000000af78500000,0x000000af78600000) (1024K)]
  0x00000212420db0a0 JavaThread "Cache worker for Build Output Cleanup Cache (C:\Users\ABDUL\Documents\apuntes\progra3\CYBER-QHATU\.gradle\buildOutputCleanup)"        [_thread_blocked, id=15632, stack(0x000000af78600000,0x000000af78700000) (1024K)]
  0x00000212420da8d0 JavaThread "Cache worker for file content cache (C:\Users\ABDUL\.gradle\caches\9.6.0\fileContent)"        [_thread_blocked, id=11604, stack(0x000000af76800000,0x000000af76900000) (1024K)]
  0x00000212420dc040 JavaThread "File watcher server"        daemon [_thread_in_native, id=15224, stack(0x000000af78700000,0x000000af78800000) (1024K)]
  0x00000212420dd7b0 JavaThread "File watcher consumer"      daemon [_thread_blocked, id=20864, stack(0x000000af78800000,0x000000af78900000) (1024K)]
  0x00000212453a4fb0 JavaThread "Cache worker for cache directory md-supplier (C:\Users\ABDUL\.gradle\caches\9.6.0\md-supplier)"        [_thread_blocked, id=22984, stack(0x000000af78900000,0x000000af78a00000) (1024K)]
  0x00000212453a5780 JavaThread "Cache worker for cache directory md-rule (C:\Users\ABDUL\.gradle\caches\9.6.0\md-rule)"        [_thread_blocked, id=20784, stack(0x000000af78a00000,0x000000af78b00000) (1024K)]
  0x0000021244f86610 JavaThread "build event listener"              [_thread_blocked, id=11320, stack(0x000000af78c00000,0x000000af78d00000) (1024K)]
  0x0000021244f83730 JavaThread "build event listener"              [_thread_blocked, id=18864, stack(0x000000af78d00000,0x000000af78e00000) (1024K)]
  0x0000021244f85e40 JavaThread "build event listener"              [_thread_blocked, id=15936, stack(0x000000af78e00000,0x000000af78f00000) (1024K)]
  0x0000021244f87d80 JavaThread "Build operations"                  [_thread_blocked, id=23184, stack(0x000000af78f00000,0x000000af79000000) (1024K)]
  0x0000021244f84ea0 JavaThread "Memory manager"                    [_thread_blocked, id=16092, stack(0x000000af78b00000,0x000000af78c00000) (1024K)]
  0x00000212404f6350 JavaThread "C2 CompilerThread3"         daemon [_thread_in_native, id=19928, stack(0x000000af76500000,0x000000af76600000) (1024K)]
Total: 42

Other Threads:
  0x0000021237f9cfd0 VMThread "VM Thread"                           [id=19048, stack(0x000000af75800000,0x000000af75900000) (1024K)]
  0x0000021237f61f70 WatcherThread "VM Periodic Task Thread"        [id=20380, stack(0x000000af75700000,0x000000af75800000) (1024K)]
  0x000002122269ed00 WorkerThread "GC Thread#0"                     [id=22660, stack(0x000000af75200000,0x000000af75300000) (1024K)]
  0x00000212406fa5a0 WorkerThread "GC Thread#1"                     [id=10792, stack(0x000000af76a00000,0x000000af76b00000) (1024K)]
  0x00000212408624e0 WorkerThread "GC Thread#2"                     [id=9872, stack(0x000000af76b00000,0x000000af76c00000) (1024K)]
  0x00000212407d3050 WorkerThread "GC Thread#3"                     [id=11208, stack(0x000000af76c00000,0x000000af76d00000) (1024K)]
  0x00000212407d3480 WorkerThread "GC Thread#4"                     [id=18500, stack(0x000000af76d00000,0x000000af76e00000) (1024K)]
  0x000002124083b7f0 WorkerThread "GC Thread#5"                     [id=3324, stack(0x000000af76e00000,0x000000af76f00000) (1024K)]
  0x000002124083c4e0 WorkerThread "GC Thread#6"                     [id=8964, stack(0x000000af77100000,0x000000af77200000) (1024K)]
  0x000002124083a6b0 WorkerThread "GC Thread#7"                     [id=23024, stack(0x000000af77200000,0x000000af77300000) (1024K)]
  0x000002124083d1d0 WorkerThread "GC Thread#8"                     [id=22164, stack(0x000000af77300000,0x000000af77400000) (1024K)]
  0x000002124083c930 WorkerThread "GC Thread#9"                     [id=23060, stack(0x000000af77400000,0x000000af77500000) (1024K)]
  0x000002124083d620 WorkerThread "GC Thread#10"                    [id=15864, stack(0x000000af77500000,0x000000af77600000) (1024K)]
  0x000002124083da70 WorkerThread "GC Thread#11"                    [id=5460, stack(0x000000af77600000,0x000000af77700000) (1024K)]
  0x0000021241ec42b0 WorkerThread "GC Thread#12"                    [id=16236, stack(0x000000af77700000,0x000000af77800000) (1024K)]
  0x00000212226f6010 ConcurrentGCThread "G1 Main Marker"            [id=6372, stack(0x000000af75300000,0x000000af75400000) (1024K)]
  0x00000212226f7350 WorkerThread "G1 Conc#0"                       [id=7580, stack(0x000000af75400000,0x000000af75500000) (1024K)]
  0x0000021241ec6980 WorkerThread "G1 Conc#1"                       [id=10636, stack(0x000000af77800000,0x000000af77900000) (1024K)]
  0x0000021241ec4b50 WorkerThread "G1 Conc#2"                       [id=17776, stack(0x000000af77900000,0x000000af77a00000) (1024K)]
  0x0000021237e33a20 ConcurrentGCThread "G1 Refine#0"               [id=21444, stack(0x000000af75500000,0x000000af75600000) (1024K)]
  0x00000212226fe9d0 ConcurrentGCThread "G1 Service"                [id=3336, stack(0x000000af75600000,0x000000af75700000) (1024K)]
Total: 21

Threads with active compile tasks:
C2 CompilerThread0  5936 7279       4       java.lang.invoke.LambdaFormEditor::bindArgumentType (101 bytes)
C2 CompilerThread1  5936 7364       4       org.objectweb.asm.Type::appendDescriptor (185 bytes)
C2 CompilerThread2  5936 7316 %     4       org.gradle.internal.instantiation.generator.AbstractClassGenerator::inspectType @ 77 (602 bytes)
C2 CompilerThread3  5936 7369       4       java.util.TimSort::binarySort (223 bytes)
Total: 4

VM state: not at safepoint (normal execution)

VM Mutex/Monitor currently owned by a thread: None

Heap address: 0x0000000080000000, size: 2048 MB, Compressed Oops mode: 32-bit

CDS archive(s) not mapped
Compressed class space mapped at: 0x000000001f000000-0x000000005f000000, reserved size: 1073741824
UseCompressedClassPointers 1, UseCompactObjectHeaders 0
Narrow klass pointer bits 32, Max shift 3
Narrow klass base: 0x0000000000000000, Narrow klass shift: 0
Encoding Range: [0x0000000000000000 - 0x0000000100000000), (4294967296 bytes)
Klass Range:    [0x000000001f000000 - 0x000000005f000000), (1073741824 bytes)
Klass ID Range:  [520093696 - 1593835513) (1073741817)
No protection zone.

GC Precious Log:
 CardTable entry size: 512
 Card Set container configuration: InlinePtr #cards 5 size 8 Array Of Cards #cards 10 size 36 Howl #buckets 4 coarsen threshold 1843 Howl Bitmap #cards 512 size 80 coarsen threshold 460 Card regions per heap region 1 cards per card region 2048
 CPUs: 16 total, 16 available
 Memory: 16085M
 Large Page Support: Disabled
 NUMA Support: Disabled
 Compressed Oops: Enabled (32-bit)
 Heap Region Size: 1M
 Heap Min Capacity: 8M
 Heap Initial Capacity: 252M
 Heap Max Capacity: 2G
 Pre-touch: Disabled
 Parallel Workers: 13
 Concurrent Workers: 3
 Concurrent Refinement Workers: 13
 Periodic GC: Disabled

Heap:
 garbage-first heap   total reserved 2097152K, committed 112640K, used 88444K [0x0000000080000000, 0x0000000100000000)
  region size 1024K, 32 young (32768K), 5 survivors (5120K)

Heap Regions: E=young(eden), S=young(survivor), O=old, HS=humongous(starts), HC=humongous(continues), CS=collection set, F=free, TAMS=top-at-mark-start, PB=parsable bottom
|   0|0x0000000080000000, 0x0000000080100000, 0x0000000080100000|100%|HS|  |TAMS 0x0000000080000000| PB 0x0000000080000000| Complete |  0
|   1|0x0000000080100000, 0x0000000080200000, 0x0000000080200000|100%|HC|  |TAMS 0x0000000080100000| PB 0x0000000080100000| Complete |  0
|   2|0x0000000080200000, 0x0000000080300000, 0x0000000080300000|100%|HC|  |TAMS 0x0000000080200000| PB 0x0000000080200000| Complete |  0
|   3|0x0000000080300000, 0x0000000080400000, 0x0000000080400000|100%|HC|  |TAMS 0x0000000080300000| PB 0x0000000080300000| Complete |  0
|   4|0x0000000080400000, 0x0000000080500000, 0x0000000080500000|100%| O|  |TAMS 0x0000000080400000| PB 0x0000000080400000| Untracked |  0
|   5|0x0000000080500000, 0x0000000080600000, 0x0000000080600000|100%| O|  |TAMS 0x0000000080500000| PB 0x0000000080500000| Untracked |  0
|   6|0x0000000080600000, 0x0000000080700000, 0x0000000080700000|100%|HS|  |TAMS 0x0000000080600000| PB 0x0000000080600000| Complete |  0
|   7|0x0000000080700000, 0x0000000080800000, 0x0000000080800000|100%|HS|  |TAMS 0x0000000080700000| PB 0x0000000080700000| Complete |  0
|   8|0x0000000080800000, 0x0000000080900000, 0x0000000080900000|100%| O|  |TAMS 0x0000000080800000| PB 0x0000000080800000| Untracked |  0
|   9|0x0000000080900000, 0x0000000080a00000, 0x0000000080a00000|100%| O|  |TAMS 0x0000000080900000| PB 0x0000000080900000| Untracked |  0
|  10|0x0000000080a00000, 0x0000000080b00000, 0x0000000080b00000|100%| O|  |TAMS 0x0000000080a00000| PB 0x0000000080a00000| Untracked |  0
|  11|0x0000000080b00000, 0x0000000080c00000, 0x0000000080c00000|100%| O|  |TAMS 0x0000000080b00000| PB 0x0000000080b00000| Untracked |  0
|  12|0x0000000080c00000, 0x0000000080d00000, 0x0000000080d00000|100%| O|  |TAMS 0x0000000080c00000| PB 0x0000000080c00000| Untracked |  0
|  13|0x0000000080d00000, 0x0000000080e00000, 0x0000000080e00000|100%| O|  |TAMS 0x0000000080d00000| PB 0x0000000080d00000| Untracked |  0
|  14|0x0000000080e00000, 0x0000000080f00000, 0x0000000080f00000|100%| O|  |TAMS 0x0000000080e00000| PB 0x0000000080e00000| Untracked |  0
|  15|0x0000000080f00000, 0x0000000081000000, 0x0000000081000000|100%| O|  |TAMS 0x0000000080f00000| PB 0x0000000080f00000| Untracked |  0
|  16|0x0000000081000000, 0x0000000081100000, 0x0000000081100000|100%| O|  |TAMS 0x0000000081000000| PB 0x0000000081000000| Untracked |  0
|  17|0x0000000081100000, 0x0000000081200000, 0x0000000081200000|100%| O|  |TAMS 0x0000000081100000| PB 0x0000000081100000| Untracked |  0
|  18|0x0000000081200000, 0x0000000081300000, 0x0000000081300000|100%|HS|  |TAMS 0x0000000081200000| PB 0x0000000081200000| Complete |  0
|  19|0x0000000081300000, 0x0000000081400000, 0x0000000081400000|100%|HS|  |TAMS 0x0000000081300000| PB 0x0000000081300000| Complete |  0
|  20|0x0000000081400000, 0x0000000081500000, 0x0000000081500000|100%|HS|  |TAMS 0x0000000081400000| PB 0x0000000081400000| Complete |  0
|  21|0x0000000081500000, 0x0000000081600000, 0x0000000081600000|100%|HS|  |TAMS 0x0000000081500000| PB 0x0000000081500000| Complete |  0
|  22|0x0000000081600000, 0x0000000081700000, 0x0000000081700000|100%|HC|  |TAMS 0x0000000081600000| PB 0x0000000081600000| Complete |  0
|  23|0x0000000081700000, 0x0000000081800000, 0x0000000081800000|100%| O|  |TAMS 0x0000000081700000| PB 0x0000000081700000| Untracked |  0
|  24|0x0000000081800000, 0x0000000081900000, 0x0000000081900000|100%| O|  |TAMS 0x0000000081800000| PB 0x0000000081800000| Untracked |  0
|  25|0x0000000081900000, 0x0000000081a00000, 0x0000000081a00000|100%| O|  |TAMS 0x0000000081900000| PB 0x0000000081900000| Untracked |  0
|  26|0x0000000081a00000, 0x0000000081b00000, 0x0000000081b00000|100%| O|  |TAMS 0x0000000081a00000| PB 0x0000000081a00000| Untracked |  0
|  27|0x0000000081b00000, 0x0000000081c00000, 0x0000000081c00000|100%|HS|  |TAMS 0x0000000081b00000| PB 0x0000000081b00000| Complete |  0
|  28|0x0000000081c00000, 0x0000000081d00000, 0x0000000081d00000|100%| O|  |TAMS 0x0000000081c00000| PB 0x0000000081c00000| Untracked |  0
|  29|0x0000000081d00000, 0x0000000081e00000, 0x0000000081e00000|100%| O|  |TAMS 0x0000000081d00000| PB 0x0000000081d00000| Untracked |  0
|  30|0x0000000081e00000, 0x0000000081f00000, 0x0000000081f00000|100%| O|  |TAMS 0x0000000081e00000| PB 0x0000000081e00000| Untracked |  0
|  31|0x0000000081f00000, 0x0000000082000000, 0x0000000082000000|100%|HS|  |TAMS 0x0000000081f00000| PB 0x0000000081f00000| Complete |  0
|  32|0x0000000082000000, 0x0000000082100000, 0x0000000082100000|100%|HC|  |TAMS 0x0000000082000000| PB 0x0000000082000000| Complete |  0
|  33|0x0000000082100000, 0x0000000082200000, 0x0000000082200000|100%| O|  |TAMS 0x0000000082100000| PB 0x0000000082100000| Untracked |  0
|  34|0x0000000082200000, 0x0000000082300000, 0x0000000082300000|100%| O|  |TAMS 0x0000000082200000| PB 0x0000000082200000| Untracked |  0
|  35|0x0000000082300000, 0x0000000082400000, 0x0000000082400000|100%| O|  |TAMS 0x0000000082300000| PB 0x0000000082300000| Untracked |  0
|  36|0x0000000082400000, 0x0000000082500000, 0x0000000082500000|100%| O|Cm|TAMS 0x0000000082400000| PB 0x0000000082400000| Complete |  0
|  37|0x0000000082500000, 0x0000000082600000, 0x0000000082600000|100%| O|  |TAMS 0x0000000082500000| PB 0x0000000082500000| Untracked |  0
|  38|0x0000000082600000, 0x0000000082700000, 0x0000000082700000|100%|HS|  |TAMS 0x0000000082600000| PB 0x0000000082600000| Complete |  0
|  39|0x0000000082700000, 0x0000000082800000, 0x0000000082800000|100%| O|  |TAMS 0x0000000082700000| PB 0x0000000082700000| Untracked |  0
|  40|0x0000000082800000, 0x0000000082900000, 0x0000000082900000|100%| O|  |TAMS 0x0000000082800000| PB 0x0000000082800000| Untracked |  0
|  41|0x0000000082900000, 0x0000000082a00000, 0x0000000082a00000|100%| O|  |TAMS 0x0000000082900000| PB 0x0000000082900000| Untracked |  0
|  42|0x0000000082a00000, 0x0000000082b00000, 0x0000000082b00000|100%|HS|  |TAMS 0x0000000082a00000| PB 0x0000000082a00000| Complete |  0
|  43|0x0000000082b00000, 0x0000000082c00000, 0x0000000082c00000|100%| O|  |TAMS 0x0000000082b00000| PB 0x0000000082b00000| Untracked |  0
|  44|0x0000000082c00000, 0x0000000082d00000, 0x0000000082d00000|100%|HS|  |TAMS 0x0000000082c00000| PB 0x0000000082c00000| Complete |  0
|  45|0x0000000082d00000, 0x0000000082de4358, 0x0000000082e00000| 89%| O|  |TAMS 0x0000000082d00000| PB 0x0000000082d00000| Untracked |  0
|  46|0x0000000082e00000, 0x0000000082e00000, 0x0000000082f00000|  0%| F|  |TAMS 0x0000000082e00000| PB 0x0000000082e00000| Untracked |  0
|  47|0x0000000082f00000, 0x0000000082f00000, 0x0000000083000000|  0%| F|  |TAMS 0x0000000082f00000| PB 0x0000000082f00000| Untracked |  0
|  48|0x0000000083000000, 0x0000000083000000, 0x0000000083100000|  0%| F|  |TAMS 0x0000000083000000| PB 0x0000000083000000| Untracked |  0
|  49|0x0000000083100000, 0x0000000083200000, 0x0000000083200000|100%| O|  |TAMS 0x0000000083100000| PB 0x0000000083100000| Untracked |  0
|  50|0x0000000083200000, 0x0000000083300000, 0x0000000083300000|100%| O|  |TAMS 0x0000000083200000| PB 0x0000000083200000| Untracked |  0
|  51|0x0000000083300000, 0x0000000083300000, 0x0000000083400000|  0%| F|  |TAMS 0x0000000083300000| PB 0x0000000083300000| Untracked |  0
|  52|0x0000000083400000, 0x0000000083400000, 0x0000000083500000|  0%| F|  |TAMS 0x0000000083400000| PB 0x0000000083400000| Untracked |  0
|  53|0x0000000083500000, 0x0000000083500000, 0x0000000083600000|  0%| F|  |TAMS 0x0000000083500000| PB 0x0000000083500000| Untracked |  0
|  54|0x0000000083600000, 0x0000000083600000, 0x0000000083700000|  0%| F|  |TAMS 0x0000000083600000| PB 0x0000000083600000| Untracked |  0
|  55|0x0000000083700000, 0x0000000083700000, 0x0000000083800000|  0%| F|  |TAMS 0x0000000083700000| PB 0x0000000083700000| Untracked |  0
|  56|0x0000000083800000, 0x0000000083800000, 0x0000000083900000|  0%| F|  |TAMS 0x0000000083800000| PB 0x0000000083800000| Untracked |  0
|  57|0x0000000083900000, 0x000000008397ad90, 0x0000000083a00000| 47%| S|CS|TAMS 0x0000000083900000| PB 0x0000000083900000| Complete |  0
|  58|0x0000000083a00000, 0x0000000083b00000, 0x0000000083b00000|100%| S|CS|TAMS 0x0000000083a00000| PB 0x0000000083a00000| Complete |  0
|  59|0x0000000083b00000, 0x0000000083c00000, 0x0000000083c00000|100%| S|CS|TAMS 0x0000000083b00000| PB 0x0000000083b00000| Complete |  0
|  60|0x0000000083c00000, 0x0000000083d00000, 0x0000000083d00000|100%| S|CS|TAMS 0x0000000083c00000| PB 0x0000000083c00000| Complete |  0
|  61|0x0000000083d00000, 0x0000000083e00000, 0x0000000083e00000|100%| S|CS|TAMS 0x0000000083d00000| PB 0x0000000083d00000| Complete |  0
|  62|0x0000000083e00000, 0x0000000083e00000, 0x0000000083f00000|  0%| F|  |TAMS 0x0000000083e00000| PB 0x0000000083e00000| Untracked |  0
|  63|0x0000000083f00000, 0x0000000083f00000, 0x0000000084000000|  0%| F|  |TAMS 0x0000000083f00000| PB 0x0000000083f00000| Untracked |  0
|  64|0x0000000084000000, 0x0000000084000000, 0x0000000084100000|  0%| F|  |TAMS 0x0000000084000000| PB 0x0000000084000000| Untracked |  0
|  65|0x0000000084100000, 0x0000000084100000, 0x0000000084200000|  0%| F|  |TAMS 0x0000000084100000| PB 0x0000000084100000| Untracked |  0
|  66|0x0000000084200000, 0x0000000084200000, 0x0000000084300000|  0%| F|  |TAMS 0x0000000084200000| PB 0x0000000084200000| Untracked |  0
|  67|0x0000000084300000, 0x0000000084300000, 0x0000000084400000|  0%| F|  |TAMS 0x0000000084300000| PB 0x0000000084300000| Untracked |  0
|  68|0x0000000084400000, 0x0000000084400000, 0x0000000084500000|  0%| F|  |TAMS 0x0000000084400000| PB 0x0000000084400000| Untracked |  0
|  69|0x0000000084500000, 0x0000000084500000, 0x0000000084600000|  0%| F|  |TAMS 0x0000000084500000| PB 0x0000000084500000| Untracked |  0
|  70|0x0000000084600000, 0x0000000084600000, 0x0000000084700000|  0%| F|  |TAMS 0x0000000084600000| PB 0x0000000084600000| Untracked |  0
|  71|0x0000000084700000, 0x0000000084700000, 0x0000000084800000|  0%| F|  |TAMS 0x0000000084700000| PB 0x0000000084700000| Untracked |  0
|  72|0x0000000084800000, 0x0000000084800000, 0x0000000084900000|  0%| F|  |TAMS 0x0000000084800000| PB 0x0000000084800000| Untracked |  0
|  73|0x0000000084900000, 0x0000000084900000, 0x0000000084a00000|  0%| F|  |TAMS 0x0000000084900000| PB 0x0000000084900000| Untracked |  0
|  74|0x0000000084a00000, 0x0000000084a00000, 0x0000000084b00000|  0%| F|  |TAMS 0x0000000084a00000| PB 0x0000000084a00000| Untracked |  0
|  75|0x0000000084b00000, 0x0000000084c00000, 0x0000000084c00000|100%| E|  |TAMS 0x0000000084b00000| PB 0x0000000084b00000| Complete |  0
|  76|0x0000000084c00000, 0x0000000084d00000, 0x0000000084d00000|100%| E|CS|TAMS 0x0000000084c00000| PB 0x0000000084c00000| Complete |  0
|  77|0x0000000084d00000, 0x0000000084e00000, 0x0000000084e00000|100%| E|CS|TAMS 0x0000000084d00000| PB 0x0000000084d00000| Complete |  0
|  78|0x0000000084e00000, 0x0000000084f00000, 0x0000000084f00000|100%| E|CS|TAMS 0x0000000084e00000| PB 0x0000000084e00000| Complete |  0
|  79|0x0000000084f00000, 0x0000000085000000, 0x0000000085000000|100%| E|CS|TAMS 0x0000000084f00000| PB 0x0000000084f00000| Complete |  0
|  80|0x0000000085000000, 0x0000000085100000, 0x0000000085100000|100%| E|CS|TAMS 0x0000000085000000| PB 0x0000000085000000| Complete |  0
|  81|0x0000000085100000, 0x0000000085200000, 0x0000000085200000|100%| E|CS|TAMS 0x0000000085100000| PB 0x0000000085100000| Complete |  0
|  82|0x0000000085200000, 0x0000000085300000, 0x0000000085300000|100%| E|CS|TAMS 0x0000000085200000| PB 0x0000000085200000| Complete |  0
|  83|0x0000000085300000, 0x0000000085400000, 0x0000000085400000|100%| E|CS|TAMS 0x0000000085300000| PB 0x0000000085300000| Complete |  0
|  84|0x0000000085400000, 0x0000000085500000, 0x0000000085500000|100%| E|CS|TAMS 0x0000000085400000| PB 0x0000000085400000| Complete |  0
|  85|0x0000000085500000, 0x0000000085600000, 0x0000000085600000|100%| E|CS|TAMS 0x0000000085500000| PB 0x0000000085500000| Complete |  0
|  86|0x0000000085600000, 0x0000000085700000, 0x0000000085700000|100%| E|CS|TAMS 0x0000000085600000| PB 0x0000000085600000| Complete |  0
|  87|0x0000000085700000, 0x0000000085800000, 0x0000000085800000|100%| E|CS|TAMS 0x0000000085700000| PB 0x0000000085700000| Complete |  0
| 171|0x000000008ab00000, 0x000000008ac00000, 0x000000008ac00000|100%| E|CS|TAMS 0x000000008ab00000| PB 0x000000008ab00000| Complete |  0
| 172|0x000000008ac00000, 0x000000008ad00000, 0x000000008ad00000|100%| E|CS|TAMS 0x000000008ac00000| PB 0x000000008ac00000| Complete |  0
| 173|0x000000008ad00000, 0x000000008ae00000, 0x000000008ae00000|100%| E|CS|TAMS 0x000000008ad00000| PB 0x000000008ad00000| Complete |  0
| 174|0x000000008ae00000, 0x000000008af00000, 0x000000008af00000|100%| E|CS|TAMS 0x000000008ae00000| PB 0x000000008ae00000| Complete |  0
| 175|0x000000008af00000, 0x000000008b000000, 0x000000008b000000|100%| E|CS|TAMS 0x000000008af00000| PB 0x000000008af00000| Complete |  0
| 176|0x000000008b000000, 0x000000008b100000, 0x000000008b100000|100%| E|CS|TAMS 0x000000008b000000| PB 0x000000008b000000| Complete |  0
| 177|0x000000008b100000, 0x000000008b200000, 0x000000008b200000|100%| E|CS|TAMS 0x000000008b100000| PB 0x000000008b100000| Complete |  0
| 178|0x000000008b200000, 0x000000008b300000, 0x000000008b300000|100%| E|CS|TAMS 0x000000008b200000| PB 0x000000008b200000| Complete |  0
| 179|0x000000008b300000, 0x000000008b400000, 0x000000008b400000|100%| E|CS|TAMS 0x000000008b300000| PB 0x000000008b300000| Complete |  0
| 180|0x000000008b400000, 0x000000008b500000, 0x000000008b500000|100%| E|CS|TAMS 0x000000008b400000| PB 0x000000008b400000| Complete |  0
| 181|0x000000008b500000, 0x000000008b600000, 0x000000008b600000|100%| E|CS|TAMS 0x000000008b500000| PB 0x000000008b500000| Complete |  0
| 182|0x000000008b600000, 0x000000008b700000, 0x000000008b700000|100%| E|CS|TAMS 0x000000008b600000| PB 0x000000008b600000| Complete |  0
| 183|0x000000008b700000, 0x000000008b800000, 0x000000008b800000|100%| E|CS|TAMS 0x000000008b700000| PB 0x000000008b700000| Complete |  0
| 251|0x000000008fb00000, 0x000000008fc00000, 0x000000008fc00000|100%| E|CS|TAMS 0x000000008fb00000| PB 0x000000008fb00000| Complete |  0
|2040|0x00000000ff800000, 0x00000000ff900000, 0x00000000ff900000|100%| O|  |TAMS 0x00000000ff800000| PB 0x00000000ff800000| Untracked |  0
|2041|0x00000000ff900000, 0x00000000ffa00000, 0x00000000ffa00000|100%| O|  |TAMS 0x00000000ff900000| PB 0x00000000ff900000| Untracked |  0
|2042|0x00000000ffa00000, 0x00000000ffb00000, 0x00000000ffb00000|100%| O|  |TAMS 0x00000000ffa00000| PB 0x00000000ffa00000| Untracked |  0
|2043|0x00000000ffb00000, 0x00000000ffc00000, 0x00000000ffc00000|100%| O|  |TAMS 0x00000000ffb00000| PB 0x00000000ffb00000| Untracked |  0
|2044|0x00000000ffc00000, 0x00000000ffd00000, 0x00000000ffd00000|100%| O|  |TAMS 0x00000000ffc00000| PB 0x00000000ffc00000| Untracked |  0
|2045|0x00000000ffd00000, 0x00000000ffe00000, 0x00000000ffe00000|100%| O|  |TAMS 0x00000000ffd00000| PB 0x00000000ffd00000| Untracked |  0
|2046|0x00000000ffe00000, 0x00000000fff00000, 0x00000000fff00000|100%| O|  |TAMS 0x00000000ffe00000| PB 0x00000000ffe00000| Untracked |  0
|2047|0x00000000fff00000, 0x0000000100000000, 0x0000000100000000|100%| O|  |TAMS 0x00000000fff00000| PB 0x00000000fff00000| Untracked |  0

Card table byte_map: [0x00000212358e0000,0x0000021235ce0000] _byte_map_base: 0x00000212354e0000

Marking Bits: (CMBitMap*) 0x000002122269f490
 Bits: [0x0000021235ce0000, 0x0000021237ce0000)

Polling page: 0x00000212204f0000

Metaspace:
Metaspace        used 66641K, committed 68224K, reserved 1114112K
 class space     used 9513K, committed 10240K, reserved 1048576K

Usage:
  Non-class:     55.79 MB used.
      Class:      9.29 MB used.
       Both:     65.08 MB used.

Virtual space:
  Non-class space:       64.00 MB reserved,      56.62 MB ( 88%) committed,  1 nodes.
      Class space:        1.00 GB reserved,      10.00 MB ( <1%) committed,  1 nodes.
             Both:        1.06 GB reserved,      66.62 MB (  6%) committed. 

Chunk freelists:
   Non-Class:  6.78 MB
       Class:  6.00 MB
        Both:  12.78 MB

MaxMetaspaceSize: unlimited
CompressedClassSpaceSize: 1.00 GB
Initial GC threshold: 21.00 MB
Current GC threshold: 104.94 MB
CDS: off
 - commit_granule_bytes: 65536.
 - commit_granule_words: 8192.
 - virtual_space_node_default_size: 8388608.
 - enlarge_chunks_in_place: 1.
UseCompressedClassPointers 1, UseCompactObjectHeaders 0
Narrow klass pointer bits 32, Max shift 3
Narrow klass base: 0x0000000000000000, Narrow klass shift: 0
Encoding Range: [0x0000000000000000 - 0x0000000100000000), (4294967296 bytes)
Klass Range:    [0x000000001f000000 - 0x000000005f000000), (1073741824 bytes)
Klass ID Range:  [520093696 - 1593835513) (1073741817)
No protection zone.


Internal statistics:

num_allocs_failed_limit: 6.
num_arena_births: 3228.
num_arena_deaths: 0.
num_vsnodes_births: 2.
num_vsnodes_deaths: 0.
num_space_committed: 1066.
num_space_uncommitted: 0.
num_chunks_returned_to_freelist: 6.
num_chunks_taken_from_freelist: 5939.
num_chunk_merges: 3.
num_chunk_splits: 3836.
num_chunks_enlarged: 2329.
num_inconsistent_stats: 0.

CodeHeap 'non-profiled nmethods': size=119168Kb used=2800Kb max_used=2800Kb free=116367Kb
 bounds [0x000002122d6e0000, 0x000002122d9a0000, 0x0000021234b40000]
CodeHeap 'profiled nmethods': size=119168Kb used=9814Kb max_used=9814Kb free=109354Kb
 bounds [0x0000021225b30000, 0x00000212264d0000, 0x000002122cf90000]
CodeHeap 'non-nmethods': size=7488Kb used=3224Kb max_used=3882Kb free=4263Kb
 bounds [0x000002122cf90000, 0x000002122d370000, 0x000002122d6e0000]
CodeCache: size=245824Kb, used=15838Kb, max_used=16496Kb, free=229984Kb
 total_blobs=7192, nmethods=6428, adapters=663, full_count=0
Compilation: enabled, stopped_count=0, restarted_count=0

Compilation events (20 events):
Event: 4.829 Thread 0x000002123f06cf70 nmethod 7272 0x000002122d985888 code [0x000002122d985980, 0x000002122d985a48]
Event: 4.829 Thread 0x000002123f06cf70 7273   !   4       org.gradle.internal.serialize.graph.codecs.BeanCodec::decode (861 bytes)
Event: 4.834 Thread 0x000002123f0622e0 nmethod 7251 0x000002122d985b88 code [0x000002122d985c80, 0x000002122d987490]
Event: 4.834 Thread 0x000002123f0622e0 7275       4       java.util.TimSort::binarySort (223 bytes)
Event: 4.836 Thread 0x000002123f0707e0 7276       3       org.gradle.internal.time.MonotonicClock::getCurrentTime (70 bytes)
Event: 4.836 Thread 0x000002123f06ffd0 7277       3       org.gradle.internal.time.MonotonicClock::syncIsDue (28 bytes)
Event: 4.836 Thread 0x000002123f06df90 7278       3       org.gradle.internal.time.MonotonicClock::advance (33 bytes)
Event: 4.836 Thread 0x000002123f06ffd0 nmethod 7277 0x00000212264a7b88 code [0x00000212264a7c80, 0x00000212264a7ec0]
Event: 4.836 Thread 0x000002123f0707e0 nmethod 7276 0x00000212264a7f08 code [0x00000212264a8000, 0x00000212264a8510]
Event: 4.837 Thread 0x000002123f06df90 nmethod 7278 0x00000212264a8588 code [0x00000212264a8680, 0x00000212264a89f0]
Event: 4.837 Thread 0x000002123f0622e0 nmethod 7275 0x000002122d987508 code [0x000002122d987600, 0x000002122d987fa8]
Event: 4.837 Thread 0x000002123f0622e0 7274       4       org.gradle.internal.serialize.graph.CombinatorsKt$reentrant$1$decodeLoop$1::invokeSuspend (123 bytes)
Event: 4.838 Thread 0x000002123f0622e0 nmethod 7274 0x000002122d988008 code [0x000002122d988100, 0x000002122d9883b0]
Event: 4.839 Thread 0x000002123f0622e0 7279       4       java.lang.invoke.LambdaFormEditor::bindArgumentType (101 bytes)
Event: 4.841 Thread 0x000002123f06e7a0 7281       3       java.util.TimSort::mergeCollapse (134 bytes)
Event: 4.841 Thread 0x000002123f0707e0 7282   !   3       jdk.proxy1.$Proxy72::annotationType (28 bytes)
Event: 4.841 Thread 0x000002123f06ffd0 7283       1       com.google.common.reflect.TypeToken::getType (5 bytes)
Event: 4.841 Thread 0x000002123f06e7a0 nmethod 7281 0x00000212264a8a08 code [0x00000212264a8b00, 0x00000212264a8fb0]
Event: 4.841 Thread 0x000002123f06ffd0 nmethod 7283 0x000002122d988408 code [0x000002122d988500, 0x000002122d9885c8]
Event: 4.841 Thread 0x000002123f0707e0 nmethod 7282 0x00000212264a9008 code [0x00000212264a9100, 0x00000212264a94b0]

GC Heap Usage History (20 events):
Event: 2.307 {heap Before GC invocations=4 (full 0):
 garbage-first heap   total reserved 2097152K, committed 89088K, used 61874K [0x0000000080000000, 0x0000000100000000)
  region size 1024K, 49 young (50176K), 11 survivors (11264K)
}
Event: 2.311 {heap After GC invocations=5 (full 0):
 garbage-first heap   total reserved 2097152K, committed 89088K, used 26751K [0x0000000080000000, 0x0000000100000000)
  region size 1024K, 6 young (6144K), 6 survivors (6144K)
}
Event: 2.366 {heap Before GC invocations=5 (full 0):
 garbage-first heap   total reserved 2097152K, committed 89088K, used 33919K [0x0000000080000000, 0x0000000100000000)
  region size 1024K, 14 young (14336K), 6 survivors (6144K)
}
Event: 2.369 {heap After GC invocations=6 (full 0):
 garbage-first heap   total reserved 2097152K, committed 89088K, used 27295K [0x0000000080000000, 0x0000000100000000)
  region size 1024K, 4 young (4096K), 4 survivors (4096K)
}
Event: 2.636 {heap Before GC invocations=7 (full 0):
 garbage-first heap   total reserved 2097152K, committed 89088K, used 70303K [0x0000000080000000, 0x0000000100000000)
  region size 1024K, 45 young (46080K), 4 survivors (4096K)
}
Event: 2.639 {heap After GC invocations=8 (full 0):
 garbage-first heap   total reserved 2097152K, committed 89088K, used 28951K [0x0000000080000000, 0x0000000100000000)
  region size 1024K, 5 young (5120K), 5 survivors (5120K)
}
Event: 3.129 {heap Before GC invocations=8 (full 0):
 garbage-first heap   total reserved 2097152K, committed 89088K, used 77079K [0x0000000080000000, 0x0000000100000000)
  region size 1024K, 47 young (48128K), 5 survivors (5120K)
}
Event: 3.133 {heap After GC invocations=9 (full 0):
 garbage-first heap   total reserved 2097152K, committed 89088K, used 38722K [0x0000000080000000, 0x0000000100000000)
  region size 1024K, 6 young (6144K), 6 survivors (6144K)
}
Event: 3.459 {heap Before GC invocations=9 (full 0):
 garbage-first heap   total reserved 2097152K, committed 89088K, used 78658K [0x0000000080000000, 0x0000000100000000)
  region size 1024K, 41 young (41984K), 6 survivors (6144K)
}
Event: 3.462 {heap After GC invocations=10 (full 0):
 garbage-first heap   total reserved 2097152K, committed 89088K, used 46827K [0x0000000080000000, 0x0000000100000000)
  region size 1024K, 4 young (4096K), 4 survivors (4096K)
}
Event: 3.628 {heap Before GC invocations=10 (full 0):
 garbage-first heap   total reserved 2097152K, committed 89088K, used 77547K [0x0000000080000000, 0x0000000100000000)
  region size 1024K, 34 young (34816K), 4 survivors (4096K)
}
Event: 3.631 {heap After GC invocations=11 (full 0):
 garbage-first heap   total reserved 2097152K, committed 89088K, used 48789K [0x0000000080000000, 0x0000000100000000)
  region size 1024K, 2 young (2048K), 2 survivors (2048K)
}
Event: 3.869 {heap Before GC invocations=12 (full 0):
 garbage-first heap   total reserved 2097152K, committed 89088K, used 78485K [0x0000000080000000, 0x0000000100000000)
  region size 1024K, 32 young (32768K), 2 survivors (2048K)
}
Event: 3.871 {heap After GC invocations=13 (full 0):
 garbage-first heap   total reserved 2097152K, committed 89088K, used 51359K [0x0000000080000000, 0x0000000100000000)
  region size 1024K, 4 young (4096K), 4 survivors (4096K)
}
Event: 4.114 {heap Before GC invocations=13 (full 0):
 garbage-first heap   total reserved 2097152K, committed 89088K, used 83103K [0x0000000080000000, 0x0000000100000000)
  region size 1024K, 32 young (32768K), 4 survivors (4096K)
}
Event: 4.117 {heap After GC invocations=14 (full 0):
 garbage-first heap   total reserved 2097152K, committed 93184K, used 57183K [0x0000000080000000, 0x0000000100000000)
  region size 1024K, 4 young (4096K), 4 survivors (4096K)
}
Event: 4.350 {heap Before GC invocations=14 (full 0):
 garbage-first heap   total reserved 2097152K, committed 93184K, used 83807K [0x0000000080000000, 0x0000000100000000)
  region size 1024K, 30 young (30720K), 4 survivors (4096K)
}
Event: 4.352 {heap After GC invocations=15 (full 0):
 garbage-first heap   total reserved 2097152K, committed 112640K, used 59252K [0x0000000080000000, 0x0000000100000000)
  region size 1024K, 2 young (2048K), 2 survivors (2048K)
}
Event: 4.745 {heap Before GC invocations=16 (full 0):
 garbage-first heap   total reserved 2097152K, committed 112640K, used 100212K [0x0000000080000000, 0x0000000100000000)
  region size 1024K, 42 young (43008K), 2 survivors (2048K)
}
Event: 4.747 {heap After GC invocations=17 (full 0):
 garbage-first heap   total reserved 2097152K, committed 112640K, used 61820K [0x0000000080000000, 0x0000000100000000)
  region size 1024K, 5 young (5120K), 5 survivors (5120K)
}

Metaspace Usage History (20 events):
Event: 2.307 {metaspace Before GC invocations=4 (full 0):
 Metaspace       used 34534K, committed 35136K, reserved 1114112K
  class space    used 4796K, committed 5056K, reserved 1048576K
}
Event: 2.311 {metaspace After GC invocations=5 (full 0):
 Metaspace       used 34534K, committed 35136K, reserved 1114112K
  class space    used 4796K, committed 5056K, reserved 1048576K
}
Event: 2.366 {metaspace Before GC invocations=5 (full 0):
 Metaspace       used 35327K, committed 35968K, reserved 1114112K
  class space    used 4953K, committed 5248K, reserved 1048576K
}
Event: 2.369 {metaspace After GC invocations=6 (full 0):
 Metaspace       used 35327K, committed 35968K, reserved 1114112K
  class space    used 4953K, committed 5248K, reserved 1048576K
}
Event: 2.636 {metaspace Before GC invocations=7 (full 0):
 Metaspace       used 41030K, committed 42176K, reserved 1114112K
  class space    used 5735K, committed 6272K, reserved 1048576K
}
Event: 2.639 {metaspace After GC invocations=8 (full 0):
 Metaspace       used 41030K, committed 42176K, reserved 1114112K
  class space    used 5735K, committed 6272K, reserved 1048576K
}
Event: 3.129 {metaspace Before GC invocations=8 (full 0):
 Metaspace       used 46548K, committed 47680K, reserved 1114112K
  class space    used 6488K, committed 6976K, reserved 1048576K
}
Event: 3.133 {metaspace After GC invocations=9 (full 0):
 Metaspace       used 46548K, committed 47680K, reserved 1114112K
  class space    used 6488K, committed 6976K, reserved 1048576K
}
Event: 3.459 {metaspace Before GC invocations=9 (full 0):
 Metaspace       used 50319K, committed 51584K, reserved 1114112K
  class space    used 7114K, committed 7680K, reserved 1048576K
}
Event: 3.462 {metaspace After GC invocations=10 (full 0):
 Metaspace       used 50319K, committed 51584K, reserved 1114112K
  class space    used 7114K, committed 7680K, reserved 1048576K
}
Event: 3.628 {metaspace Before GC invocations=10 (full 0):
 Metaspace       used 53267K, committed 54720K, reserved 1114112K
  class space    used 7654K, committed 8320K, reserved 1048576K
}
Event: 3.631 {metaspace After GC invocations=11 (full 0):
 Metaspace       used 53267K, committed 54720K, reserved 1114112K
  class space    used 7654K, committed 8320K, reserved 1048576K
}
Event: 3.869 {metaspace Before GC invocations=12 (full 0):
 Metaspace       used 57520K, committed 59072K, reserved 1114112K
  class space    used 8187K, committed 8896K, reserved 1048576K
}
Event: 3.871 {metaspace After GC invocations=13 (full 0):
 Metaspace       used 57520K, committed 59072K, reserved 1114112K
  class space    used 8187K, committed 8896K, reserved 1048576K
}
Event: 4.114 {metaspace Before GC invocations=13 (full 0):
 Metaspace       used 60835K, committed 62336K, reserved 1114112K
  class space    used 8616K, committed 9344K, reserved 1048576K
}
Event: 4.117 {metaspace After GC invocations=14 (full 0):
 Metaspace       used 60835K, committed 62336K, reserved 1114112K
  class space    used 8616K, committed 9344K, reserved 1048576K
}
Event: 4.350 {metaspace Before GC invocations=14 (full 0):
 Metaspace       used 62847K, committed 64384K, reserved 1114112K
  class space    used 8924K, committed 9664K, reserved 1048576K
}
Event: 4.352 {metaspace After GC invocations=15 (full 0):
 Metaspace       used 62847K, committed 64384K, reserved 1114112K
  class space    used 8924K, committed 9664K, reserved 1048576K
}
Event: 4.745 {metaspace Before GC invocations=16 (full 0):
 Metaspace       used 65485K, committed 67072K, reserved 1114112K
  class space    used 9353K, committed 10112K, reserved 1048576K
}
Event: 4.747 {metaspace After GC invocations=17 (full 0):
 Metaspace       used 65485K, committed 67072K, reserved 1114112K
  class space    used 9353K, committed 10112K, reserved 1048576K
}

Dll operation events (3 events):
Event: 0.009 Loaded shared library C:\Program Files\Android\Android Studio\jbr\bin\java.dll
Event: 0.014 Loaded shared library C:\Program Files\Android\Android Studio\jbr\bin\zip.dll
Event: 0.586 Loaded shared library C:\Program Files\Android\Android Studio\jbr\bin\verify.dll

Deoptimization events (20 events):
Event: 4.797 Thread 0x0000021241f1ed40 Uncommon trap: trap_request=0xffffffde fr.pc=0x000002122d7d2ea4 relative=0x00000000000009a4
Event: 4.797 Thread 0x0000021241f1ed40 Uncommon trap: reason=class_check action=maybe_recompile pc=0x000002122d7d2ea4 method=org.gradle.internal.serialize.graph.BeanPropertyExtensionsKt.readPropertyValue(Lorg/gradle/internal/serialize/graph/ReadContext;Lorg/gradle/internal/configuration/proble
Event: 4.797 Thread 0x0000021241f1ed40 DEOPT PACKING pc=0x000002122d7d2ea4 sp=0x000000af77df8060
Event: 4.797 Thread 0x0000021241f1ed40 DEOPT UNPACKING pc=0x000002122d0b7402 sp=0x000000af77df7fd0 mode 2
Event: 4.797 Thread 0x0000021241f1ed40 Uncommon trap: trap_request=0xffffffde fr.pc=0x000002122d7d2ea4 relative=0x00000000000009a4
Event: 4.797 Thread 0x0000021241f1ed40 Uncommon trap: reason=class_check action=maybe_recompile pc=0x000002122d7d2ea4 method=org.gradle.internal.serialize.graph.BeanPropertyExtensionsKt.readPropertyValue(Lorg/gradle/internal/serialize/graph/ReadContext;Lorg/gradle/internal/configuration/proble
Event: 4.797 Thread 0x0000021241f1ed40 DEOPT PACKING pc=0x000002122d7d2ea4 sp=0x000000af77df8060
Event: 4.797 Thread 0x0000021241f1ed40 DEOPT UNPACKING pc=0x000002122d0b7402 sp=0x000000af77df7fd0 mode 2
Event: 4.805 Thread 0x0000021241f1ed40 Uncommon trap: trap_request=0xffffff6e fr.pc=0x000002122d872308 relative=0x0000000000000088
Event: 4.805 Thread 0x0000021241f1ed40 Uncommon trap: reason=predicate action=maybe_recompile pc=0x000002122d872308 method=java.util.TimSort.binarySort([Ljava/lang/Object;IIILjava/util/Comparator;)V @ 34 c2
Event: 4.805 Thread 0x0000021241f1ed40 DEOPT PACKING pc=0x000002122d872308 sp=0x000000af77df6770
Event: 4.805 Thread 0x0000021241f1ed40 DEOPT UNPACKING pc=0x000002122d0b7402 sp=0x000000af77df6710 mode 2
Event: 4.840 Thread 0x0000021241f1ed40 Uncommon trap: trap_request=0xffffffd6 fr.pc=0x000002122d987a08 relative=0x0000000000000408
Event: 4.840 Thread 0x0000021241f1ed40 Uncommon trap: reason=array_check action=maybe_recompile pc=0x000002122d987a08 method=java.util.TimSort.binarySort([Ljava/lang/Object;IIILjava/util/Comparator;)V @ 215 c2
Event: 4.840 Thread 0x0000021241f1ed40 DEOPT PACKING pc=0x000002122d987a08 sp=0x000000af77df6ed0
Event: 4.840 Thread 0x0000021241f1ed40 DEOPT UNPACKING pc=0x000002122d0b7402 sp=0x000000af77df6e68 mode 2
Event: 4.841 Thread 0x0000021241f1ed40 Uncommon trap: trap_request=0xffffffd6 fr.pc=0x000002122d987a08 relative=0x0000000000000408
Event: 4.841 Thread 0x0000021241f1ed40 Uncommon trap: reason=array_check action=maybe_recompile pc=0x000002122d987a08 method=java.util.TimSort.binarySort([Ljava/lang/Object;IIILjava/util/Comparator;)V @ 215 c2
Event: 4.841 Thread 0x0000021241f1ed40 DEOPT PACKING pc=0x000002122d987a08 sp=0x000000af77df6ed0
Event: 4.841 Thread 0x0000021241f1ed40 DEOPT UNPACKING pc=0x000002122d0b7402 sp=0x000000af77df6e68 mode 2

Classes loaded (20 events):
Event: 4.427 Loading class jdk/xml/internal/JdkXmlFeatures
Event: 4.427 Loading class jdk/xml/internal/JdkXmlFeatures done
Event: 4.427 Loading class jdk/xml/internal/JdkXmlFeatures$XmlFeature
Event: 4.427 Loading class jdk/xml/internal/JdkXmlFeatures$XmlFeature done
Event: 4.427 Loading class jdk/xml/internal/JdkProperty$ImplPropMap
Event: 4.427 Loading class jdk/xml/internal/JdkProperty$ImplPropMap done
Event: 4.428 Loading class com/sun/org/apache/xpath/internal/jaxp/XPathFactoryImpl
Event: 4.428 Loading class com/sun/org/apache/xpath/internal/jaxp/XPathFactoryImpl done
Event: 4.428 Loading class javax/xml/parsers/DocumentBuilderFactory
Event: 4.428 Loading class javax/xml/parsers/DocumentBuilderFactory done
Event: 4.429 Loading class javax/xml/parsers/FactoryFinder
Event: 4.429 Loading class javax/xml/parsers/FactoryFinder done
Event: 4.429 Loading class com/sun/org/apache/xerces/internal/jaxp/DocumentBuilderFactoryImpl
Event: 4.429 Loading class com/sun/org/apache/xerces/internal/jaxp/DocumentBuilderFactoryImpl done
Event: 4.451 Loading class java/util/regex/Pattern$SliceI
Event: 4.451 Loading class java/util/regex/Pattern$SliceI done
Event: 4.475 Loading class java/util/EnumSet$SerializationProxy
Event: 4.475 Loading class java/util/EnumSet$SerializationProxy done
Event: 4.666 Loading class java/util/concurrent/locks/ReentrantReadWriteLock$FairSync
Event: 4.666 Loading class java/util/concurrent/locks/ReentrantReadWriteLock$FairSync done

Classes unloaded (0 events):
No events

Classes redefined (0 events):
No events

Internal exceptions (20 events):
Event: 4.775 Thread 0x0000021241f1ed40 Exception <a 'sun/nio/fs/WindowsException'{0x000000008b530a10}> (0x000000008b530a10) 
thrown [s\src\hotspot\share\prims\jni.cpp, line 535]
Event: 4.781 Thread 0x0000021241f1ed40 Exception <a 'sun/nio/fs/WindowsException'{0x000000008b5f2bc8}> (0x000000008b5f2bc8) 
thrown [s\src\hotspot\share\prims\jni.cpp, line 535]
Event: 4.793 Thread 0x0000021241f1ed40 Exception <a 'sun/nio/fs/WindowsException'{0x000000008b10bb80}> (0x000000008b10bb80) 
thrown [s\src\hotspot\share\prims\jni.cpp, line 535]
Event: 4.794 Thread 0x0000021241f1ed40 Exception <a 'sun/nio/fs/WindowsException'{0x000000008b119a60}> (0x000000008b119a60) 
thrown [s\src\hotspot\share\prims\jni.cpp, line 535]
Event: 4.794 Thread 0x0000021241f1ed40 Exception <a 'sun/nio/fs/WindowsException'{0x000000008b1271f8}> (0x000000008b1271f8) 
thrown [s\src\hotspot\share\prims\jni.cpp, line 535]
Event: 4.798 Thread 0x0000021241f1ed40 Exception <a 'sun/nio/fs/WindowsException'{0x000000008b1741c0}> (0x000000008b1741c0) 
thrown [s\src\hotspot\share\prims\jni.cpp, line 535]
Event: 4.799 Thread 0x0000021241f1ed40 Exception <a 'sun/nio/fs/WindowsException'{0x000000008b181dc8}> (0x000000008b181dc8) 
thrown [s\src\hotspot\share\prims\jni.cpp, line 535]
Event: 4.800 Thread 0x0000021241f1ed40 Exception <a 'sun/nio/fs/WindowsException'{0x000000008b192bb8}> (0x000000008b192bb8) 
thrown [s\src\hotspot\share\prims\jni.cpp, line 535]
Event: 4.800 Thread 0x0000021241f1ed40 Exception <a 'sun/nio/fs/WindowsException'{0x000000008b1b4368}> (0x000000008b1b4368) 
thrown [s\src\hotspot\share\prims\jni.cpp, line 535]
Event: 4.802 Thread 0x0000021241f1ed40 Exception <a 'sun/nio/fs/WindowsException'{0x000000008b1dbf70}> (0x000000008b1dbf70) 
thrown [s\src\hotspot\share\prims\jni.cpp, line 535]
Event: 4.804 Thread 0x0000021241f1ed40 Exception <a 'sun/nio/fs/WindowsException'{0x000000008b0563d8}> (0x000000008b0563d8) 
thrown [s\src\hotspot\share\prims\jni.cpp, line 535]
Event: 4.806 Thread 0x0000021241f1ed40 Exception <a 'sun/nio/fs/WindowsException'{0x000000008b099ca8}> (0x000000008b099ca8) 
thrown [s\src\hotspot\share\prims\jni.cpp, line 535]
Event: 4.806 Thread 0x0000021241f1ed40 Exception <a 'sun/nio/fs/WindowsException'{0x000000008b0a4f18}> (0x000000008b0a4f18) 
thrown [s\src\hotspot\share\prims\jni.cpp, line 535]
Event: 4.817 Thread 0x0000021241f1ed40 Exception <a 'sun/nio/fs/WindowsException'{0x000000008ae180f0}> (0x000000008ae180f0) 
thrown [s\src\hotspot\share\prims\jni.cpp, line 535]
Event: 4.822 Thread 0x0000021241f1ed40 Exception <a 'sun/nio/fs/WindowsException'{0x000000008aed1d20}> (0x000000008aed1d20) 
thrown [s\src\hotspot\share\prims\jni.cpp, line 535]
Event: 4.829 Thread 0x0000021241f1ed40 Exception <a 'sun/nio/fs/WindowsException'{0x000000008adeb610}> (0x000000008adeb610) 
thrown [s\src\hotspot\share\prims\jni.cpp, line 535]
Event: 4.835 Thread 0x0000021241f1ed40 Exception <a 'sun/nio/fs/WindowsException'{0x000000008acdbcd8}> (0x000000008acdbcd8) 
thrown [s\src\hotspot\share\prims\jni.cpp, line 535]
Event: 4.837 Thread 0x0000021241f1ed40 Exception <a 'sun/nio/fs/WindowsException'{0x000000008acf78d8}> (0x000000008acf78d8) 
thrown [s\src\hotspot\share\prims\jni.cpp, line 535]
Event: 4.842 Thread 0x0000021241f1ed40 Exception <a 'sun/nio/fs/WindowsException'{0x000000008abecea8}> (0x000000008abecea8) 
thrown [s\src\hotspot\share\prims\jni.cpp, line 535]
Event: 4.843 Thread 0x0000021241f1ed40 Exception <a 'sun/nio/fs/WindowsException'{0x000000008abfcb88}> (0x000000008abfcb88) 
thrown [s\src\hotspot\share\prims\jni.cpp, line 535]

VM Operations (20 events):
Event: 3.831 Executing non-safepoint VM operation: HandshakeAllThreads (Deoptimize)
Event: 3.831 Executing non-safepoint VM operation: HandshakeAllThreads (Deoptimize) done
Event: 3.869 Executing safepoint VM operation: G1CollectForAllocation (G1 Evacuation Pause)
Event: 3.871 Executing safepoint VM operation: G1CollectForAllocation (G1 Evacuation Pause) done
Event: 3.888 Executing non-safepoint VM operation: HandshakeAllThreads (Deoptimize)
Event: 3.888 Executing non-safepoint VM operation: HandshakeAllThreads (Deoptimize) done
Event: 4.079 Executing non-safepoint VM operation: HandshakeAllThreads (Deoptimize)
Event: 4.079 Executing non-safepoint VM operation: HandshakeAllThreads (Deoptimize) done
Event: 4.082 Executing non-safepoint VM operation: HandshakeAllThreads (Deoptimize)
Event: 4.082 Executing non-safepoint VM operation: HandshakeAllThreads (Deoptimize) done
Event: 4.114 Executing safepoint VM operation: G1CollectForAllocation (G1 Evacuation Pause)
Event: 4.117 Executing safepoint VM operation: G1CollectForAllocation (G1 Evacuation Pause) done
Event: 4.350 Executing safepoint VM operation: G1CollectForAllocation (G1 Evacuation Pause)
Event: 4.352 Executing safepoint VM operation: G1CollectForAllocation (G1 Evacuation Pause) done
Event: 4.370 Executing safepoint VM operation: G1PauseRemark
Event: 4.373 Executing safepoint VM operation: G1PauseRemark done
Event: 4.381 Executing safepoint VM operation: G1PauseCleanup
Event: 4.381 Executing safepoint VM operation: G1PauseCleanup done
Event: 4.745 Executing safepoint VM operation: G1CollectForAllocation (G1 Evacuation Pause)
Event: 4.747 Executing safepoint VM operation: G1CollectForAllocation (G1 Evacuation Pause) done

Memory protections (0 events):
No events

Nmethod flushes (20 events):
Event: 4.372 Thread 0x0000021237f9cfd0 flushing  nmethod 0x0000021225c8ba88
Event: 4.372 Thread 0x0000021237f9cfd0 flushing  nmethod 0x0000021225c8c088
Event: 4.372 Thread 0x0000021237f9cfd0 flushing  nmethod 0x0000021225c8cb08
Event: 4.372 Thread 0x0000021237f9cfd0 flushing  nmethod 0x0000021225c8d588
Event: 4.372 Thread 0x0000021237f9cfd0 flushing  nmethod 0x0000021225c8de88
Event: 4.372 Thread 0x0000021237f9cfd0 flushing  nmethod 0x0000021225c8fe08
Event: 4.372 Thread 0x0000021237f9cfd0 flushing  nmethod 0x0000021225cbf208
Event: 4.372 Thread 0x0000021237f9cfd0 flushing  nmethod 0x0000021225cbf888
Event: 4.372 Thread 0x0000021237f9cfd0 flushing  nmethod 0x0000021225cc6e88
Event: 4.372 Thread 0x0000021237f9cfd0 flushing  nmethod 0x0000021225d3d908
Event: 4.372 Thread 0x0000021237f9cfd0 flushing  nmethod 0x0000021225e13d88
Event: 4.372 Thread 0x0000021237f9cfd0 flushing  nmethod 0x0000021225e16508
Event: 4.372 Thread 0x0000021237f9cfd0 flushing  nmethod 0x0000021225e50788
Event: 4.372 Thread 0x0000021237f9cfd0 flushing  nmethod 0x0000021225ea9a88
Event: 4.372 Thread 0x0000021237f9cfd0 flushing  nmethod 0x0000021225eac408
Event: 4.372 Thread 0x0000021237f9cfd0 flushing  nmethod 0x0000021225edd108
Event: 4.372 Thread 0x0000021237f9cfd0 flushing  nmethod 0x0000021225f35108
Event: 4.372 Thread 0x0000021237f9cfd0 flushing  nmethod 0x0000021226068488
Event: 4.372 Thread 0x0000021237f9cfd0 flushing  nmethod 0x000002122616fb08
Event: 4.372 Thread 0x0000021237f9cfd0 flushing  nmethod 0x00000212261e6288

Events (20 events):
Event: 1.811 Thread 0x0000021241f1ed40 Thread added: 0x0000021241f23390
Event: 1.846 Thread 0x0000021241f1ed40 Thread added: 0x0000021241f21450
Event: 2.336 Thread 0x0000021241f1ed40 Thread added: 0x00000212420d7220
Event: 2.354 Thread 0x0000021241f1ed40 Thread added: 0x00000212420d9930
Event: 2.438 Thread 0x0000021241f1ed40 Thread added: 0x00000212420db0a0
Event: 2.553 Thread 0x000002123f072820 Thread exited: 0x000002123f072820
Event: 2.599 Thread 0x0000021241f1ed40 Thread added: 0x00000212420da8d0
Event: 3.296 Thread 0x0000021241f1ed40 Thread added: 0x00000212420dc040
Event: 3.299 Thread 0x0000021241f1ed40 Thread added: 0x00000212420dd7b0
Event: 3.316 Thread 0x0000021241f1ed40 Thread added: 0x000002123f02ec20
Event: 3.320 Thread 0x000002123f02ec20 Thread exited: 0x000002123f02ec20
Event: 3.501 Thread 0x0000021241f1ed40 Thread added: 0x00000212453a4fb0
Event: 3.524 Thread 0x0000021241f1ed40 Thread added: 0x00000212453a5780
Event: 3.801 Thread 0x0000021241f1ed40 Thread added: 0x0000021244f84ea0
Event: 3.843 Thread 0x0000021241f1ed40 Thread added: 0x0000021244f86610
Event: 3.863 Thread 0x0000021241f1ed40 Thread added: 0x0000021244f83730
Event: 4.044 Thread 0x0000021241f1ed40 Thread added: 0x0000021244f85e40
Event: 4.054 Thread 0x0000021241f1ed40 Thread added: 0x0000021244f87d80
Event: 4.096 Thread 0x0000021244f84ea0 Thread exited: 0x0000021244f84ea0
Event: 4.459 Thread 0x0000021241f1ed40 Thread added: 0x0000021244f84ea0


Dynamic libraries:
0x00007ff6d2c20000 - 0x00007ff6d2c2a000 	C:\Program Files\Android\Android Studio\jbr\bin\java.exe
0x00007fffec2a0000 - 0x00007fffec506000 	C:\Windows\SYSTEM32\ntdll.dll
0x00007fffea0f0000 - 0x00007fffea1b9000 	C:\Windows\System32\KERNEL32.DLL
0x00007fffe94b0000 - 0x00007fffe98af000 	C:\Windows\System32\KERNELBASE.dll
0x00007fffe9dc0000 - 0x00007fffe9f0c000 	C:\Windows\System32\ucrtbase.dll
0x00007fffe3ba0000 - 0x00007fffe3bbb000 	C:\Program Files\Android\Android Studio\jbr\bin\VCRUNTIME140.dll
0x00007fffe5d60000 - 0x00007fffe5d76000 	C:\Program Files\Android\Android Studio\jbr\bin\jli.dll
0x00007fffec090000 - 0x00007fffec256000 	C:\Windows\System32\USER32.dll
0x00007fffe9cd0000 - 0x00007fffe9cf7000 	C:\Windows\System32\win32u.dll
0x00007fffc2c30000 - 0x00007fffc2ec1000 	C:\Windows\WinSxS\amd64_microsoft.windows.common-controls_6595b64144ccf1df_6.0.26100.8972_none_3e0da176e32f9d4b\COMCTL32.dll
0x00007fffea6b0000 - 0x00007fffea6db000 	C:\Windows\System32\GDI32.dll
0x00007fffeb660000 - 0x00007fffeb709000 	C:\Windows\System32\msvcrt.dll
0x00007fffe98c0000 - 0x00007fffe99e9000 	C:\Windows\System32\gdi32full.dll
0x00007fffe9f20000 - 0x00007fffe9fc3000 	C:\Windows\System32\msvcp_win.dll
0x00007fffeb620000 - 0x00007fffeb652000 	C:\Windows\System32\IMM32.DLL
0x00007fffe3b10000 - 0x00007fffe3b1c000 	C:\Program Files\Android\Android Studio\jbr\bin\vcruntime140_1.dll
0x00007fffd24c0000 - 0x00007fffd254d000 	C:\Program Files\Android\Android Studio\jbr\bin\msvcp140.dll
0x00007fffd08a0000 - 0x00007fffd177d000 	C:\Program Files\Android\Android Studio\jbr\bin\server\jvm.dll
0x00007fffebfc0000 - 0x00007fffec07c000 	C:\Windows\System32\ADVAPI32.dll
0x00007fffea040000 - 0x00007fffea0ea000 	C:\Windows\System32\sechost.dll
0x00007fffeb810000 - 0x00007fffeb928000 	C:\Windows\System32\RPCRT4.dll
0x00007fffeb210000 - 0x00007fffeb292000 	C:\Windows\System32\WS2_32.dll
0x00007fffe9310000 - 0x00007fffe936e000 	C:\Windows\SYSTEM32\POWRPROF.dll
0x00007fffd4480000 - 0x00007fffd44b6000 	C:\Windows\SYSTEM32\WINMM.dll
0x00007fffe2340000 - 0x00007fffe234b000 	C:\Windows\SYSTEM32\VERSION.dll
0x00007fffe92f0000 - 0x00007fffe9305000 	C:\Windows\SYSTEM32\UMPDC.dll
0x00007fffe81a0000 - 0x00007fffe81bb000 	C:\Windows\SYSTEM32\kernel.appcore.dll
0x00007fffe3b00000 - 0x00007fffe3b0a000 	C:\Program Files\Android\Android Studio\jbr\bin\jimage.dll
0x00007fffe6a60000 - 0x00007fffe6ca2000 	C:\Windows\SYSTEM32\DBGHELP.DLL
0x00007fffebc30000 - 0x00007fffebfb5000 	C:\Windows\System32\combase.dll
0x00007fffeb030000 - 0x00007fffeb109000 	C:\Windows\System32\OLEAUT32.dll
0x00007fffd6800000 - 0x00007fffd683b000 	C:\Windows\SYSTEM32\dbgcore.DLL
0x00007fffe9c10000 - 0x00007fffe9cbc000 	C:\Windows\System32\bcryptPrimitives.dll
0x00007fffd27a0000 - 0x00007fffd27ae000 	C:\Program Files\Android\Android Studio\jbr\bin\instrument.dll
0x00007fffd2780000 - 0x00007fffd279e000 	C:\Program Files\Android\Android Studio\jbr\bin\java.dll
0x00007fffeb480000 - 0x00007fffeb619000 	C:\Windows\System32\ole32.dll
0x00007fffea6e0000 - 0x00007fffeae68000 	C:\Windows\System32\SHELL32.dll
0x00007fffd2760000 - 0x00007fffd2776000 	C:\Program Files\Android\Android Studio\jbr\bin\zip.dll
0x00007fffe6f80000 - 0x00007fffe781b000 	C:\Windows\SYSTEM32\windows.storage.dll
0x00007fffeb110000 - 0x00007fffeb209000 	C:\Windows\System32\SHCORE.dll
0x00007fffeafb0000 - 0x00007fffeb016000 	C:\Windows\System32\shlwapi.dll
0x00007fffe93d0000 - 0x00007fffe93f9000 	C:\Windows\SYSTEM32\profapi.dll
0x00007fffd2750000 - 0x00007fffd2760000 	C:\Program Files\Android\Android Studio\jbr\bin\net.dll
0x00007fffe8750000 - 0x00007fffe87bc000 	C:\Windows\system32\mswsock.dll
0x00007fffd2730000 - 0x00007fffd2746000 	C:\Program Files\Android\Android Studio\jbr\bin\nio.dll
0x00007fffd2270000 - 0x00007fffd2280000 	C:\Program Files\Android\Android Studio\jbr\bin\verify.dll
0x00007fffd2240000 - 0x00007fffd2267000 	C:\Users\ABDUL\.gradle\native\660c5614fbf4a5f2a75b1949f50a0caf5cd603558e7d8a26e50b933a0cfb79d1\windows-amd64\native-platform.dll
0x00007fff9aad0000 - 0x00007fff9ab47000 	C:\Users\ABDUL\.gradle\native\0.2.8\x86_64-windows-gnu\gradle-fileevents.dll
0x00007fffd22c0000 - 0x00007fffd22c9000 	C:\Program Files\Android\Android Studio\jbr\bin\management.dll
0x00007fffd22b0000 - 0x00007fffd22bb000 	C:\Program Files\Android\Android Studio\jbr\bin\management_ext.dll
0x00007fffeb930000 - 0x00007fffeb938000 	C:\Windows\System32\PSAPI.DLL
0x00007fffe7b50000 - 0x00007fffe7b83000 	C:\Windows\SYSTEM32\IPHLPAPI.DLL
0x00007fffeb020000 - 0x00007fffeb02a000 	C:\Windows\System32\NSI.dll
0x00007fffd2320000 - 0x00007fffd2329000 	C:\Program Files\Android\Android Studio\jbr\bin\extnet.dll
0x00007fffe8a60000 - 0x00007fffe8a7b000 	C:\Windows\SYSTEM32\CRYPTSP.dll
0x00007fffe8100000 - 0x00007fffe8139000 	C:\Windows\system32\rsaenh.dll
0x00007fffe8800000 - 0x00007fffe8832000 	C:\Windows\SYSTEM32\USERENV.dll
0x00007fffe93a0000 - 0x00007fffe93ca000 	C:\Windows\SYSTEM32\bcrypt.dll
0x00007fffe8a40000 - 0x00007fffe8a4c000 	C:\Windows\SYSTEM32\CRYPTBASE.dll
0x00007fff1efb0000 - 0x00007fff1efb8000 	C:\Windows\system32\wshunix.dll

JVMTI agents:
C:\Users\ABDUL\.gradle\wrapper\dists\gradle-9.6.0-bin\42k10rwplmzkhuboz9kdazi7s\gradle-9.6.0\lib\agents\gradle-instrumentation-agent-9.6.0.jar path:C:\Program Files\Android\Android Studio\jbr\bin\instrument.dll, loaded, initialized, instrumentlib options:none

dbghelp: loaded successfully - version: 4.0.5 - missing functions: none
symbol engine: initialized successfully - sym options: 0x614 - pdb path: .;C:\Program Files\Android\Android Studio\jbr\bin;C:\Windows\SYSTEM32;C:\Windows\WinSxS\amd64_microsoft.windows.common-controls_6595b64144ccf1df_6.0.26100.8972_none_3e0da176e32f9d4b;C:\Program Files\Android\Android Studio\jbr\bin\server;C:\Users\ABDUL\.gradle\native\660c5614fbf4a5f2a75b1949f50a0caf5cd603558e7d8a26e50b933a0cfb79d1\windows-amd64;C:\Users\ABDUL\.gradle\native\0.2.8\x86_64-windows-gnu

VM Arguments:
jvm_args: --add-opens=java.base/java.lang=ALL-UNNAMED --add-opens=java.base/java.lang.invoke=ALL-UNNAMED --add-opens=java.base/java.util=ALL-UNNAMED --add-opens=java.prefs/java.util.prefs=ALL-UNNAMED --add-exports=jdk.compiler/com.sun.tools.javac.api=ALL-UNNAMED --add-exports=jdk.compiler/com.sun.tools.javac.util=ALL-UNNAMED --add-opens=java.base/java.nio.charset=ALL-UNNAMED --add-opens=java.base/java.net=ALL-UNNAMED --add-opens=java.base/java.util.concurrent=ALL-UNNAMED --add-opens=java.base/java.util.concurrent.atomic=ALL-UNNAMED --add-opens=java.xml/javax.xml.namespace=ALL-UNNAMED --add-opens=java.base/java.time=ALL-UNNAMED --enable-native-access=ALL-UNNAMED -Xmx2048m -Dfile.encoding=UTF-8 -Duser.country=BO -Duser.language=es -Duser.variant -javaagent:C:\Users\ABDUL\.gradle\wrapper\dists\gradle-9.6.0-bin\42k10rwplmzkhuboz9kdazi7s\gradle-9.6.0\lib\agents\gradle-instrumentation-agent-9.6.0.jar 
java_command: org.gradle.launcher.daemon.bootstrap.GradleDaemon 9.6.0
java_class_path (initial): C:\Users\ABDUL\.gradle\wrapper\dists\gradle-9.6.0-bin\42k10rwplmzkhuboz9kdazi7s\gradle-9.6.0\lib\gradle-daemon-main-9.6.0.jar
Launcher Type: SUN_STANDARD

[Global flags]
     intx CICompilerCount                          = 12                                        {product} {ergonomic}
     uint ConcGCThreads                            = 3                                         {product} {ergonomic}
     uint G1ConcRefinementThreads                  = 13                                        {product} {ergonomic}
   size_t G1HeapRegionSize                         = 1048576                                   {product} {ergonomic}
   size_t InitialHeapSize                          = 264241152                                 {product} {ergonomic}
   size_t MarkStackSize                            = 4194304                                   {product} {ergonomic}
   size_t MarkStackSizeMax                         = 536870912                                 {product} {ergonomic}
   size_t MaxHeapSize                              = 2147483648                                {product} {command line}
   size_t MaxNewSize                               = 1287651328                                {product} {ergonomic}
   size_t MinHeapDeltaBytes                        = 1048576                                   {product} {ergonomic}
   size_t MinHeapSize                              = 8388608                                   {product} {ergonomic}
    uintx NonNMethodCodeHeapSize                   = 7667712                                {pd product} {ergonomic}
    uintx NonProfiledCodeHeapSize                  = 122028032                              {pd product} {ergonomic}
    uintx ProfiledCodeHeapSize                     = 122028032                              {pd product} {ergonomic}
    uintx ReservedCodeCacheSize                    = 251723776                              {pd product} {ergonomic}
     bool SegmentedCodeCache                       = true                                      {product} {ergonomic}
   size_t SoftMaxHeapSize                          = 2147483648                             {manageable} {ergonomic}
     bool UseCompressedOops                        = true                           {product lp64_product} {ergonomic}
     bool UseG1GC                                  = true                                      {product} {ergonomic}
     bool UseLargePagesIndividualAllocation        = false                                  {pd product} {ergonomic}

Logging:
Log output configuration:
 #0: stdout all=warning uptime,level,tags foldmultilines=false
 #1: stderr all=off uptime,level,tags foldmultilines=false

Release file:
JAVA_VERSION="25.0.3" 
MODULES="java.base java.compiler java.datatransfer java.xml java.prefs java.desktop java.instrument java.logging java.management java.security.sasl java.naming java.rmi java.management.rmi java.net.http java.scripting java.security.jgss java.transaction.xa java.sql java.sql.rowset java.xml.crypto java.se java.smartcardio jdk.accessibility jdk.internal.jvmstat jdk.attach jdk.charsets jdk.internal.opt jdk.zipfs jdk.compiler jdk.crypto.cryptoki jdk.crypto.ec jdk.dynalink jdk.hotspot.agent jdk.httpserver jdk.internal.ed jdk.internal.le jdk.internal.md jdk.internal.vm.ci jdk.jartool jdk.javadoc jdk.jcmd jdk.jdeps jdk.jdwp.agent jdk.jdi jdk.jfr jdk.jlink jdk.localedata jdk.management jdk.management.agent jdk.management.jfr jdk.naming.dns jdk.naming.rmi jdk.net jdk.sctp jdk.security.auth jdk.security.jgss jdk.unsupported jdk.unsupported.desktop jdk.xml.dom" 
IMPLEMENTOR="JetBrains s.r.o." 
JAVA_RUNTIME_VERSION="25.0.3+-15898627-b508.16" 
LIBC="default" 
OS_ARCH="x86_64" 
OS_NAME="Windows" 
SOURCE=".:git:a8b1dba3234f" 

Environment Variables:
PATH=C:\Program Files (x86)\Razer Chroma SDK\bin;C:\Program Files\Razer Chroma SDK\bin;C:\ProgramData\Oracle\Java\javapath;C:\Windows\system32;C:\Windows;C:\Windows\System32\Wbem;C:\Windows\System32\WindowsPowerShell\v1.0\;C:\Windows\System32\OpenSSH\;C:\Program Files (x86)\NVIDIA Corporation\PhysX\Common;C:\WINDOWS\system32;C:\WINDOWS;C:\WINDOWS\System32\Wbem;C:\WINDOWS\System32\WindowsPowerShell\v1.0\;C:\WINDOWS\System32\OpenSSH\;C:\WINDOWS\system32\config\systemprofile\AppData\Local\Microsoft\WindowsApps;C:\Program Files (x86)\Razer\ChromaBroadcast\bin;C:\Program Files\Razer\ChromaBroadcast\bin;C:\Users\ABDUL\AppData\Local\Microsoft\WindowsApps;C:\Program Files\NVIDIA Corporation\NVIDIA app\NvDLISR;C:\Windows\system32;C:\Windows;C:\Windows\System32\Wbem;C:\Windows\System32\WindowsPowerShell\v1.0\;C:\Windows\System32\OpenSSH\;C:\Program Files\Wolfram Research\WolframScript\;C:\msys64\ucrt64\bin;C:\Program Files\Git\cmd;C:\Users\ABDUL\AppData\Local\Microsoft\WindowsApps;C:\Users\ABDUL\AppData\Local\Programs\Microsoft VS Code\bin;C:\Users\ABDUL\AppData\Local\Coursier\data\bin;C:\Users\ABDUL\AppData\Local\spicetify
USERNAME=ABDUL
OS=Windows_NT
PROCESSOR_IDENTIFIER=Intel64 Family 6 Model 141 Stepping 1, GenuineIntel
TMP=C:\Users\ABDUL\AppData\Local\Temp
TEMP=C:\Users\ABDUL\AppData\Local\Temp




Compilation memory statistics disabled.

Periodic native trim disabled

JNI global refs:
JNI global refs: 32, weak refs: 1

JNI global refs memory usage: 835, weak refs: 833

Process memory usage:
Resident Set Size: 311360K (1% of 16471556K total physical memory with 1312160K free physical memory)

OOME stack traces (most recent first):
Classloader memory used:
Loader org.gradle.internal.classloader.VisitableURLClassLoader                         : 29018 K
Loader bootstrap                                                                       : 22968 K
Loader org.gradle.initialization.MixInLegacyTypesClassLoader                           : 8796 K
Loader org.gradle.internal.classloader.VisitableURLClassLoader$InstrumentingVisitableURLClassLoader: 5562 K
Loader jdk.internal.loader.ClassLoaders$AppClassLoader                                 : 188 K
Loader jdk.internal.loader.ClassLoaders$PlatformClassLoader                            : 157 K

Classes loaded by more than one classloader:
Class org.gradle.internal.classloader.FilteringClassLoader                            : loaded 2 times (x 106B)
Class org.gradle.internal.classloader.ClassLoaderHierarchy                            : loaded 2 times (x 72B)
Class com.google.common.collect.AbstractMapBasedMultimap$WrappedCollection            : loaded 2 times (x 126B)
Class org.gradle.internal.classloader.DefaultClassLoaderFactory                       : loaded 2 times (x 84B)
Class com.google.common.collect.ImmutableEnumMap                                      : loaded 2 times (x 128B)
Class com.google.common.collect.ListMultimap                                          : loaded 2 times (x 72B)
Class org.gradle.api.internal.DefaultClassPathProvider                                : loaded 2 times (x 78B)
Class [Lorg.gradle.api.internal.ClassPathProvider;                                    : loaded 2 times (x 71B)
Class org.gradle.api.internal.ClassPathProvider                                       : loaded 2 times (x 72B)
Class org.gradle.internal.service.UnknownServiceException                             : loaded 2 times (x 85B)
Class com.google.common.collect.MapDifference                                         : loaded 2 times (x 72B)
Class org.gradle.internal.classpath.TransformedClassPath                              : loaded 2 times (x 98B)
Class org.gradle.internal.classloader.InstrumentingClassLoader                        : loaded 2 times (x 72B)
Class com.google.common.collect.ImmutableCollection$Builder                           : loaded 2 times (x 78B)
Class com.google.common.collect.UnmodifiableIterator                                  : loaded 2 times (x 82B)
Class org.gradle.internal.service.ServiceLocator                                      : loaded 2 times (x 72B)
Class com.google.common.collect.AbstractMapEntry                                      : loaded 2 times (x 83B)
Class com.google.common.collect.AbstractMultimap                                      : loaded 2 times (x 125B)
Class com.google.common.collect.RegularImmutableAsList                                : loaded 2 times (x 219B)
Class com.google.common.collect.BiMap                                                 : loaded 2 times (x 72B)
Class org.gradle.api.internal.classpath.DefaultModuleRegistry$DefaultModule           : loaded 2 times (x 84B)
Class com.google.common.collect.ArrayListMultimapGwtSerializationDependencies         : loaded 2 times (x 173B)
Class com.google.common.collect.Multiset                                              : loaded 2 times (x 72B)
Class org.gradle.api.internal.classpath.Module                                        : loaded 2 times (x 72B)
Class org.gradle.api.internal.classpath.UnknownModuleException                        : loaded 2 times (x 84B)
Class org.gradle.api.internal.DefaultClassPathRegistry                                : loaded 2 times (x 78B)
Class com.google.common.collect.Multimap                                              : loaded 2 times (x 72B)
Class org.gradle.internal.classpath.DefaultClassPath$ImmutableUniqueList              : loaded 2 times (x 201B)
Class org.gradle.api.internal.ClassPathRegistry                                       : loaded 2 times (x 72B)
Class org.gradle.internal.classpath.ClassPath                                         : loaded 2 times (x 72B)
Class org.gradle.api.internal.classpath.DefaultModuleRegistry$DefaultModuleAlias      : loaded 2 times (x 82B)
Class com.google.common.collect.ImmutableMap$IteratorBasedImmutableMap                : loaded 2 times (x 128B)
Class com.google.common.collect.SingletonImmutableSet                                 : loaded 2 times (x 148B)
Class com.google.common.collect.AbstractListMultimap                                  : loaded 2 times (x 173B)
Class org.gradle.api.internal.classpath.ModuleRegistry                                : loaded 2 times (x 72B)
Class org.gradle.internal.installation.GradleInstallation$1                           : loaded 2 times (x 77B)
Class com.google.common.collect.ImmutableCollection                                   : loaded 2 times (x 127B)
Class org.gradle.api.internal.classpath.DefaultModuleRegistry                         : loaded 2 times (x 86B)
Class com.google.common.base.Converter                                                : loaded 2 times (x 92B)
Class com.google.common.collect.ImmutableSet$CachingAsList                            : loaded 2 times (x 150B)
Class com.google.common.collect.AbstractMapBasedMultimap                              : loaded 2 times (x 140B)
Class com.google.common.collect.ImmutableAsList                                       : loaded 2 times (x 211B)
Class org.gradle.internal.service.ServiceLookupException                              : loaded 2 times (x 84B)
Class org.gradle.internal.classloader.ClassLoaderFactory                              : loaded 2 times (x 72B)
Class org.gradle.internal.service.CachingServiceLocator                               : loaded 2 times (x 84B)
Class com.google.common.base.Function                                                 : loaded 2 times (x 72B)
Class org.gradle.internal.classloader.ClasspathUtil                                   : loaded 2 times (x 73B)
Class com.google.common.collect.Maps                                                  : loaded 2 times (x 73B)
Class org.gradle.api.specs.Spec                                                       : loaded 2 times (x 72B)
Class com.google.common.collect.Maps$8                                                : loaded 2 times (x 84B)
Class org.gradle.internal.classloader.VisitableURLClassLoader$InstrumentingVisitableURLClassLoader: loaded 2 times (x 124B)
Class org.gradle.internal.classloader.VisitableURLClassLoader$Spec                    : loaded 2 times (x 76B)
Class org.gradle.internal.classpath.DefaultClassPath                                  : loaded 2 times (x 92B)
Class com.google.common.collect.ImmutableSet                                          : loaded 2 times (x 147B)
Class org.gradle.internal.classloader.ClassLoaderSpec                                 : loaded 2 times (x 73B)
Class org.gradle.api.internal.classpath.Module$ModuleAlias                            : loaded 2 times (x 72B)
Class org.gradle.internal.classloader.VisitableURLClassLoader                         : loaded 2 times (x 118B)
Class org.gradle.internal.Cast                                                        : loaded 2 times (x 73B)
Class org.gradle.api.Action                                                           : loaded 2 times (x 72B)
Class com.google.common.collect.ImmutableMap                                          : loaded 2 times (x 122B)
Class org.gradle.internal.classpath.DefaultClassPath$ImmutableUniqueList$Builder      : loaded 2 times (x 77B)
Class com.google.common.collect.ArrayListMultimap                                     : loaded 2 times (x 173B)
Class org.gradle.api.GradleException                                                  : loaded 2 times (x 84B)
Class com.google.common.collect.SortedMapDifference                                   : loaded 2 times (x 72B)
Class org.gradle.internal.IoActions                                                   : loaded 2 times (x 73B)
Class com.google.common.collect.ImmutableSet$RegularSetBuilderImpl                    : loaded 2 times (x 78B)
Class com.google.common.base.Preconditions                                            : loaded 2 times (x 73B)
Class com.google.common.collect.Maps$BiMapConverter                                   : loaded 2 times (x 92B)
Class com.google.common.collect.ImmutableSet$Builder                                  : loaded 2 times (x 87B)
Class org.gradle.internal.installation.CurrentGradleInstallationLocator               : loaded 2 times (x 73B)
Class com.google.common.collect.ImmutableList                                         : loaded 2 times (x 208B)
Class org.gradle.internal.service.DefaultServiceLocator                               : loaded 2 times (x 85B)
Class com.google.common.collect.ImmutableSet$SetBuilderImpl                           : loaded 2 times (x 78B)
Class org.gradle.internal.installation.CurrentGradleInstallation                      : loaded 2 times (x 75B)
Class org.gradle.util.internal.GUtil                                                  : loaded 2 times (x 73B)
Class com.google.common.collect.RegularImmutableSet                                   : loaded 2 times (x 150B)
Class org.gradle.internal.installation.GradleInstallation                             : loaded 2 times (x 77B)

---------------  S Y S T E M  ---------------

OS:
 Windows 11 , 64 bit Build 26100 (10.0.26100.9168)
OS uptime: 0 days 9:52 hours
Hyper-V role detected

CPU: total 16 (initial active 16) (8 cores per cpu, 2 threads per core) family 6 model 141 stepping 1 microcode 0x26, cx8, cmov, fxsr, ht, mmx, 3dnowpref, sse, sse2, sse3, ssse3, sse4.1, sse4.2, popcnt, lzcnt, tsc, tscinvbit, avx, avx2, aes, erms, clmul, bmi1, bmi2, adx, avx512f, avx512dq, avx512cd, avx512bw, avx512vl, sha, fma, vzeroupper, avx512_vpopcntdq, avx512_vpclmulqdq, avx512_vaes, avx512_vnni, clflush, clflushopt, clwb, avx512_vbmi2, avx512_vbmi, hv, rdtscp, rdpid, fsrm, gfni, avx512_bitalg, f16c, cet_ibt, cet_ss, avx512_ifma
Processor Information for the first 16 processors :
  Max Mhz: 2304, Current Mhz: 2304, Mhz Limit: 2304

Memory: 4k page, system-wide physical 16085M (1280M free)
TotalPageFile size 16085M (AvailPageFile size 21M)
current process WorkingSet (physical memory assigned to process): 313M, peak: 321M
current process commit charge ("private bytes"): 363M, peak: 414M

vm_info: OpenJDK 64-Bit Server VM (25.0.3+-15898627-b508.16) for windows-amd64 JRE (25.0.3+-15898627-b508.16), built on 2026-07-20T17:54:23Z with MS VC++ 16.10 / 16.11 (VS2019)

END.
